ML/data/halfyear.csv
id,date,city,lat,long,pop,shop,brand,container,capacity,price,quantity
540,31/07/12,Athens,37.97945,23.71622,672130,shop_1,kinder-cola,glass,500ml,1.16,21950
630,31/08/12,Athens,37.97945,23.71622,672130,shop_1,kinder-cola,glass,500ml,1.39,14036
720,30/09/12,Athens,37.97945,23.71622,672130,shop_1,kinder-cola,glass,500ml,1.27,11417
810,31/10/12,Athens,37.97945,23.71622,672130,shop_1,kinder-cola,glass,500ml,1.39,9719
900,30/11/12,Athens,37.97945,23.71622,672130,shop_1,kinder-cola,glass,500ml,0.95,15536
990,31/12/12,Athens,37.97945,23.71622,672130,shop_1,kinder-cola,glass,500ml,1.56,9223
1706,31/07/13,Athens,37.97945,23.71622,671022,shop_1,kinder-cola,glass,500ml,1.29,19667
1710,31/08/13,Athens,37.97945,23.71622,671022,shop_1,kinder-cola,glass,500ml,1.14,19391
1800,30/09/13,Athens,37.97945,23.71622,671022,shop_1,kinder-cola,glass,500ml,1.11,13952
1890,31/10/13,Athens,37.97945,23.71622,671022,shop_1,kinder-cola,glass,500ml,1.14,13559
2069,30/11/13,Athens,37.97945,23.71622,671022,shop_1,kinder-cola,glass,500ml,0.71,19041
2070,31/12/13,Athens,37.97945,23.71622,671022,shop_1,kinder-cola,glass,500ml,1.13,16837
2700,31/07/14,Athens,37.97945,23.71622,668203,shop_1,kinder-cola,glass,500ml,1.18,22839
2864,31/08/14,Athens,37.97945,23.71622,668203,shop_1,kinder-cola,glass,500ml,1.07,21137
2880,30/09/14,Athens,37.97945,23.71622,668203,shop_1,kinder-cola,glass,500ml,1.12,14130
3058,31/10/14,Athens,37.97945,23.71622,668203,shop_1,kinder-cola,glass,500ml,1.43,10050
3060,30/11/14,Athens,37.97945,23.71622,668203,shop_1,kinder-cola,glass,500ml,1.39,10353
3150,31/12/14,Athens,37.97945,23.71622,668203,shop_1,kinder-cola,glass,500ml,1.43,12435
3780,31/07/15,Athens,37.97945,23.71622,667237,shop_1,kinder-cola,glass,500ml,1.61,13875
3870,31/08/15,Athens,37.97945,23.71622,667237,shop_1,kinder-cola,glass,500ml,1.55,12806
4039,30/09/15,Athens,37.97945,23.71622,667237,shop_1,kinder-cola,glass,500ml,1.13,14342
4050,31/10/15,Athens,37.97945,23.71622,667237,shop_1,kinder-cola,glass,500ml,1.45,10163
4140,30/11/15,Athens,37.97945,23.71622,667237,shop_1,kinder-cola,glass,500ml,1.7,6907
4230,31/12/15,Athens,37.97945,23.71622,667237,shop_1,kinder-cola,glass,500ml,1.13,17597
4860,31/07/16,Athens,37.97945,23.71622,665102,shop_1,kinder-cola,glass,500ml,1.45,18004
5026,31/08/16,Athens,37.97945,23.71622,665102,shop_1,kinder-cola,glass,500ml,1.04,22607
5040,30/09/16,Athens,37.97945,23.71622,665102,shop_1,kinder-cola,glass,500ml,1.46,10459
5130,31/10/16,Athens,37.97945,23.71622,665102,shop_1,kinder-cola,glass,500ml,1.1,14904
5220,30/11/16,Athens,37.97945,23.71622,665102,shop_1,kinder-cola,glass,500ml,1.03,15656
5310,31/12/16,Athens,37.97945,23.71622,665102,shop_1,kinder-cola,glass,500ml,0.81,22913
5940,31/07/17,Athens,37.97945,23.71622,665871,shop_1,kinder-cola,glass,500ml,1.36,20643
6115,31/08/17,Athens,37.97945,23.71622,665871,shop_1,kinder-cola,glass,500ml,1.48,15175
6204,30/09/17,Athens,37.97945,23.71622,665871,shop_1,kinder-cola,glass,500ml,1.76,7171
6210,31/10/17,Athens,37.97945,23.71622,665871,shop_1,kinder-cola,glass,500ml,0.73,19863
6300,30/11/17,Athens,37.97945,23.71622,665871,shop_1,kinder-cola,glass,500ml,1.6,8890
6390,31/12/17,Athens,37.97945,23.71622,665871,shop_1,kinder-cola,glass,500ml,1.38,14506
541,31/07/12,Athens,37.97945,23.71622,672130,shop_1,kinder-cola,plastic,1.5lt,2.36,19372
704,31/08/12,Athens,37.97945,23.71622,672130,shop_1,kinder-cola,plastic,1.5lt,3.63,11100
721,30/09/12,Athens,37.97945,23.71622,672130,shop_1,kinder-cola,plastic,1.5lt,2.9,12141
811,31/10/12,Athens,37.97945,23.71622,672130,shop_1,kinder-cola,plastic,1.5lt,3.42,7398
901,30/11/12,Athens,37.97945,23.71622,672130,shop_1,kinder-cola,plastic,1.5lt,3.63,6213
991,31/12/12,Athens,37.97945,23.71622,672130,shop_1,kinder-cola,plastic,1.5lt,3.85,6914
1708,31/07/13,Athens,37.97945,23.71622,671022,shop_1,kinder-cola,plastic,1.5lt,3.18,14702
1783,31/08/13,Athens,37.97945,23.71622,671022,shop_1,kinder-cola,plastic,1.5lt,3,15264
1801,30/09/13,Athens,37.97945,23.71622,671022,shop_1,kinder-cola,plastic,1.5lt,3.2,11065
1979,31/10/13,Athens,37.97945,23.71622,671022,shop_1,kinder-cola,plastic,1.5lt,2.43,11129
1980,30/11/13,Athens,37.97945,23.71622,671022,shop_1,kinder-cola,plastic,1.5lt,2.74,9353
2071,31/12/13,Athens,37.97945,23.71622,671022,shop_1,kinder-cola,plastic,1.5lt,2,14898
2701,31/07/14,Athens,37.97945,23.71622,668203,shop_1,kinder-cola,plastic,1.5lt,3.54,13033
2879,31/08/14,Athens,37.97945,23.71622,668203,shop_1,kinder-cola,plastic,1.5lt,1.19,25920
2881,30/09/14,Athens,37.97945,23.71622,668203,shop_1,kinder-cola,plastic,1.5lt,3.31,10886
2970,31/10/14,Athens,37.97945,23.71622,668203,shop_1,kinder-cola,plastic,1.5lt,3.28,8408
3061,30/11/14,Athens,37.97945,23.71622,668203,shop_1,kinder-cola,plastic,1.5lt,2.66,9800
3151,31/12/14,Athens,37.97945,23.71622,668203,shop_1,kinder-cola,plastic,1.5lt,2.46,13190
3781,31/07/15,Athens,37.97945,23.71622,667237,shop_1,kinder-cola,plastic,1.5lt,3.02,16467
3871,31/08/15,Athens,37.97945,23.71622,667237,shop_1,kinder-cola,plastic,1.5lt,2.56,18413
3960,30/09/15,Athens,37.97945,23.71622,667237,shop_1,kinder-cola,plastic,1.5lt,2.01,16859
4051,31/10/15,Athens,37.97945,23.71622,667237,shop_1,kinder-cola,plastic,1.5lt,3.9,6568
4141,30/11/15,Athens,37.97945,23.71622,667237,shop_1,kinder-cola,plastic,1.5lt,3.14,8494
4231,31/12/15,Athens,37.97945,23.71622,667237,shop_1,kinder-cola,plastic,1.5lt,3.04,11120
4861,31/07/16,Athens,37.97945,23.71622,665102,shop_1,kinder-cola,plastic,1.5lt,2.14,21809
5029,31/08/16,Athens,37.97945,23.71622,665102,shop_1,kinder-cola,plastic,1.5lt,3.61,12991
5041,30/09/16,Athens,37.97945,23.71622,665102,shop_1,kinder-cola,plastic,1.5lt,1.94,17348
5131,31/10/16,Athens,37.97945,23.71622,665102,shop_1,kinder-cola,plastic,1.5lt,2.49,11455
5311,31/12/16,Athens,37.97945,23.71622,665102,shop_1,kinder-cola,plastic,1.5lt,2.78,12388
5941,31/07/17,Athens,37.97945,23.71622,665871,shop_1,kinder-cola,plastic,1.5lt,3.27,15790
6030,31/08/17,Athens,37.97945,23.71622,665871,shop_1,kinder-cola,plastic,1.5lt,4.28,9788
6120,30/09/17,Athens,37.97945,23.71622,665871,shop_1,kinder-cola,plastic,1.5lt,3.31,11777
6211,31/10/17,Athens,37.97945,23.71622,665871,shop_1,kinder-cola,plastic,1.5lt,3.35,8857
6301,30/11/17,Athens,37.97945,23.71622,665871,shop_1,kinder-cola,plastic,1.5lt,3.68,7278
6391,31/12/17,Athens,37.97945,23.71622,665871,shop_1,kinder-cola,plastic,1.5lt,4.24,7092
542,31/07/12,Athens,37.97945,23.71622,672130,shop_1,kinder-cola,can,330ml,0.54,35754
718,31/08/12,Athens,37.97945,23.71622,672130,shop_1,kinder-cola,can,330ml,0.74,20816
722,30/09/12,Athens,37.97945,23.71622,672130,shop_1,kinder-cola,can,330ml,0.58,21111
812,31/10/12,Athens,37.97945,23.71622,672130,shop_1,kinder-cola,can,330ml,0.8,12887
902,30/11/12,Athens,37.97945,23.71622,672130,shop_1,kinder-cola,can,330ml,0.58,16186
1068,31/12/12,Athens,37.97945,23.71622,672130,shop_1,kinder-cola,can,330ml,0.91,11981
1620,31/07/13,Athens,37.97945,23.71622,671022,shop_1,kinder-cola,can,330ml,0.93,18829
1797,31/08/13,Athens,37.97945,23.71622,671022,shop_1,kinder-cola,can,330ml,0.73,21953
1802,30/09/13,Athens,37.97945,23.71622,671022,shop_1,kinder-cola,can,330ml,0.68,18514
1891,31/10/13,Athens,37.97945,23.71622,671022,shop_1,kinder-cola,can,330ml,0.88,11512
1981,30/11/13,Athens,37.97945,23.71622,671022,shop_1,kinder-cola,can,330ml,0.84,10795
2072,31/12/13,Athens,37.97945,23.71622,671022,shop_1,kinder-cola,can,330ml,0.9,12764
2702,31/07/14,Athens,37.97945,23.71622,668203,shop_1,kinder-cola,can,330ml,0.54,37056
2790,31/08/14,Athens,37.97945,23.71622,668203,shop_1,kinder-cola,can,330ml,0.46,31826
2964,30/09/14,Athens,37.97945,23.71622,668203,shop_1,kinder-cola,can,330ml,0.87,13722
2971,31/10/14,Athens,37.97945,23.71622,668203,shop_1,kinder-cola,can,330ml,0.76,14826
3147,30/11/14,Athens,37.97945,23.71622,668203,shop_1,kinder-cola,can,330ml,0.84,11283
3152,31/12/14,Athens,37.97945,23.71622,668203,shop_1,kinder-cola,can,330ml,0.75,17798
3782,31/07/15,Athens,37.97945,23.71622,667237,shop_1,kinder-cola,can,330ml,0.76,28117
3872,31/08/15,Athens,37.97945,23.71622,667237,shop_1,kinder-cola,can,330ml,0.91,16720
3961,30/09/15,Athens,37.97945,23.71622,667237,shop_1,kinder-cola,can,330ml,0.63,20865
4052,31/10/15,Athens,37.97945,23.71622,667237,shop_1,kinder-cola,can,330ml,0.92,11435
4226,30/11/15,Athens,37.97945,23.71622,667237,shop_1,kinder-cola,can,330ml,0.59,16881
4232,31/12/15,Athens,37.97945,23.71622,667237,shop_1,kinder-cola,can,330ml,0.88,14622
4862,31/07/16,Athens,37.97945,23.71622,665102,shop_1,kinder-cola,can,330ml,0.54,38098
4950,31/08/16,Athens,37.97945,23.71622,665102,shop_1,kinder-cola,can,330ml,0.92,17047
5042,30/09/16,Athens,37.97945,23.71622,665102,shop_1,kinder-cola,can,330ml,1.06,9791
5132,31/10/16,Athens,37.97945,23.71622,665102,shop_1,kinder-cola,can,330ml,0.69,17310
5222,30/11/16,Athens,37.97945,23.71622,665102,shop_1,kinder-cola,can,330ml,0.75,13857
5312,31/12/16,Athens,37.97945,23.71622,665102,shop_1,kinder-cola,can,330ml,0.49,25668
5942,31/07/17,Athens,37.97945,23.71622,665871,shop_1,kinder-cola,can,330ml,1.02,18236
6102,31/08/17,Athens,37.97945,23.71622,665871,shop_1,kinder-cola,can,330ml,0.93,17218
6207,30/09/17,Athens,37.97945,23.71622,665871,shop_1,kinder-cola,can,330ml,0.68,20178
6212,31/10/17,Athens,37.97945,23.71622,665871,shop_1,kinder-cola,can,330ml,0.63,18855
6388,30/11/17,Athens,37.97945,23.71622,665871,shop_1,kinder-cola,can,330ml,0.83,12489
6392,31/12/17,Athens,37.97945,23.71622,665871,shop_1,kinder-cola,can,330ml,0.56,24049
543,31/07/12,Athens,37.97945,23.71622,672130,shop_1,adult-cola,plastic,1.5lt,2.82,18828
716,31/08/12,Athens,37.97945,23.71622,672130,shop_1,adult-cola,plastic,1.5lt,2.75,21446
809,30/09/12,Athens,37.97945,23.71622,672130,shop_1,adult-cola,plastic,1.5lt,2.44,15878
814,31/10/12,Athens,37.97945,23.71622,672130,shop_1,adult-cola,plastic,1.5lt,2.22,14973
904,30/11/12,Athens,37.97945,23.71622,672130,shop_1,adult-cola,plastic,1.5lt,3.46,8330
1070,31/12/12,Athens,37.97945,23.71622,672130,shop_1,adult-cola,plastic,1.5lt,2.88,12347
1622,31/07/13,Athens,37.97945,23.71622,671022,shop_1,adult-cola,plastic,1.5lt,2.65,21291
1712,31/08/13,Athens,37.97945,23.71622,671022,shop_1,adult-cola,plastic,1.5lt,2.57,24096
1804,30/09/13,Athens,37.97945,23.71622,671022,shop_1,adult-cola,plastic,1.5lt,2.39,16640
1893,31/10/13,Athens,37.97945,23.71622,671022,shop_1,adult-cola,plastic,1.5lt,2.78,11810
1983,30/11/13,Athens,37.97945,23.71622,671022,shop_1,adult-cola,plastic,1.5lt,2.49,15805
2156,31/12/13,Athens,37.97945,23.71622,671022,shop_1,adult-cola,plastic,1.5lt,1.98,19180
2776,31/07/14,Athens,37.97945,23.71622,668203,shop_1,adult-cola,plastic,1.5lt,2.06,27797
2873,31/08/14,Athens,37.97945,23.71622,668203,shop_1,adult-cola,plastic,1.5lt,2.52,25323
2883,30/09/14,Athens,37.97945,23.71622,668203,shop_1,adult-cola,plastic,1.5lt,2.19,18406
2973,31/10/14,Athens,37.97945,23.71622,668203,shop_1,adult-cola,plastic,1.5lt,2.48,14004
3139,30/11/14,Athens,37.97945,23.71622,668203,shop_1,adult-cola,plastic,1.5lt,3.08,12063
3153,31/12/14,Athens,37.97945,23.71622,668203,shop_1,adult-cola,plastic,1.5lt,2.01,19239
3866,31/07/15,Athens,37.97945,23.71622,667237,shop_1,adult-cola,plastic,1.5lt,2.93,19605
3951,31/08/15,Athens,37.97945,23.71622,667237,shop_1,adult-cola,plastic,1.5lt,3.16,19024
3962,30/09/15,Athens,37.97945,23.71622,667237,shop_1,adult-cola,plastic,1.5lt,2.21,18568
4054,31/10/15,Athens,37.97945,23.71622,667237,shop_1,adult-cola,plastic,1.5lt,1.84,18105
4143,30/11/15,Athens,37.97945,23.71622,667237,shop_1,adult-cola,plastic,1.5lt,1.77,21516
4233,31/12/15,Athens,37.97945,23.71622,667237,shop_1,adult-cola,plastic,1.5lt,2.21,18222
4864,31/07/16,Athens,37.97945,23.71622,665102,shop_1,adult-cola,plastic,1.5lt,3.39,15747
4952,31/08/16,Athens,37.97945,23.71622,665102,shop_1,adult-cola,plastic,1.5lt,1.57,36600
5126,30/09/16,Athens,37.97945,23.71622,665102,shop_1,adult-cola,plastic,1.5lt,2.54,16650
5202,31/10/16,Athens,37.97945,23.71622,665102,shop_1,adult-cola,plastic,1.5lt,3.21,10409
5224,30/11/16,Athens,37.97945,23.71622,665102,shop_1,adult-cola,plastic,1.5lt,2.63,15976
5314,31/12/16,Athens,37.97945,23.71622,665102,shop_1,adult-cola,plastic,1.5lt,2.41,17187
5944,31/07/17,Athens,37.97945,23.71622,665871,shop_1,adult-cola,plastic,1.5lt,1.18,37424
6114,31/08/17,Athens,37.97945,23.71622,665871,shop_1,adult-cola,plastic,1.5lt,2.61,26086
6122,30/09/17,Athens,37.97945,23.71622,665871,shop_1,adult-cola,plastic,1.5lt,2.47,17491
6214,31/10/17,Athens,37.97945,23.71622,665871,shop_1,adult-cola,plastic,1.5lt,2.07,17251
6303,30/11/17,Athens,37.97945,23.71622,665871,shop_1,adult-cola,plastic,1.5lt,1.49,23821
6394,31/12/17,Athens,37.97945,23.71622,665871,shop_1,adult-cola,plastic,1.5lt,3.2,12397
544,31/07/12,Athens,37.97945,23.71622,672130,shop_1,adult-cola,can,330ml,0.69,38842
632,31/08/12,Athens,37.97945,23.71622,672130,shop_1,adult-cola,can,330ml,0.81,20893
724,30/09/12,Athens,37.97945,23.71622,672130,shop_1,adult-cola,can,330ml,0.63,30580
815,31/10/12,Athens,37.97945,23.71622,672130,shop_1,adult-cola,can,330ml,0.8,16301
905,30/11/12,Athens,37.97945,23.71622,672130,shop_1,adult-cola,can,330ml,0.65,20157
993,31/12/12,Athens,37.97945,23.71622,672130,shop_1,adult-cola,can,330ml,0.77,18272
1623,31/07/13,Athens,37.97945,23.71622,671022,shop_1,adult-cola,can,330ml,0.62,46338
1713,31/08/13,Athens,37.97945,23.71622,671022,shop_1,adult-cola,can,330ml,0.78,24463
1805,30/09/13,Athens,37.97945,23.71622,671022,shop_1,adult-cola,can,330ml,0.78,21721
1894,31/10/13,Athens,37.97945,23.71622,671022,shop_1,adult-cola,can,330ml,0.59,28120
1984,30/11/13,Athens,37.97945,23.71622,671022,shop_1,adult-cola,can,330ml,0.78,15119
2073,31/12/13,Athens,37.97945,23.71622,671022,shop_1,adult-cola,can,330ml,0.71,22156
2786,31/07/14,Athens,37.97945,23.71622,668203,shop_1,adult-cola,can,330ml,0.62,47558
2791,31/08/14,Athens,37.97945,23.71622,668203,shop_1,adult-cola,can,330ml,0.47,46029
2884,30/09/14,Athens,37.97945,23.71622,668203,shop_1,adult-cola,can,330ml,0.62,32426
3053,31/10/14,Athens,37.97945,23.71622,668203,shop_1,adult-cola,can,330ml,0.4,37875
3063,30/11/14,Athens,37.97945,23.71622,668203,shop_1,adult-cola,can,330ml,0.79,15347
3228,31/12/14,Athens,37.97945,23.71622,668203,shop_1,adult-cola,can,330ml,0.59,29023
3784,31/07/15,Athens,37.97945,23.71622,667237,shop_1,adult-cola,can,330ml,0.66,45512
3948,31/08/15,Athens,37.97945,23.71622,667237,shop_1,adult-cola,can,330ml,0.57,40419
3963,30/09/15,Athens,37.97945,23.71622,667237,shop_1,adult-cola,can,330ml,0.52,39398
4055,31/10/15,Athens,37.97945,23.71622,667237,shop_1,adult-cola,can,330ml,0.57,30016
4144,30/11/15,Athens,37.97945,23.71622,667237,shop_1,adult-cola,can,330ml,0.56,25358
4308,31/12/15,Athens,37.97945,23.71622,667237,shop_1,adult-cola,can,330ml,0.48,35384
4865,31/07/16,Athens,37.97945,23.71622,665102,shop_1,adult-cola,can,330ml,0.7,43422
4953,31/08/16,Athens,37.97945,23.71622,665102,shop_1,adult-cola,can,330ml,0.52,44478
5043,30/09/16,Athens,37.97945,23.71622,665102,shop_1,adult-cola,can,330ml,0.53,39283
5134,31/10/16,Athens,37.97945,23.71622,665102,shop_1,adult-cola,can,330ml,0.73,23259
5225,30/11/16,Athens,37.97945,23.71622,665102,shop_1,adult-cola,can,330ml,0.92,11685
5315,31/12/16,Athens,37.97945,23.71622,665102,shop_1,adult-cola,can,330ml,0.58,30629
5945,31/07/17,Athens,37.97945,23.71622,665871,shop_1,adult-cola,can,330ml,0.41,68189
6032,31/08/17,Athens,37.97945,23.71622,665871,shop_1,adult-cola,can,330ml,0.92,19795
6123,30/09/17,Athens,37.97945,23.71622,665871,shop_1,adult-cola,can,330ml,0.77,26451
6292,31/10/17,Athens,37.97945,23.71622,665871,shop_1,adult-cola,can,330ml,0.87,17381
6304,30/11/17,Athens,37.97945,23.71622,665871,shop_1,adult-cola,can,330ml,0.38,33431
6395,31/12/17,Athens,37.97945,23.71622,665871,shop_1,adult-cola,can,330ml,0.62,29411
