ML/data/halfyear.csv
id,date,city,lat,long,pop,shop,brand,container,capacity,price,quantity
545,31/07/12,Athens,37.97945,23.71622,672130,shop_1,orange-power,glass,500ml,0.8,45133
633,31/08/12,Athens,37.97945,23.71622,672130,shop_1,orange-power,glass,500ml,0.7,47327
725,30/09/12,Athens,37.97945,23.71622,672130,shop_1,orange-power,glass,500ml,0.68,57074
898,31/10/12,Athens,37.97945,23.71622,672130,shop_1,orange-power,glass,500ml,0.3,55190
906,30/11/12,Athens,37.97945,23.71622,672130,shop_1,orange-power,glass,500ml,0.27,50565
994,31/12/12,Athens,37.97945,23.71622,672130,shop_1,orange-power,glass,500ml,0.85,26348
1624,31/07/13,Athens,37.97945,23.71622,671022,shop_1,orange-power,glass,500ml,0.55,68284
1714,31/08/13,Athens,37.97945,23.71622,671022,shop_1,orange-power,glass,500ml,0.93,30399
1806,30/09/13,Athens,37.97945,23.71622,671022,shop_1,orange-power,glass,500ml,1,29422
1895,31/10/13,Athens,37.97945,23.71622,671022,shop_1,orange-power,glass,500ml,0.91,22641
2064,30/11/13,Athens,37.97945,23.71622,671022,shop_1,orange-power,glass,500ml,0.66,31960
2074,31/12/13,Athens,37.97945,23.71622,671022,shop_1,orange-power,glass,500ml,0.79,31073
2704,31/07/14,Athens,37.97945,23.71622,668203,shop_1,orange-power,glass,500ml,1.06,25271
2792,31/08/14,Athens,37.97945,23.71622,668203,shop_1,orange-power,glass,500ml,0.72,47844
2885,30/09/14,Athens,37.97945,23.71622,668203,shop_1,orange-power,glass,500ml,0.61,65339
2974,31/10/14,Athens,37.97945,23.71622,668203,shop_1,orange-power,glass,500ml,0.85,27124
3064,30/11/14,Athens,37.97945,23.71622,668203,shop_1,orange-power,glass,500ml,1.08,13126
3154,31/12/14,Athens,37.97945,23.71622,668203,shop_1,orange-power,glass,500ml,0.7,37145
3785,31/07/15,Athens,37.97945,23.71622,667237,shop_1,orange-power,glass,500ml,0.97,35532
3874,31/08/15,Athens,37.97945,23.71622,667237,shop_1,orange-power,glass,500ml,0.98,30040
3964,30/09/15,Athens,37.97945,23.71622,667237,shop_1,orange-power,glass,500ml,1.11,23554
4056,31/10/15,Athens,37.97945,23.71622,667237,shop_1,orange-power,glass,500ml,1.02,19024
4145,30/11/15,Athens,37.97945,23.71622,667237,shop_1,orange-power,glass,500ml,0.96,19782
4234,31/12/15,Athens,37.97945,23.71622,667237,shop_1,orange-power,glass,500ml,1.05,18457
4866,31/07/16,Athens,37.97945,23.71622,665102,shop_1,orange-power,glass,500ml,0.71,58718
4954,31/08/16,Athens,37.97945,23.71622,665102,shop_1,orange-power,glass,500ml,0.99,30400
5044,30/09/16,Athens,37.97945,23.71622,665102,shop_1,orange-power,glass,500ml,0.65,64726
5135,31/10/16,Athens,37.97945,23.71622,665102,shop_1,orange-power,glass,500ml,0.91,25826
5226,30/11/16,Athens,37.97945,23.71622,665102,shop_1,orange-power,glass,500ml,1.21,9227
5316,31/12/16,Athens,37.97945,23.71622,665102,shop_1,orange-power,glass,500ml,0.69,39549
5946,31/07/17,Athens,37.97945,23.71622,665871,shop_1,orange-power,glass,500ml,0.94,41062
6033,31/08/17,Athens,37.97945,23.71622,665871,shop_1,orange-power,glass,500ml,1.1,24088
6124,30/09/17,Athens,37.97945,23.71622,665871,shop_1,orange-power,glass,500ml,0.92,43318
6215,31/10/17,Athens,37.97945,23.71622,665871,shop_1,orange-power,glass,500ml,1.01,21540
6305,30/11/17,Athens,37.97945,23.71622,665871,shop_1,orange-power,glass,500ml,0.92,23046
6396,31/12/17,Athens,37.97945,23.71622,665871,shop_1,orange-power,glass,500ml,0.99,24144
546,31/07/12,Athens,37.97945,23.71622,672130,shop_1,orange-power,can,330ml,0.41,66930
635,31/08/12,Athens,37.97945,23.71622,672130,shop_1,orange-power,can,330ml,0.45,49702
727,30/09/12,Athens,37.97945,23.71622,672130,shop_1,orange-power,can,330ml,0.48,38674
817,31/10/12,Athens,37.97945,23.71622,672130,shop_1,orange-power,can,330ml,0.44,29299
908,30/11/12,Athens,37.97945,23.71622,672130,shop_1,orange-power,can,330ml,0.58,19414
996,31/12/12,Athens,37.97945,23.71622,672130,shop_1,orange-power,can,330ml,0.47,32152
1625,31/07/13,Athens,37.97945,23.71622,671022,shop_1,orange-power,can,330ml,0.34,81123
1716,31/08/13,Athens,37.97945,23.71622,671022,shop_1,orange-power,can,330ml,0.48,46629
1887,30/09/13,Athens,37.97945,23.71622,671022,shop_1,orange-power,can,330ml,0.52,35197
1975,31/10/13,Athens,37.97945,23.71622,671022,shop_1,orange-power,can,330ml,0.34,38203
1986,30/11/13,Athens,37.97945,23.71622,671022,shop_1,orange-power,can,330ml,0.3,47846
2147,31/12/13,Athens,37.97945,23.71622,671022,shop_1,orange-power,can,330ml,0.65,15008
2706,31/07/14,Athens,37.97945,23.71622,668203,shop_1,orange-power,can,330ml,0.42,67881
2794,31/08/14,Athens,37.97945,23.71622,668203,shop_1,orange-power,can,330ml,0.42,57358
2887,30/09/14,Athens,37.97945,23.71622,668203,shop_1,orange-power,can,330ml,0.61,24718
2976,31/10/14,Athens,37.97945,23.71622,668203,shop_1,orange-power,can,330ml,0.44,30679
3065,30/11/14,Athens,37.97945,23.71622,668203,shop_1,orange-power,can,330ml,0.42,36434
3235,31/12/14,Athens,37.97945,23.71622,668203,shop_1,orange-power,can,330ml,0.54,27349
3787,31/07/15,Athens,37.97945,23.71622,667237,shop_1,orange-power,can,330ml,0.6,39857
3876,31/08/15,Athens,37.97945,23.71622,667237,shop_1,orange-power,can,330ml,0.42,58645
4041,30/09/15,Athens,37.97945,23.71622,667237,shop_1,orange-power,can,330ml,0.52,37365
4126,31/10/15,Athens,37.97945,23.71622,667237,shop_1,orange-power,can,330ml,0.66,14076
4146,30/11/15,Athens,37.97945,23.71622,667237,shop_1,orange-power,can,330ml,0.49,31457
4236,31/12/15,Athens,37.97945,23.71622,667237,shop_1,orange-power,can,330ml,0.33,48586
5037,31/08/16,Athens,37.97945,23.71622,665102,shop_1,orange-power,can,330ml,0.53,43714
5046,30/09/16,Athens,37.97945,23.71622,665102,shop_1,orange-power,can,330ml,0.37,56473
5203,31/10/16,Athens,37.97945,23.71622,665102,shop_1,orange-power,can,330ml,0.53,25164
5228,30/11/16,Athens,37.97945,23.71622,665102,shop_1,orange-power,can,330ml,0.64,19039
5318,31/12/16,Athens,37.97945,23.71622,665102,shop_1,orange-power,can,330ml,0.53,29629
6019,31/07/17,Athens,37.97945,23.71622,665871,shop_1,orange-power,can,330ml,0.53,54928
6035,31/08/17,Athens,37.97945,23.71622,665871,shop_1,orange-power,can,330ml,0.57,41106
6126,30/09/17,Athens,37.97945,23.71622,665871,shop_1,orange-power,can,330ml,0.46,46982
6217,31/10/17,Athens,37.97945,23.71622,665871,shop_1,orange-power,can,330ml,0.51,27028
6307,30/11/17,Athens,37.97945,23.71622,665871,shop_1,orange-power,can,330ml,0.44,37256
6461,31/12/17,Athens,37.97945,23.71622,665871,shop_1,orange-power,can,330ml,0.35,47998
547,31/07/12,Athens,37.97945,23.71622,672130,shop_1,gazoza,glass,500ml,0.43,91220
636,31/08/12,Athens,37.97945,23.71622,672130,shop_1,gazoza,glass,500ml,0.72,26581
728,30/09/12,Athens,37.97945,23.71622,672130,shop_1,gazoza,glass,500ml,0.65,31812
895,31/10/12,Athens,37.97945,23.71622,672130,shop_1,gazoza,glass,500ml,0.51,57395
909,30/11/12,Athens,37.97945,23.71622,672130,shop_1,gazoza,glass,500ml,0.5,49775
997,31/12/12,Athens,37.97945,23.71622,672130,shop_1,gazoza,glass,500ml,0.63,27331
1626,31/07/13,Athens,37.97945,23.71622,671022,shop_1,gazoza,glass,500ml,0.67,48089
1717,31/08/13,Athens,37.97945,23.71622,671022,shop_1,gazoza,glass,500ml,0.46,64222
1808,30/09/13,Athens,37.97945,23.71622,671022,shop_1,gazoza,glass,500ml,0.46,56871
1976,31/10/13,Athens,37.97945,23.71622,671022,shop_1,gazoza,glass,500ml,0.57,49672
2059,30/11/13,Athens,37.97945,23.71622,671022,shop_1,gazoza,glass,500ml,0.54,46315
2076,31/12/13,Athens,37.97945,23.71622,671022,shop_1,gazoza,glass,500ml,0.58,33425
2707,31/07/14,Athens,37.97945,23.71622,668203,shop_1,gazoza,glass,500ml,0.7,44527
2795,31/08/14,Athens,37.97945,23.71622,668203,shop_1,gazoza,glass,500ml,0.59,47669
2888,30/09/14,Athens,37.97945,23.71622,668203,shop_1,gazoza,glass,500ml,0.61,40121
2977,31/10/14,Athens,37.97945,23.71622,668203,shop_1,gazoza,glass,500ml,0.68,36652
3066,30/11/14,Athens,37.97945,23.71622,668203,shop_1,gazoza,glass,500ml,0.75,23035
3156,31/12/14,Athens,37.97945,23.71622,668203,shop_1,gazoza,glass,500ml,0.49,43649
3788,31/07/15,Athens,37.97945,23.71622,667237,shop_1,gazoza,glass,500ml,0.56,72618
3877,31/08/15,Athens,37.97945,23.71622,667237,shop_1,gazoza,glass,500ml,0.58,51050
3966,30/09/15,Athens,37.97945,23.71622,667237,shop_1,gazoza,glass,500ml,0.79,20328
4128,31/10/15,Athens,37.97945,23.71622,667237,shop_1,gazoza,glass,500ml,0.53,58570
4212,30/11/15,Athens,37.97945,23.71622,667237,shop_1,gazoza,glass,500ml,0.62,39658
4309,31/12/15,Athens,37.97945,23.71622,667237,shop_1,gazoza,glass,500ml,0.78,17268
4869,31/07/16,Athens,37.97945,23.71622,665102,shop_1,gazoza,glass,500ml,0.67,55250
5036,31/08/16,Athens,37.97945,23.71622,665102,shop_1,gazoza,glass,500ml,0.73,33082
5115,30/09/16,Athens,37.97945,23.71622,665102,shop_1,gazoza,glass,500ml,0.73,28585
5201,31/10/16,Athens,37.97945,23.71622,665102,shop_1,gazoza,glass,500ml,0.65,44834
5229,30/11/16,Athens,37.97945,23.71622,665102,shop_1,gazoza,glass,500ml,0.68,34431
5319,31/12/16,Athens,37.97945,23.71622,665102,shop_1,gazoza,glass,500ml,0.7,26274
5948,31/07/17,Athens,37.97945,23.71622,665871,shop_1,gazoza,glass,500ml,0.74,45658
6036,31/08/17,Athens,37.97945,23.71622,665871,shop_1,gazoza,glass,500ml,0.7,39127
6127,30/09/17,Athens,37.97945,23.71622,665871,shop_1,gazoza,glass,500ml,0.62,42900
6218,31/10/17,Athens,37.97945,23.71622,665871,shop_1,gazoza,glass,500ml,0.68,42442
6308,30/11/17,Athens,37.97945,23.71622,665871,shop_1,gazoza,glass,500ml,0.71,32668
6398,31/12/17,Athens,37.97945,23.71622,665871,shop_1,gazoza,glass,500ml,0.67,30410
548,31/07/12,Athens,37.97945,23.71622,672130,shop_1,gazoza,plastic,1.5lt,0.22,85465
637,31/08/12,Athens,37.97945,23.71622,672130,shop_1,gazoza,plastic,1.5lt,0.56,58213
729,30/09/12,Athens,37.97945,23.71622,672130,shop_1,gazoza,plastic,1.5lt,1.18,26959
818,31/10/12,Athens,37.97945,23.71622,672130,shop_1,gazoza,plastic,1.5lt,0.82,31662
910,30/11/12,Athens,37.97945,23.71622,672130,shop_1,gazoza,plastic,1.5lt,0.48,39608
998,31/12/12,Athens,37.97945,23.71622,672130,shop_1,gazoza,plastic,1.5lt,0.79,35371
1627,31/07/13,Athens,37.97945,23.71622,671022,shop_1,gazoza,plastic,1.5lt,1.1,36853
1718,31/08/13,Athens,37.97945,23.71622,671022,shop_1,gazoza,plastic,1.5lt,1.05,37702
1888,30/09/13,Athens,37.97945,23.71622,671022,shop_1,gazoza,plastic,1.5lt,0.58,50108
1897,31/10/13,Athens,37.97945,23.71622,671022,shop_1,gazoza,plastic,1.5lt,0.88,30242
2052,30/11/13,Athens,37.97945,23.71622,671022,shop_1,gazoza,plastic,1.5lt,1.04,24503
2077,31/12/13,Athens,37.97945,23.71622,671022,shop_1,gazoza,plastic,1.5lt,1.17,23986
2784,31/07/14,Athens,37.97945,23.71622,668203,shop_1,gazoza,plastic,1.5lt,1.35,27088
2796,31/08/14,Athens,37.97945,23.71622,668203,shop_1,gazoza,plastic,1.5lt,0.87,46075
2889,30/09/14,Athens,37.97945,23.71622,668203,shop_1,gazoza,plastic,1.5lt,0.61,49550
2978,31/10/14,Athens,37.97945,23.71622,668203,shop_1,gazoza,plastic,1.5lt,1.12,24182
3145,30/11/14,Athens,37.97945,23.71622,668203,shop_1,gazoza,plastic,1.5lt,1.25,19539
3157,31/12/14,Athens,37.97945,23.71622,668203,shop_1,gazoza,plastic,1.5lt,1.31,20458
3789,31/07/15,Athens,37.97945,23.71622,667237,shop_1,gazoza,plastic,1.5lt,1.27,31698
3878,31/08/15,Athens,37.97945,23.71622,667237,shop_1,gazoza,plastic,1.5lt,1.28,30338
3967,30/09/15,Athens,37.97945,23.71622,667237,shop_1,gazoza,plastic,1.5lt,1.35,23802
4058,31/10/15,Athens,37.97945,23.71622,667237,shop_1,gazoza,plastic,1.5lt,0.93,29927
4211,30/11/15,Athens,37.97945,23.71622,667237,shop_1,gazoza,plastic,1.5lt,1.33,18098
4237,31/12/15,Athens,37.97945,23.71622,667237,shop_1,gazoza,plastic,1.5lt,0.95,32058
4870,31/07/16,Athens,37.97945,23.71622,665102,shop_1,gazoza,plastic,1.5lt,1.16,37307
5025,31/08/16,Athens,37.97945,23.71622,665102,shop_1,gazoza,plastic,1.5lt,1.21,34073
5047,30/09/16,Athens,37.97945,23.71622,665102,shop_1,gazoza,plastic,1.5lt,0.99,37287
5137,31/10/16,Athens,37.97945,23.71622,665102,shop_1,gazoza,plastic,1.5lt,0.99,28928
5230,30/11/16,Athens,37.97945,23.71622,665102,shop_1,gazoza,plastic,1.5lt,0.91,29730
5320,31/12/16,Athens,37.97945,23.71622,665102,shop_1,gazoza,plastic,1.5lt,0.72,39302
5949,31/07/17,Athens,37.97945,23.71622,665871,shop_1,gazoza,plastic,1.5lt,1.62,19786
6037,31/08/17,Athens,37.97945,23.71622,665871,shop_1,gazoza,plastic,1.5lt,1.18,36220
6128,30/09/17,Athens,37.97945,23.71622,665871,shop_1,gazoza,plastic,1.5lt,1.47,21654
6219,31/10/17,Athens,37.97945,23.71622,665871,shop_1,gazoza,plastic,1.5lt,1.32,20915
6309,30/11/17,Athens,37.97945,23.71622,665871,shop_1,gazoza,plastic,1.5lt,1.31,19973
6399,31/12/17,Athens,37.97945,23.71622,665871,shop_1,gazoza,plastic,1.5lt,1.31,22911
549,31/07/12,Athens,37.97945,23.71622,672130,shop_1,gazoza,can,330ml,0.22,86420
713,31/08/12,Athens,37.97945,23.71622,672130,shop_1,gazoza,can,330ml,0.27,57779
730,30/09/12,Athens,37.97945,23.71622,672130,shop_1,gazoza,can,330ml,0.28,53922
819,31/10/12,Athens,37.97945,23.71622,672130,shop_1,gazoza,can,330ml,0.27,57172
985,30/11/12,Athens,37.97945,23.71622,672130,shop_1,gazoza,can,330ml,0.11,69182
999,31/12/12,Athens,37.97945,23.71622,672130,shop_1,gazoza,can,330ml,0.24,54655
1700,31/07/13,Athens,37.97945,23.71622,671022,shop_1,gazoza,can,330ml,0.33,56475
1786,31/08/13,Athens,37.97945,23.71622,671022,shop_1,gazoza,can,330ml,0.29,54203
1809,30/09/13,Athens,37.97945,23.71622,671022,shop_1,gazoza,can,330ml,0.36,36890
1898,31/10/13,Athens,37.97945,23.71622,671022,shop_1,gazoza,can,330ml,0.25,64253
1987,30/11/13,Athens,37.97945,23.71622,671022,shop_1,gazoza,can,330ml,0.35,29062
2078,31/12/13,Athens,37.97945,23.71622,671022,shop_1,gazoza,can,330ml,0.3,43629
2708,31/07/14,Athens,37.97945,23.71622,668203,shop_1,gazoza,can,330ml,0.4,38962
2797,31/08/14,Athens,37.97945,23.71622,668203,shop_1,gazoza,can,330ml,0.38,36450
2956,30/09/14,Athens,37.97945,23.71622,668203,shop_1,gazoza,can,330ml,0.4,30884
2979,31/10/14,Athens,37.97945,23.71622,668203,shop_1,gazoza,can,330ml,0.37,38763
3067,30/11/14,Athens,37.97945,23.71622,668203,shop_1,gazoza,can,330ml,0.39,23934
3158,31/12/14,Athens,37.97945,23.71622,668203,shop_1,gazoza,can,330ml,0.3,44801
3790,31/07/15,Athens,37.97945,23.71622,667237,shop_1,gazoza,can,330ml,0.31,67293
3879,31/08/15,Athens,37.97945,23.71622,667237,shop_1,gazoza,can,330ml,0.35,43654
3968,30/09/15,Athens,37.97945,23.71622,667237,shop_1,gazoza,can,330ml,0.33,48293
4059,31/10/15,Athens,37.97945,23.71622,667237,shop_1,gazoza,can,330ml,0.41,31284
4147,30/11/15,Athens,37.97945,23.71622,667237,shop_1,gazoza,can,330ml,0.27,44491
4238,31/12/15,Athens,37.97945,23.71622,667237,shop_1,gazoza,can,330ml,0.41,25521
4871,31/07/16,Athens,37.97945,23.71622,665102,shop_1,gazoza,can,330ml,0.36,55087
5035,31/08/16,Athens,37.97945,23.71622,665102,shop_1,gazoza,can,330ml,0.44,26403
5127,30/09/16,Athens,37.97945,23.71622,665102,shop_1,gazoza,can,330ml,0.32,51329
5138,31/10/16,Athens,37.97945,23.71622,665102,shop_1,gazoza,can,330ml,0.29,58962
5231,30/11/16,Athens,37.97945,23.71622,665102,shop_1,gazoza,can,330ml,0.4,26161
5321,31/12/16,Athens,37.97945,23.71622,665102,shop_1,gazoza,can,330ml,0.43,23059
5950,31/07/17,Athens,37.97945,23.71622,665871,shop_1,gazoza,can,330ml,0.37,55112
6038,31/08/17,Athens,37.97945,23.71622,665871,shop_1,gazoza,can,330ml,0.31,54978
6129,30/09/17,Athens,37.97945,23.71622,665871,shop_1,gazoza,can,330ml,0.38,39349
6220,31/10/17,Athens,37.97945,23.71622,665871,shop_1,gazoza,can,330ml,0.35,47591
6310,30/11/17,Athens,37.97945,23.71622,665871,shop_1,gazoza,can,330ml,0.38,29953
6400,31/12/17,Athens,37.97945,23.71622,665871,shop_1,gazoza,can,330ml,0.46,19384
