ML/data/halfyear.csv
id,date,city,lat,long,pop,shop,brand,container,capacity,price,quantity
550,31/07/12,Athens,37.97945,23.71622,672130,shop_1,lemon-boost,glass,500ml,0.87,37102
708,31/08/12,Athens,37.97945,23.71622,672130,shop_1,lemon-boost,glass,500ml,1.03,22849
731,30/09/12,Athens,37.97945,23.71622,672130,shop_1,lemon-boost,glass,500ml,0.97,19504
820,31/10/12,Athens,37.97945,23.71622,672130,shop_1,lemon-boost,glass,500ml,0.92,14355
911,30/11/12,Athens,37.97945,23.71622,672130,shop_1,lemon-boost,glass,500ml,1.05,12886
1000,31/12/12,Athens,37.97945,23.71622,672130,shop_1,lemon-boost,glass,500ml,1,13161
1701,31/07/13,Athens,37.97945,23.71622,671022,shop_1,lemon-boost,glass,500ml,1.01,30264
1719,31/08/13,Athens,37.97945,23.71622,671022,shop_1,lemon-boost,glass,500ml,0.89,30164
1879,30/09/13,Athens,37.97945,23.71622,671022,shop_1,lemon-boost,glass,500ml,0.86,23989
1899,31/10/13,Athens,37.97945,23.71622,671022,shop_1,lemon-boost,glass,500ml,1.08,11087
1988,30/11/13,Athens,37.97945,23.71622,671022,shop_1,lemon-boost,glass,500ml,1.02,14310
2079,31/12/13,Athens,37.97945,23.71622,671022,shop_1,lemon-boost,glass,500ml,1.07,11968
2709,31/07/14,Athens,37.97945,23.71622,668203,shop_1,lemon-boost,glass,500ml,1.06,28449
2798,31/08/14,Athens,37.97945,23.71622,668203,shop_1,lemon-boost,glass,500ml,0.83,33957
2959,30/09/14,Athens,37.97945,23.71622,668203,shop_1,lemon-boost,glass,500ml,1.04,18530
2980,31/10/14,Athens,37.97945,23.71622,668203,shop_1,lemon-boost,glass,500ml,0.97,14147
3068,30/11/14,Athens,37.97945,23.71622,668203,shop_1,lemon-boost,glass,500ml,0.93,17275
3159,31/12/14,Athens,37.97945,23.71622,668203,shop_1,lemon-boost,glass,500ml,0.9,16781
3857,31/07/15,Athens,37.97945,23.71622,667237,shop_1,lemon-boost,glass,500ml,0.87,40284
3880,31/08/15,Athens,37.97945,23.71622,667237,shop_1,lemon-boost,glass,500ml,1.03,25660
4042,30/09/15,Athens,37.97945,23.71622,667237,shop_1,lemon-boost,glass,500ml,1.01,20461
4136,31/10/15,Athens,37.97945,23.71622,667237,shop_1,lemon-boost,glass,500ml,1.02,13541
4148,30/11/15,Athens,37.97945,23.71622,667237,shop_1,lemon-boost,glass,500ml,0.94,17530
4239,31/12/15,Athens,37.97945,23.71622,667237,shop_1,lemon-boost,glass,500ml,1.01,14536
4872,31/07/16,Athens,37.97945,23.71622,665102,shop_1,lemon-boost,glass,500ml,0.7,50591
4956,31/08/16,Athens,37.97945,23.71622,665102,shop_1,lemon-boost,glass,500ml,1.13,22350
5048,30/09/16,Athens,37.97945,23.71622,665102,shop_1,lemon-boost,glass,500ml,0.77,29209
5139,31/10/16,Athens,37.97945,23.71622,665102,shop_1,lemon-boost,glass,500ml,0.84,18027
5232,30/11/16,Athens,37.97945,23.71622,665102,shop_1,lemon-boost,glass,500ml,1.03,15785
5322,31/12/16,Athens,37.97945,23.71622,665102,shop_1,lemon-boost,glass,500ml,1.11,12610
5951,31/07/17,Athens,37.97945,23.71622,665871,shop_1,lemon-boost,glass,500ml,1.1,30183
6039,31/08/17,Athens,37.97945,23.71622,665871,shop_1,lemon-boost,glass,500ml,0.92,32476
6130,30/09/17,Athens,37.97945,23.71622,665871,shop_1,lemon-boost,glass,500ml,1.04,20868
6221,31/10/17,Athens,37.97945,23.71622,665871,shop_1,lemon-boost,glass,500ml,0.98,15416
6311,30/11/17,Athens,37.97945,23.71622,665871,shop_1,lemon-boost,glass,500ml,0.73,24018
6401,31/12/17,Athens,37.97945,23.71622,665871,shop_1,lemon-boost,glass,500ml,0.71,22712
551,31/07/12,Athens,37.97945,23.71622,672130,shop_1,lemon-boost,plastic,1.5lt,2.69,13063
707,31/08/12,Athens,37.97945,23.71622,672130,shop_1,lemon-boost,plastic,1.5lt,2.2,17793
732,30/09/12,Athens,37.97945,23.71622,672130,shop_1,lemon-boost,plastic,1.5lt,2.19,14417
821,31/10/12,Athens,37.97945,23.71622,672130,shop_1,lemon-boost,plastic,1.5lt,2.3,10322
912,30/11/12,Athens,37.97945,23.71622,672130,shop_1,lemon-boost,plastic,1.5lt,2.28,10380
1001,31/12/12,Athens,37.97945,23.71622,672130,shop_1,lemon-boost,plastic,1.5lt,1.96,13239
1628,31/07/13,Athens,37.97945,23.71622,671022,shop_1,lemon-boost,plastic,1.5lt,2,22579
1720,31/08/13,Athens,37.97945,23.71622,671022,shop_1,lemon-boost,plastic,1.5lt,2.08,19798
1810,30/09/13,Athens,37.97945,23.71622,671022,shop_1,lemon-boost,plastic,1.5lt,1.57,20747
1900,31/10/13,Athens,37.97945,23.71622,671022,shop_1,lemon-boost,plastic,1.5lt,1.68,15131
1989,30/11/13,Athens,37.97945,23.71622,671022,shop_1,lemon-boost,plastic,1.5lt,1.87,13639
2145,31/12/13,Athens,37.97945,23.71622,671022,shop_1,lemon-boost,plastic,1.5lt,2.03,13040
2710,31/07/14,Athens,37.97945,23.71622,668203,shop_1,lemon-boost,plastic,1.5lt,2.32,19203
2799,31/08/14,Athens,37.97945,23.71622,668203,shop_1,lemon-boost,plastic,1.5lt,2.07,20451
2890,30/09/14,Athens,,,668203,shop_1,lemon-boost,plastic,1.5lt,2.49,12589
2981,31/10/14,Athens,37.97945,23.71622,668203,shop_1,lemon-boost,plastic,1.5lt,1.45,17043
3069,30/11/14,Athens,37.97945,23.71622,668203,shop_1,lemon-boost,plastic,1.5lt,1.79,14487
3160,31/12/14,Athens,37.97945,23.71622,668203,shop_1,lemon-boost,plastic,1.5lt,2.24,11843
3791,31/07/15,Athens,37.97945,,667237,shop_1,lemon-boost,plastic,1.5lt,1.57,28896
3881,31/08/15,Athens,37.97945,23.71622,667237,shop_1,lemon-boost,plastic,1.5lt,1.57,26573
3969,30/09/15,Athens,37.97945,23.71622,667237,shop_1,lemon-boost,plastic,1.5lt,1.21,24569
4060,31/10/15,Athens,37.97945,23.71622,667237,shop_1,lemon-boost,plastic,1.5lt,2.78,8080
4149,30/11/15,Athens,37.97945,23.71622,667237,shop_1,lemon-boost,plastic,1.5lt,2.55,9573
4240,31/12/15,Athens,37.97945,23.71622,667237,shop_1,lemon-boost,plastic,1.5lt,0.5,24603
4873,31/07/16,Athens,37.97945,23.71622,665102,shop_1,lemon-boost,plastic,1.5lt,1.26,32937
4957,31/08/16,Athens,37.97945,23.71622,665102,shop_1,lemon-boost,plastic,1.5lt,2.16,20399
5049,30/09/16,Athens,37.97945,23.71622,665102,shop_1,lemon-boost,plastic,1.5lt,2.42,14149
5140,31/10/16,Athens,37.97945,23.71622,665102,shop_1,lemon-boost,plastic,1.5lt,1.6,16449
5233,30/11/16,Athens,,23.71622,665102,shop_1,lemon-boost,plastic,1.5lt,1.85,14611
5390,31/12/16,Athens,37.97945,23.71622,665102,shop_1,lemon-boost,plastic,1.5lt,2.75,8989
5952,31/07/17,Athens,37.97945,23.71622,665871,shop_1,lemon-boost,plastic,1.5lt,2.44,19503
6040,31/08/17,Athens,37.97945,23.71622,665871,shop_1,lemon-boost,plastic,1.5lt,1.89,23845
6131,30/09/17,Athens,37.97945,23.71622,665871,shop_1,lemon-boost,plastic,1.5lt,1.81,19888
6222,31/10/17,Athens,37.97945,23.71622,665871,shop_1,lemon-boost,plastic,1.5lt,1.58,16766
6387,30/11/17,Athens,37.97945,23.71622,665871,shop_1,lemon-boost,plastic,1.5lt,2.23,12356
6472,31/12/17,Athens,37.97945,23.71622,665871,shop_1,lemon-boost,plastic,1.5lt,2.45,11379
552,31/07/12,Athens,37.97945,23.71622,672130,shop_1,lemon-boost,can,330ml,0.65,24706
705,31/08/12,Athens,37.97945,23.71622,672130,shop_1,lemon-boost,can,330ml,0.51,34484
733,30/09/12,Athens,37.97945,23.71622,672130,shop_1,lemon-boost,can,330ml,0.41,34028
822,31/10/12,Athens,37.97945,23.71622,672130,shop_1,lemon-boost,can,330ml,0.67,12920
989,30/11/12,Athens,37.97945,23.71622,672130,shop_1,lemon-boost,can,330ml,0.43,25095
1002,31/12/12,Athens,37.97945,23.71622,672130,shop_1,lemon-boost,can,330ml,0.74,10409
1703,31/07/13,Athens,37.97945,23.71622,671022,shop_1,lemon-boost,can,330ml,0.55,35691
1721,31/08/13,Athens,37.97945,23.71622,671022,shop_1,lemon-boost,can,330ml,0.57,30431
1880,30/09/13,Athens,37.97945,23.71622,671022,shop_1,lemon-boost,can,330ml,0.33,40244
1901,31/10/13,Athens,37.97945,23.71622,671022,shop_1,lemon-boost,can,330ml,0.25,35888
1990,30/11/13,Athens,37.97945,23.71622,671022,shop_1,lemon-boost,can,330ml,0.55,19281
2080,31/12/13,Athens,37.97945,23.71622,671022,shop_1,lemon-boost,can,330ml,0.5,25445
2711,31/07/14,Athens,37.97945,23.71622,668203,shop_1,lemon-boost,can,330ml,0.44,46080
2800,31/08/14,Athens,37.97945,23.71622,668203,shop_1,lemon-boost,can,330ml,0.62,26873
2891,30/09/14,Athens,37.97945,23.71622,668203,shop_1,lemon-boost,can,330ml,0.48,31083
2982,31/10/14,Athens,37.97945,23.71622,668203,shop_1,lemon-boost,can,330ml,0.62,16957
3146,30/11/14,Athens,37.97945,23.71622,668203,shop_1,lemon-boost,can,330ml,0.34,30151
3216,31/12/14,Athens,37.97945,23.71622,668203,shop_1,lemon-boost,can,330ml,0.45,28800
3792,31/07/15,Athens,37.97945,23.71622,667237,shop_1,lemon-boost,can,330ml,0.53,38832
3882,31/08/15,Athens,37.97945,23.71622,667237,shop_1,lemon-boost,can,330ml,0.53,35375
3970,30/09/15,Athens,37.97945,23.71622,667237,shop_1,lemon-boost,can,330ml,0.69,18137
4061,31/10/15,Athens,37.97945,23.71622,667237,shop_1,lemon-boost,can,330ml,0.61,18230
4225,30/11/15,Athens,37.97945,23.71622,667237,shop_1,lemon-boost,can,330ml,0.44,26082
4241,31/12/15,Athens,37.97945,23.71622,667237,shop_1,lemon-boost,can,330ml,0.59,21493
4874,31/07/16,Athens,37.97945,23.71622,665102,shop_1,lemon-boost,can,330ml,0.54,39691
4958,31/08/16,Athens,37.97945,23.71622,665102,shop_1,lemon-boost,can,330ml,0.52,37206
5050,30/09/16,Athens,37.97945,23.71622,665102,shop_1,lemon-boost,can,330ml,0.46,33593
5141,31/10/16,Athens,37.97945,23.71622,665102,shop_1,lemon-boost,can,330ml,0.63,18104
5234,30/11/16,Athens,37.97945,23.71622,665102,shop_1,lemon-boost,can,330ml,0.72,12992
5323,31/12/16,Athens,37.97945,23.71622,665102,shop_1,lemon-boost,can,330ml,0.52,26307
6026,31/07/17,Athens,37.97945,23.71622,665871,shop_1,lemon-boost,can,330ml,0.65,31232
6041,31/08/17,Athens,37.97945,23.71622,665871,shop_1,lemon-boost,can,330ml,0.56,35217
6132,30/09/17,Athens,37.97945,23.71622,665871,shop_1,lemon-boost,can,330ml,0.85,10244
6223,31/10/17,Athens,37.97945,23.71622,665871,shop_1,lemon-boost,can,330ml,0.72,14033
6312,30/11/17,Athens,37.97945,23.71622,665871,shop_1,lemon-boost,can,330ml,0.72,13615
553,31/07/12,Irakleion,35.32787,25.14341,134219,shop_2,kinder-cola,plastic,1.5lt,3.17,17780
639,31/08/12,Irakleion,35.32787,25.14341,134219,shop_2,kinder-cola,plastic,1.5lt,3.52,12146
735,30/09/12,Irakleion,35.32787,25.14341,134219,shop_2,kinder-cola,plastic,1.5lt,2.78,13776
824,31/10/12,Irakleion,35.32787,25.14341,134219,shop_2,kinder-cola,plastic,1.5lt,3.42,9484
914,30/11/12,Irakleion,35.32787,25.14341,134219,shop_2,kinder-cola,plastic,1.5lt,3.88,6723
1004,31/12/12,Irakleion,35.32787,25.14341,134219,shop_2,kinder-cola,plastic,1.5lt,3.24,11276
1630,31/07/13,Irakleion,35.32787,25.14341,135432,shop_2,kinder-cola,plastic,1.5lt,2.8,21121
1723,31/08/13,Irakleion,35.32787,25.14341,135432,shop_2,kinder-cola,plastic,1.5lt,2.37,19538
1812,30/09/13,Irakleion,35.32787,25.14341,135432,shop_2,kinder-cola,plastic,1.5lt,3.8,9023
1903,31/10/13,Irakleion,35.32787,25.14341,135432,shop_2,kinder-cola,plastic,1.5lt,2.26,14978
1991,30/11/13,Irakleion,35.32787,25.14341,135432,shop_2,kinder-cola,plastic,1.5lt,2.43,12954
2082,31/12/13,Irakleion,35.32787,25.14341,135432,shop_2,kinder-cola,plastic,1.5lt,3.52,10273
2780,31/07/14,Irakleion,35.32787,25.14341,136202,shop_2,kinder-cola,plastic,1.5lt,4.14,11719
2867,31/08/14,Irakleion,35.32787,25.14341,136202,shop_2,kinder-cola,plastic,1.5lt,3.41,13717
2965,30/09/14,Irakleion,35.32787,25.14341,136202,shop_2,kinder-cola,plastic,1.5lt,3.21,12293
3054,31/10/14,Irakleion,35.32787,25.14341,136202,shop_2,kinder-cola,plastic,1.5lt,2.51,14091
3071,30/11/14,Irakleion,35.32787,25.14341,136202,shop_2,kinder-cola,plastic,1.5lt,2.03,14750
3162,31/12/14,Irakleion,35.32787,25.14341,136202,shop_2,kinder-cola,plastic,1.5lt,1.96,18099
3793,31/07/15,Irakleion,35.32787,25.14341,138560,shop_2,kinder-cola,plastic,1.5lt,3.38,17852
3950,31/08/15,Irakleion,35.32787,25.14341,138560,shop_2,kinder-cola,plastic,1.5lt,3,16506
3972,30/09/15,Irakleion,35.32787,25.14341,138560,shop_2,kinder-cola,plastic,1.5lt,2.88,14182
4062,31/10/15,Irakleion,35.32787,25.14341,138560,shop_2,kinder-cola,plastic,1.5lt,3.28,11063
4151,30/11/15,Irakleion,35.32787,25.14341,138560,shop_2,kinder-cola,plastic,1.5lt,2.94,11387
4314,31/12/15,Irakleion,35.32787,25.14341,138560,shop_2,kinder-cola,plastic,1.5lt,4.14,8084
4945,31/07/16,Irakleion,35.32787,25.14341,137302,shop_2,kinder-cola,plastic,1.5lt,2.24,26296
4960,31/08/16,Irakleion,35.32787,25.14341,137302,shop_2,kinder-cola,plastic,1.5lt,2.71,18509
5051,30/09/16,Irakleion,35.32787,25.14341,137302,shop_2,kinder-cola,plastic,1.5lt,1.92,18914
5143,31/10/16,Irakleion,,,137302,shop_2,kinder-cola,plastic,1.5lt,3.38,10918
5236,30/11/16,Irakleion,35.32787,25.14341,137302,shop_2,kinder-cola,plastic,1.5lt,3.4,9859
5325,31/12/16,Irakleion,35.32787,25.14341,137302,shop_2,kinder-cola,plastic,1.5lt,3.88,9687
6012,31/07/17,Irakleion,35.32787,25.14341,138200,shop_2,kinder-cola,plastic,1.5lt,3.5,17945
6108,31/08/17,Irakleion,35.32787,25.14341,138200,shop_2,kinder-cola,plastic,1.5lt,2.83,18161
6134,30/09/17,Irakleion,35.32787,25.14341,138200,shop_2,kinder-cola,plastic,1.5lt,2.84,14901
6224,31/10/17,Irakleion,35.32787,25.14341,138200,shop_2,kinder-cola,plastic,1.5lt,3.57,10402
6380,30/11/17,Irakleion,35.32787,25.14341,138200,shop_2,kinder-cola,plastic,1.5lt,3,11628
6404,31/12/17,Irakleion,35.32787,25.14341,138200,shop_2,kinder-cola,plastic,1.5lt,1.98,18587
554,31/07/12,Irakleion,35.32787,25.14341,134219,shop_2,kinder-cola,can,330ml,0.79,25689
640,31/08/12,Irakleion,35.32787,25.14341,134219,shop_2,kinder-cola,can,330ml,0.87,18083
736,30/09/12,Irakleion,35.32787,25.14341,134219,shop_2,kinder-cola,can,330ml,0.82,15742
825,31/10/12,Irakleion,35.32787,25.14341,134219,shop_2,kinder-cola,can,330ml,0.85,16925
915,30/11/12,Irakleion,35.32787,25.14341,134219,shop_2,kinder-cola,can,330ml,0.99,8404
1005,31/12/12,Irakleion,35.32787,25.14341,134219,shop_2,kinder-cola,can,330ml,0.55,29338
1631,31/07/13,Irakleion,35.32787,25.14341,135432,shop_2,kinder-cola,can,330ml,0.67,32342
1724,31/08/13,Irakleion,35.32787,25.14341,135432,shop_2,kinder-cola,can,330ml,0.83,20516
1813,30/09/13,Irakleion,35.32787,25.14341,135432,shop_2,kinder-cola,can,330ml,0.85,15639
1904,31/10/13,Irakleion,35.32787,25.14341,135432,shop_2,kinder-cola,can,330ml,0.55,28656
1992,30/11/13,Irakleion,35.32787,25.14341,135432,shop_2,kinder-cola,can,330ml,0.76,15185
2148,31/12/13,Irakleion,35.32787,25.14341,135432,shop_2,kinder-cola,can,330ml,0.77,21481
2713,31/07/14,Irakleion,35.32787,25.14341,136202,shop_2,kinder-cola,can,330ml,0.81,26382
2802,31/08/14,Irakleion,35.32787,25.14341,136202,shop_2,kinder-cola,can,330ml,0.8,22290
2893,30/09/14,Irakleion,35.32787,25.14341,136202,shop_2,kinder-cola,can,330ml,0.87,15571
3051,31/10/14,Irakleion,35.32787,25.14341,136202,shop_2,kinder-cola,can,330ml,0.72,23119
3072,30/11/14,Irakleion,35.32787,25.14341,136202,shop_2,kinder-cola,can,330ml,0.68,17612
3163,31/12/14,Irakleion,35.32787,25.14341,136202,shop_2,kinder-cola,can,330ml,0.71,24287
3794,31/07/15,Irakleion,35.32787,25.14341,138560,shop_2,kinder-cola,can,330ml,0.79,28185
3884,31/08/15,Irakleion,35.32787,25.14341,138560,shop_2,kinder-cola,can,330ml,0.65,28908
3973,30/09/15,Irakleion,35.32787,25.14341,138560,shop_2,kinder-cola,can,330ml,0.68,21725
4135,31/10/15,Irakleion,35.32787,25.14341,138560,shop_2,kinder-cola,can,330ml,0.87,18405
4152,30/11/15,Irakleion,35.32787,25.14341,138560,shop_2,kinder-cola,can,330ml,0.61,19710
4242,31/12/15,Irakleion,35.32787,25.14341,138560,shop_2,kinder-cola,can,330ml,0.67,26147
4875,31/07/16,Irakleion,35.32787,25.14341,137302,shop_2,kinder-cola,can,330ml,0.85,26321
4961,31/08/16,Irakleion,35.32787,25.14341,137302,shop_2,kinder-cola,can,330ml,0.59,31686
5052,30/09/16,Irakleion,35.32787,25.14341,137302,shop_2,kinder-cola,can,330ml,0.74,20596
5144,31/10/16,Irakleion,35.32787,25.14341,137302,shop_2,kinder-cola,can,330ml,0.81,20869
5237,30/11/16,Irakleion,35.32787,25.14341,137302,shop_2,kinder-cola,can,330ml,0.64,19130
5386,31/12/16,Irakleion,35.32787,25.14341,137302,shop_2,kinder-cola,can,330ml,0.94,17324
5954,31/07/17,Irakleion,35.32787,25.14341,138200,shop_2,kinder-cola,can,330ml,0.49,42805
6104,31/08/17,Irakleion,35.32787,25.14341,138200,shop_2,kinder-cola,can,330ml,0.64,30283
6135,30/09/17,Irakleion,35.32787,25.14341,138200,shop_2,kinder-cola,can,330ml,0.66,23196
6225,31/10/17,Irakleion,35.32787,25.14341,138200,shop_2,kinder-cola,can,330ml,0.83,20957
6313,30/11/17,Irakleion,35.32787,25.14341,138200,shop_2,kinder-cola,can,330ml,0.83,14986
6405,31/12/17,Irakleion,35.32787,25.14341,138200,shop_2,kinder-cola,can,330ml,0.74,24733
