ML/data/halfyear.csv
id,date,city,lat,long,pop,shop,brand,container,capacity,price,quantity
555,31/07/12,Irakleion,35.32787,25.14341,134219,shop_2,adult-cola,glass,500ml,1.06,39938
641,31/08/12,Irakleion,35.32787,25.14341,134219,shop_2,adult-cola,glass,500ml,1.36,22693
737,30/09/12,Irakleion,35.32787,25.14341,134219,shop_2,adult-cola,glass,500ml,1.09,27885
826,31/10/12,Irakleion,35.32787,25.14341,134219,shop_2,adult-cola,glass,500ml,1.13,20320
916,30/11/12,Irakleion,35.32787,25.14341,134219,shop_2,adult-cola,glass,500ml,0.9,29106
1006,31/12/12,Irakleion,35.32787,25.14341,134219,shop_2,adult-cola,glass,500ml,0.93,31221
1632,31/07/13,Irakleion,35.32787,25.14341,135432,shop_2,adult-cola,glass,500ml,1,44233
1725,31/08/13,Irakleion,35.32787,25.14341,135432,shop_2,adult-cola,glass,500ml,1.17,33925
1814,30/09/13,Irakleion,35.32787,25.14341,135432,shop_2,adult-cola,glass,500ml,1.1,28421
1905,31/10/13,Irakleion,35.32787,25.14341,135432,shop_2,adult-cola,glass,500ml,0.84,29566
1993,30/11/13,Irakleion,35.32787,25.14341,135432,shop_2,adult-cola,glass,500ml,0.91,29472
2083,31/12/13,Irakleion,35.32787,25.14341,135432,shop_2,adult-cola,glass,500ml,1.1,25894
2714,31/07/14,Irakleion,35.32787,25.14341,136202,shop_2,adult-cola,glass,500ml,1.14,38114
2803,31/08/14,Irakleion,35.32787,25.14341,136202,shop_2,adult-cola,glass,500ml,1.21,33091
2894,30/09/14,Irakleion,35.32787,25.14341,136202,shop_2,adult-cola,glass,500ml,1.18,26346
2984,31/10/14,Irakleion,35.32787,25.14341,136202,shop_2,adult-cola,glass,500ml,1.14,21440
3073,30/11/14,Irakleion,35.32787,25.14341,136202,shop_2,adult-cola,glass,500ml,1.51,11308
3164,31/12/14,Irakleion,35.32787,25.14341,136202,shop_2,adult-cola,glass,500ml,1.02,29270
3795,31/07/15,Irakleion,35.32787,25.14341,138560,shop_2,adult-cola,glass,500ml,1.1,41247
3885,31/08/15,Irakleion,35.32787,25.14341,138560,shop_2,adult-cola,glass,500ml,0.99,45029
3974,30/09/15,Irakleion,35.32787,25.14341,138560,shop_2,adult-cola,glass,500ml,1.29,23194
4063,31/10/15,Irakleion,35.32787,25.14341,138560,shop_2,adult-cola,glass,500ml,0.96,27139
4153,30/11/15,Irakleion,35.32787,25.14341,138560,shop_2,adult-cola,glass,500ml,0.81,33465
4243,31/12/15,Irakleion,35.32787,25.14341,138560,shop_2,adult-cola,glass,500ml,1.16,25620
4876,31/07/16,Irakleion,35.32787,,137302,shop_2,adult-cola,glass,500ml,1.34,30848
4962,31/08/16,Irakleion,35.32787,25.14341,137302,shop_2,adult-cola,glass,500ml,1.09,41050
5114,30/09/16,Irakleion,35.32787,25.14341,137302,shop_2,adult-cola,glass,500ml,0.94,37116
5145,31/10/16,Irakleion,35.32787,25.14341,137302,shop_2,adult-cola,glass,500ml,1.36,16760
5238,30/11/16,Irakleion,35.32787,25.14341,137302,shop_2,adult-cola,glass,500ml,1.32,18879
5395,31/12/16,Irakleion,35.32787,25.14341,137302,shop_2,adult-cola,glass,500ml,1.14,26807
6029,31/07/17,Irakleion,35.32787,25.14341,138200,shop_2,adult-cola,glass,500ml,0.94,51608
6043,31/08/17,Irakleion,35.32787,25.14341,138200,shop_2,adult-cola,glass,500ml,0.99,47088
6136,30/09/17,Irakleion,35.32787,25.14341,138200,shop_2,adult-cola,glass,500ml,0.98,36267
6226,31/10/17,Irakleion,35.32787,25.14341,138200,shop_2,adult-cola,glass,500ml,1.31,18827
6314,30/11/17,Irakleion,35.32787,25.14341,138200,shop_2,adult-cola,glass,500ml,1.06,27397
6463,31/12/17,Irakleion,35.32787,25.14341,138200,shop_2,adult-cola,glass,500ml,1.25,24076
556,31/07/12,Irakleion,35.32787,25.14341,134219,shop_2,adult-cola,plastic,1.5lt,2.57,24060
642,31/08/12,Irakleion,35.32787,25.14341,134219,shop_2,adult-cola,plastic,1.5lt,3.11,19079
738,30/09/12,Irakleion,35.32787,25.14341,134219,shop_2,adult-cola,plastic,1.5lt,3.23,12178
827,31/10/12,Irakleion,35.32787,25.14341,134219,shop_2,adult-cola,plastic,1.5lt,3.2,13376
917,30/11/12,Irakleion,35.32787,25.14341,134219,shop_2,adult-cola,plastic,1.5lt,2.93,12200
1007,31/12/12,Irakleion,35.32787,25.14341,134219,shop_2,adult-cola,plastic,1.5lt,2.65,18689
1633,31/07/13,Irakleion,35.32787,25.14341,135432,shop_2,adult-cola,plastic,1.5lt,2.03,30925
1726,31/08/13,Irakleion,35.32787,25.14341,135432,shop_2,adult-cola,plastic,1.5lt,2.86,23204
1876,30/09/13,Irakleion,35.32787,25.14341,135432,shop_2,adult-cola,plastic,1.5lt,1.85,24832
1906,31/10/13,Irakleion,35.32787,25.14341,135432,shop_2,adult-cola,plastic,1.5lt,1.96,25542
2068,30/11/13,Irakleion,35.32787,25.14341,135432,shop_2,adult-cola,plastic,1.5lt,1.91,19960
2084,31/12/13,Irakleion,35.32787,25.14341,135432,shop_2,adult-cola,plastic,1.5lt,1.94,25897
2715,31/07/14,Irakleion,35.32787,25.14341,136202,shop_2,adult-cola,plastic,1.5lt,3.32,16859
2804,31/08/14,Irakleion,35.32787,25.14341,136202,shop_2,adult-cola,plastic,1.5lt,1.77,37356
2968,30/09/14,Irakleion,35.32787,25.14341,136202,shop_2,adult-cola,plastic,1.5lt,2.14,22743
3057,31/10/14,Irakleion,35.32787,25.14341,136202,shop_2,adult-cola,plastic,1.5lt,2.51,20918
3074,30/11/14,Irakleion,35.32787,25.14341,136202,shop_2,adult-cola,plastic,1.5lt,2.94,13063
3165,31/12/14,Irakleion,35.32787,25.14341,136202,shop_2,adult-cola,plastic,1.5lt,2.86,17795
3859,31/07/15,Irakleion,35.32787,25.14341,138560,shop_2,adult-cola,plastic,1.5lt,2.51,26599
3945,31/08/15,Irakleion,35.32787,25.14341,138560,shop_2,adult-cola,plastic,1.5lt,1.9,36164
3975,30/09/15,Irakleion,35.32787,25.14341,138560,shop_2,adult-cola,plastic,1.5lt,3.78,9451
4064,31/10/15,Irakleion,35.32787,25.14341,138560,shop_2,adult-cola,plastic,1.5lt,1.73,28357
4154,30/11/15,Irakleion,35.32787,25.14341,138560,shop_2,adult-cola,plastic,1.5lt,2.42,17010
4313,31/12/15,Irakleion,35.32787,25.14341,138560,shop_2,adult-cola,plastic,1.5lt,2.53,21380
4877,31/07/16,Irakleion,35.32787,25.14341,137302,shop_2,adult-cola,plastic,1.5lt,2.92,22668
4963,31/08/16,Irakleion,35.32787,25.14341,137302,shop_2,adult-cola,plastic,1.5lt,3.29,20322
5116,30/09/16,Irakleion,35.32787,25.14341,137302,shop_2,adult-cola,plastic,1.5lt,2.66,19256
5146,31/10/16,Irakleion,35.32787,25.14341,137302,shop_2,adult-cola,plastic,1.5lt,3.25,15448
5239,30/11/16,Irakleion,35.32787,25.14341,137302,shop_2,adult-cola,plastic,1.5lt,2.92,14045
5326,31/12/16,Irakleion,35.32787,25.14341,137302,shop_2,adult-cola,plastic,1.5lt,2.97,17908
5955,31/07/17,Irakleion,35.32787,25.14341,138200,shop_2,adult-cola,plastic,1.5lt,1.31,40499
6044,31/08/17,Irakleion,35.32787,25.14341,138200,shop_2,adult-cola,plastic,1.5lt,2.43,31011
6137,30/09/17,Irakleion,35.32787,25.14341,138200,shop_2,adult-cola,plastic,1.5lt,2.44,21444
6227,31/10/17,Irakleion,35.32787,25.14341,138200,shop_2,adult-cola,plastic,1.5lt,2.25,24566
6315,30/11/17,Irakleion,35.32787,25.14341,138200,shop_2,adult-cola,plastic,1.5lt,2.34,18250
6406,31/12/17,Irakleion,35.32787,25.14341,138200,shop_2,adult-cola,plastic,1.5lt,2.22,24881
557,31/07/12,Irakleion,35.32787,25.14341,134219,shop_2,adult-cola,can,330ml,0.68,43018
643,31/08/12,Irakleion,35.32787,25.14341,134219,shop_2,adult-cola,can,330ml,0.71,30002
739,30/09/12,Irakleion,35.32787,25.14341,134219,shop_2,adult-cola,can,330ml,0.74,24024
892,31/10/12,Irakleion,35.32787,25.14341,134219,shop_2,adult-cola,can,330ml,0.77,20916
918,30/11/12,Irakleion,35.32787,25.14341,134219,shop_2,adult-cola,can,330ml,0.87,12794
1008,31/12/12,Irakleion,35.32787,25.14341,134219,shop_2,adult-cola,can,330ml,0.75,26768
1634,31/07/13,Irakleion,35.32787,25.14341,135432,shop_2,adult-cola,can,330ml,0.57,55555
1796,31/08/13,Irakleion,35.32787,25.14341,135432,shop_2,adult-cola,can,330ml,0.59,40160
1815,30/09/13,Irakleion,35.32787,25.14341,135432,shop_2,adult-cola,can,330ml,0.64,31668
1907,31/10/13,Irakleion,35.32787,25.14341,135432,shop_2,adult-cola,can,330ml,0.57,33438
1994,30/11/13,Irakleion,35.32787,25.14341,135432,shop_2,adult-cola,can,330ml,0.56,30652
2085,31/12/13,Irakleion,35.32787,25.14341,135432,shop_2,adult-cola,can,330ml,0.57,41308
2716,31/07/14,Irakleion,35.32787,25.14341,136202,shop_2,adult-cola,can,330ml,0.59,55251
2805,31/08/14,Irakleion,35.32787,25.14341,136202,shop_2,adult-cola,can,330ml,0.64,37205
2895,30/09/14,Irakleion,35.32787,25.14341,136202,shop_2,adult-cola,can,330ml,0.56,37168
2985,31/10/14,Irakleion,35.32787,25.14341,136202,shop_2,adult-cola,can,330ml,0.72,25813
3075,30/11/14,Irakleion,35.32787,25.14341,136202,shop_2,adult-cola,can,330ml,0.56,30836
3166,31/12/14,Irakleion,35.32787,25.14341,136202,shop_2,adult-cola,can,330ml,0.77,27533
3796,31/07/15,Irakleion,35.32787,25.14341,138560,shop_2,adult-cola,can,330ml,0.71,45110
3957,31/08/15,Irakleion,35.32787,25.14341,138560,shop_2,adult-cola,can,330ml,0.59,42045
3976,30/09/15,Irakleion,35.32787,25.14341,138560,shop_2,adult-cola,can,330ml,0.5,41549
4137,31/10/15,Irakleion,35.32787,25.14341,138560,shop_2,adult-cola,can,330ml,0.65,30661
4155,30/11/15,Irakleion,35.32787,25.14341,138560,shop_2,adult-cola,can,330ml,0.69,24910
4244,31/12/15,Irakleion,35.32787,25.14341,138560,shop_2,adult-cola,can,330ml,0.66,36582
4878,31/07/16,Irakleion,35.32787,25.14341,137302,shop_2,adult-cola,can,330ml,0.75,42350
4964,31/08/16,Irakleion,35.32787,25.14341,137302,shop_2,adult-cola,can,330ml,0.69,36039
5053,30/09/16,Irakleion,35.32787,25.14341,137302,shop_2,adult-cola,can,330ml,0.69,30759
5147,31/10/16,Irakleion,35.32787,25.14341,137302,shop_2,adult-cola,can,330ml,0.81,22299
5240,30/11/16,Irakleion,35.32787,25.14341,137302,shop_2,adult-cola,can,330ml,0.71,24876
5327,31/12/16,Irakleion,35.32787,25.14341,137302,shop_2,adult-cola,can,330ml,0.68,35949
5956,31/07/17,Irakleion,35.32787,25.14341,138200,shop_2,adult-cola,can,330ml,0.64,53566
6116,31/08/17,Irakleion,35.32787,25.14341,138200,shop_2,adult-cola,can,330ml,0.59,43683
6138,30/09/17,Irakleion,35.32787,25.14341,138200,shop_2,adult-cola,can,330ml,0.68,32477
6228,31/10/17,Irakleion,35.32787,25.14341,138200,shop_2,adult-cola,can,330ml,0.54,38149
6316,30/11/17,Irakleion,35.32787,25.14341,138200,shop_2,adult-cola,can,330ml,0.69,26541
6407,31/12/17,Irakleion,35.32787,25.14341,138200,shop_2,adult-cola,can,330ml,0.81,28717
558,31/07/12,Irakleion,35.32787,25.14341,134219,shop_2,orange-power,glass,500ml,0.87,55919
644,31/08/12,Irakleion,35.32787,25.14341,134219,shop_2,orange-power,glass,500ml,0.63,60576
740,30/09/12,Irakleion,35.32787,25.14341,134219,shop_2,orange-power,,500ml,0.64,54164
828,31/10/12,Irakleion,35.32787,25.14341,134219,shop_2,orange-power,glass,500ml,0.63,43204
919,30/11/12,Irakleion,35.32787,25.14341,134219,shop_2,orange-power,glass,500ml,0.86,33425
1077,31/12/12,Irakleion,35.32787,25.14341,134219,shop_2,orange-power,glass,500ml,0.72,40032
1635,31/07/13,Irakleion,35.32787,25.14341,135432,shop_2,orange-power,glass,500ml,1,42343
1727,31/08/13,Irakleion,35.32787,25.14341,135432,shop_2,orange-power,glass,500ml,0.58,66437
1816,30/09/13,Irakleion,35.32787,25.14341,135432,shop_2,orange-power,glass,500ml,0.76,45221
1908,31/10/13,Irakleion,35.32787,25.14341,135432,shop_2,orange-power,glass,500ml,0.57,48401
1995,30/11/13,Irakleion,35.32787,25.14341,135432,shop_2,orange-power,glass,500ml,0.7,46133
2086,31/12/13,Irakleion,35.32787,25.14341,135432,shop_2,orange-power,glass,500ml,0.71,41986
2717,31/07/14,Irakleion,35.32787,25.14341,136202,shop_2,orange-power,glass,500ml,0.95,50710
2806,31/08/14,Irakleion,35.32787,25.14341,136202,shop_2,orange-power,glass,500ml,0.93,37648
2896,30/09/14,Irakleion,35.32787,25.14341,136202,shop_2,orange-power,glass,500ml,0.93,33609
2986,31/10/14,Irakleion,35.32787,25.14341,136202,shop_2,orange-power,glass,500ml,0.81,34144
3076,30/11/14,Irakleion,35.32787,25.14341,136202,shop_2,orange-power,glass,500ml,0.85,36901
3226,31/12/14,Irakleion,35.32787,25.14341,136202,shop_2,orange-power,glass,500ml,0.79,37461
3797,31/07/15,Irakleion,35.32787,25.14341,138560,shop_2,orange-power,glass,500ml,0.6,96045
3959,31/08/15,Irakleion,35.32787,25.14341,138560,shop_2,orange-power,glass,500ml,1.02,31441
3977,30/09/15,Irakleion,35.32787,25.14341,138560,shop_2,orange-power,glass,500ml,0.66,56167
4065,31/10/15,Irakleion,35.32787,25.14341,138560,shop_2,orange-power,glass,500ml,1,23402
4156,30/11/15,Irakleion,35.32787,25.14341,138560,shop_2,orange-power,glass,500ml,0.67,50684
4245,31/12/15,Irakleion,35.32787,25.14341,138560,shop_2,orange-power,glass,500ml,1.02,23923
4879,31/07/16,Irakleion,35.32787,25.14341,137302,shop_2,orange-power,glass,500ml,0.89,63290
5028,31/08/16,Irakleion,35.32787,25.14341,137302,shop_2,orange-power,glass,500ml,1.01,33811
5119,30/09/16,Irakleion,35.32787,25.14341,137302,shop_2,orange-power,glass,500ml,0.95,34786
5148,31/10/16,Irakleion,35.32787,25.14341,137302,shop_2,orange-power,glass,500ml,0.95,27594
5301,30/11/16,Irakleion,35.32787,25.14341,137302,shop_2,orange-power,glass,500ml,1,28926
5328,31/12/16,Irakleion,35.32787,25.14341,137302,shop_2,orange-power,glass,500ml,0.72,44173
6024,31/07/17,Irakleion,35.32787,25.14341,138200,shop_2,orange-power,glass,500ml,0.76,81051
6045,31/08/17,Irakleion,35.32787,25.14341,138200,shop_2,orange-power,glass,500ml,0.82,50996
6139,30/09/17,Irakleion,35.32787,25.14341,138200,shop_2,orange-power,glass,500ml,1.15,21690
6229,31/10/17,Irakleion,35.32787,25.14341,138200,shop_2,orange-power,glass,500ml,1.05,22871
6382,30/11/17,Irakleion,35.32787,25.14341,138200,shop_2,orange-power,glass,500ml,1.09,24415
6408,31/12/17,Irakleion,35.32787,25.14341,138200,shop_2,orange-power,glass,500ml,1.1,21755
559,31/07/12,Irakleion,,,134219,shop_2,orange-power,plastic,1.5lt,1.92,29726
715,31/08/12,Irakleion,35.32787,25.14341,134219,shop_2,orange-power,plastic,1.5lt,1.31,44174
797,30/09/12,Irakleion,35.32787,25.14341,134219,shop_2,orange-power,plastic,1.5lt,2.09,17097
829,31/10/12,Irakleion,35.32787,25.14341,134219,shop_2,orange-power,plastic,1.5lt,2.11,15553
920,30/11/12,Irakleion,35.32787,25.14341,134219,shop_2,orange-power,plastic,1.5lt,0.86,53058
1009,31/12/12,Irakleion,35.32787,25.14341,134219,shop_2,orange-power,plastic,1.5lt,1.55,30256
1636,31/07/13,Irakleion,35.32787,25.14341,135432,shop_2,orange-power,plastic,1.5lt,2,28726
1728,31/08/13,Irakleion,35.32787,25.14341,135432,shop_2,orange-power,plastic,1.5lt,1.1,49785
1885,30/09/13,Irakleion,35.32787,25.14341,135432,shop_2,orange-power,plastic,1.5lt,1.62,25687
1909,31/10/13,Irakleion,35.32787,25.14341,135432,shop_2,orange-power,plastic,1.5lt,1.62,23706
1996,30/11/13,Irakleion,35.32787,25.14341,135432,shop_2,orange-power,plastic,1.5lt,1.94,19066
2087,31/12/13,Irakleion,35.32787,25.14341,135432,shop_2,orange-power,plastic,1.5lt,1.11,39213
2779,31/07/14,Irakleion,35.32787,25.14341,136202,shop_2,orange-power,plastic,1.5lt,0.98,54289
2807,31/08/14,Irakleion,35.32787,25.14341,136202,shop_2,orange-power,plastic,1.5lt,2.13,26197
2897,30/09/14,Irakleion,35.32787,25.14341,136202,shop_2,orange-power,plastic,1.5lt,1.85,22438
2987,31/10/14,Irakleion,35.32787,25.14341,136202,shop_2,orange-power,plastic,1.5lt,1.97,19011
3077,30/11/14,Irakleion,35.32787,25.14341,136202,shop_2,orange-power,plastic,1.5lt,0.96,34600
3167,31/12/14,Irakleion,35.32787,25.14341,136202,shop_2,orange-power,plastic,1.5lt,1.56,31397
3798,31/07/15,Irakleion,35.32787,25.14341,138560,shop_2,orange-power,plastic,1.5lt,2.07,29170
3886,31/08/15,Irakleion,35.32787,25.14341,138560,shop_2,orange-power,plastic,1.5lt,2.13,27107
3978,30/09/15,Irakleion,35.32787,25.14341,138560,shop_2,orange-power,plastic,1.5lt,1.59,27200
4066,31/10/15,Irakleion,35.32787,25.14341,138560,shop_2,orange-power,plastic,1.5lt,1.7,23627
4157,30/11/15,Irakleion,35.32787,25.14341,138560,shop_2,orange-power,plastic,1.5lt,2.33,14484
4246,31/12/15,Irakleion,35.32787,25.14341,138560,shop_2,orange-power,plastic,1.5lt,1.35,35809
4934,31/07/16,Irakleion,35.32787,25.14341,137302,shop_2,orange-power,plastic,1.5lt,1.35,46721
4965,31/08/16,Irakleion,35.32787,25.14341,137302,shop_2,orange-power,plastic,1.5lt,1.72,37583
5054,30/09/16,Irakleion,35.32787,25.14341,137302,shop_2,orange-power,plastic,1.5lt,1.25,33055
5208,31/10/16,Irakleion,35.32787,25.14341,137302,shop_2,orange-power,plastic,1.5lt,1.48,27327
5241,30/11/16,Irakleion,35.32787,25.14341,137302,shop_2,orange-power,plastic,1.5lt,2.73,9454
5329,31/12/16,Irakleion,35.32787,25.14341,137302,shop_2,orange-power,plastic,1.5lt,2.37,17985
5957,31/07/17,Irakleion,35.32787,25.14341,138200,shop_2,orange-power,,1.5lt,1.44,45371
6046,31/08/17,Irakleion,35.32787,25.14341,138200,shop_2,orange-power,plastic,1.5lt,1.9,34258
6140,30/09/17,Irakleion,35.32787,25.14341,138200,shop_2,orange-power,plastic,1.5lt,1.82,24822
6230,31/10/17,Irakleion,,,138200,shop_2,orange-power,plastic,1.5lt,1.59,26192
6317,30/11/17,Irakleion,35.32787,25.14341,138200,shop_2,orange-power,plastic,1.5lt,2.35,15680
6462,31/12/17,Irakleion,35.32787,25.14341,138200,shop_2,orange-power,plastic,1.5lt,2.03,24921
