ML/data/halfyear.csv
id,date,city,lat,long,pop,shop,brand,container,capacity,price,quantity
560,31/07/12,Irakleion,35.32787,25.14341,134219,shop_2,orange-power,can,330ml,0.54,46344
645,31/08/12,Irakleion,35.32787,25.14341,134219,shop_2,orange-power,can,330ml,0.38,64891
794,30/09/12,Irakleion,35.32787,25.14341,134219,shop_2,orange-power,can,330ml,0.36,63183
830,31/10/12,Irakleion,35.32787,25.14341,134219,shop_2,orange-power,can,330ml,0.31,51986
921,30/11/12,Irakleion,35.32787,25.14341,134219,shop_2,orange-power,can,330ml,0.5,28811
1010,31/12/12,Irakleion,35.32787,25.14341,134219,shop_2,orange-power,can,330ml,0.36,56182
1637,31/07/13,Irakleion,35.32787,25.14341,135432,shop_2,orange-power,can,330ml,0.4,73275
1729,31/08/13,Irakleion,35.32787,25.14341,135432,shop_2,orange-power,can,330ml,0.37,68655
1817,30/09/13,Irakleion,35.32787,25.14341,135432,shop_2,orange-power,can,330ml,0.56,33890
1910,31/10/13,Irakleion,35.32787,25.14341,135432,shop_2,orange-power,can,330ml,0.66,14897
1997,30/11/13,Irakleion,35.32787,25.14341,135432,shop_2,orange-power,can,330ml,0.51,28521
2088,31/12/13,Irakleion,35.32787,,135432,shop_2,orange-power,can,330ml,0.42,49804
2718,31/07/14,Irakleion,35.32787,25.14341,136202,shop_2,orange-power,can,330ml,0.48,60896
2808,31/08/14,Irakleion,35.32787,25.14341,136202,shop_2,orange-power,can,330ml,0.57,38585
2898,30/09/14,Irakleion,35.32787,25.14341,136202,shop_2,orange-power,can,330ml,0.56,36756
2988,31/10/14,Irakleion,35.32787,25.14341,136202,shop_2,orange-power,can,330ml,0.45,38791
3142,30/11/14,Irakleion,35.32787,25.14341,136202,shop_2,orange-power,can,330ml,0.62,19607
3225,31/12/14,Irakleion,35.32787,25.14341,136202,shop_2,orange-power,can,330ml,0.55,34025
3799,31/07/15,Irakleion,35.32787,25.14341,138560,shop_2,orange-power,can,330ml,0.59,43637
3887,31/08/15,Irakleion,35.32787,25.14341,138560,shop_2,orange-power,can,330ml,0.48,54801
3979,30/09/15,Irakleion,35.32787,25.14341,138560,shop_2,orange-power,can,330ml,0.45,53082
4067,31/10/15,Irakleion,35.32787,25.14341,138560,shop_2,orange-power,can,330ml,0.32,53399
4158,30/11/15,Irakleion,35.32787,25.14341,138560,shop_2,orange-power,can,330ml,0.4,41342
4315,31/12/15,Irakleion,35.32787,25.14341,138560,shop_2,orange-power,can,330ml,0.49,43203
4880,31/07/16,Irakleion,35.32787,25.14341,137302,shop_2,orange-power,can,330ml,0.26,103792
4966,31/08/16,Irakleion,35.32787,25.14341,137302,shop_2,orange-power,can,330ml,0.55,44796
5055,30/09/16,Irakleion,35.32787,25.14341,137302,shop_2,orange-power,can,330ml,0.58,36248
5149,31/10/16,Irakleion,35.32787,25.14341,137302,shop_2,orange-power,can,330ml,0.58,27116
5242,30/11/16,Irakleion,35.32787,25.14341,137302,shop_2,orange-power,can,330ml,0.35,47477
5385,31/12/16,Irakleion,35.32787,25.14341,137302,shop_2,orange-power,can,330ml,0.56,35062
5958,31/07/17,Irakleion,35.32787,25.14341,138200,shop_2,orange-power,can,330ml,0.61,44106
6110,31/08/17,Irakleion,35.32787,25.14341,138200,shop_2,orange-power,can,330ml,0.38,72353
6141,30/09/17,Irakleion,35.32787,25.14341,138200,shop_2,orange-power,can,330ml,0.34,70754
6231,31/10/17,Irakleion,35.32787,25.14341,138200,shop_2,orange-power,can,330ml,0.57,29834
6318,30/11/17,Irakleion,35.32787,25.14341,138200,shop_2,orange-power,can,330ml,0.48,36234
6474,31/12/17,Irakleion,35.32787,25.14341,138200,shop_2,orange-power,can,330ml,0.51,42633
561,31/07/12,Irakleion,35.32787,25.14341,134219,shop_2,gazoza,glass,500ml,0.59,69696
646,31/08/12,Irakleion,35.32787,25.14341,134219,shop_2,gazoza,glass,500ml,0.45,83762
741,30/09/12,Irakleion,35.32787,25.14341,134219,shop_2,gazoza,glass,500ml,0.56,56264
831,31/10/12,Irakleion,35.32787,25.14341,134219,shop_2,gazoza,glass,500ml,0.47,54619
922,30/11/12,Irakleion,35.32787,25.14341,134219,shop_2,gazoza,glass,500ml,0.58,50004
1011,31/12/12,Irakleion,35.32787,25.14341,134219,shop_2,gazoza,glass,500ml,0.52,60011
1638,31/07/13,Irakleion,35.32787,25.14341,135432,shop_2,gazoza,glass,500ml,0.65,61294
1730,31/08/13,Irakleion,35.32787,25.14341,135432,shop_2,gazoza,glass,500ml,0.67,45875
1818,30/09/13,Irakleion,35.32787,25.14341,135432,shop_2,gazoza,glass,500ml,0.65,43240
1911,31/10/13,Irakleion,35.32787,25.14341,135432,shop_2,gazoza,glass,500ml,0.63,35899
1998,30/11/13,Irakleion,35.32787,25.14341,135432,shop_2,gazoza,glass,500ml,0.65,41646
2089,31/12/13,Irakleion,35.32787,25.14341,135432,shop_2,gazoza,glass,500ml,0.7,33961
2719,31/07/14,Irakleion,35.32787,25.14341,136202,shop_2,gazoza,glass,500ml,0.65,62885
2809,31/08/14,Irakleion,35.32787,25.14341,136202,shop_2,gazoza,glass,500ml,0.62,56424
2899,30/09/14,Irakleion,35.32787,25.14341,136202,shop_2,gazoza,glass,500ml,0.56,61194
3059,31/10/14,Irakleion,35.32787,25.14341,136202,shop_2,gazoza,glass,500ml,0.66,34435
3078,30/11/14,Irakleion,35.32787,25.14341,136202,shop_2,gazoza,glass,500ml,0.72,33185
3219,31/12/14,Irakleion,35.32787,25.14341,136202,shop_2,gazoza,glass,500ml,0.56,57001
3800,31/07/15,Irakleion,35.32787,25.14341,138560,shop_2,gazoza,glass,500ml,0.6,76956
3888,31/08/15,Irakleion,35.32787,25.14341,138560,shop_2,gazoza,glass,500ml,0.71,42821
3980,30/09/15,Irakleion,35.32787,25.14341,138560,shop_2,gazoza,glass,500ml,0.63,51102
4068,31/10/15,Irakleion,35.32787,25.14341,138560,shop_2,gazoza,glass,500ml,0.76,24273
4159,30/11/15,Irakleion,35.32787,25.14341,138560,shop_2,gazoza,glass,500ml,0.56,57577
4247,31/12/15,Irakleion,35.32787,25.14341,138560,shop_2,gazoza,glass,500ml,0.54,61583
4881,31/07/16,Irakleion,35.32787,25.14341,137302,shop_2,gazoza,glass,500ml,0.71,57343
4967,31/08/16,Irakleion,35.32787,25.14341,137302,shop_2,gazoza,glass,500ml,0.68,51559
5056,30/09/16,Irakleion,35.32787,25.14341,137302,shop_2,gazoza,glass,500ml,0.71,41129
5150,31/10/16,Irakleion,35.32787,25.14341,137302,shop_2,gazoza,glass,500ml,0.63,40395
5302,30/11/16,Irakleion,35.32787,25.14341,137302,shop_2,gazoza,glass,500ml,0.62,50738
5382,31/12/16,Irakleion,35.32787,25.14341,137302,shop_2,gazoza,glass,500ml,0.78,28699
5959,31/07/17,Irakleion,35.32787,25.14341,138200,shop_2,gazoza,glass,500ml,0.75,52517
6047,31/08/17,Irakleion,35.32787,25.14341,138200,shop_2,gazoza,glass,500ml,0.7,51019
6142,30/09/17,Irakleion,35.32787,25.14341,138200,shop_2,gazoza,glass,500ml,0.69,46996
6232,31/10/17,Irakleion,35.32787,25.14341,138200,shop_2,gazoza,glass,500ml,0.59,46598
6319,30/11/17,Irakleion,35.32787,25.14341,138200,shop_2,gazoza,glass,500ml,0.75,34920
6409,31/12/17,Irakleion,35.32787,25.14341,138200,shop_2,gazoza,glass,500ml,0.75,35852
562,31/07/12,Irakleion,35.32787,25.14341,134219,shop_2,gazoza,plastic,1.5lt,0.67,71805
701,31/08/12,Irakleion,35.32787,25.14341,134219,shop_2,gazoza,plastic,1.5lt,0.93,41595
742,30/09/12,Irakleion,35.32787,25.14341,134219,shop_2,gazoza,plastic,1.5lt,1.03,36672
832,31/10/12,Irakleion,35.32787,25.14341,134219,shop_2,gazoza,plastic,1.5lt,0.93,36455
984,30/11/12,Irakleion,35.32787,25.14341,134219,shop_2,gazoza,plastic,1.5lt,0.54,36874
1012,31/12/12,Irakleion,,25.14341,134219,shop_2,gazoza,plastic,1.5lt,0.98,35066
1639,31/07/13,Irakleion,35.32787,25.14341,135432,shop_2,gazoza,plastic,1.5lt,0.75,68015
1731,31/08/13,Irakleion,35.32787,25.14341,135432,shop_2,gazoza,plastic,1.5lt,0.98,40327
1819,30/09/13,Irakleion,35.32787,25.14341,135432,shop_2,gazoza,plastic,1.5lt,0.75,49118
1912,31/10/13,Irakleion,35.32787,25.14341,135432,shop_2,gazoza,plastic,1.5lt,0.88,38987
1999,30/11/13,Irakleion,35.32787,25.14341,135432,shop_2,gazoza,plastic,1.5lt,1.02,24603
2090,31/12/13,Irakleion,35.32787,25.14341,135432,shop_2,gazoza,plastic,1.5lt,1.08,32335
2720,31/07/14,Irakleion,35.32787,25.14341,136202,shop_2,gazoza,plastic,1.5lt,1.02,53659
2810,31/08/14,Irakleion,35.32787,25.14341,136202,shop_2,gazoza,plastic,1.5lt,0.72,51654
2900,30/09/14,Irakleion,35.32787,25.14341,136202,shop_2,gazoza,plastic,1.5lt,1.05,37696
2989,31/10/14,Irakleion,35.32787,25.14341,136202,shop_2,gazoza,plastic,1.5lt,0.49,53861
3079,30/11/14,Irakleion,35.32787,25.14341,136202,shop_2,gazoza,plastic,1.5lt,0.88,28908
3168,31/12/14,Irakleion,35.32787,25.14341,136202,shop_2,gazoza,plastic,1.5lt,1.08,33141
3861,31/07/15,Irakleion,35.32787,25.14341,138560,shop_2,gazoza,plastic,1.5lt,1.11,50187
3889,31/08/15,Irakleion,35.32787,25.14341,138560,shop_2,gazoza,plastic,1.5lt,1.27,30231
3981,30/09/15,Irakleion,35.32787,25.14341,138560,shop_2,gazoza,plastic,1.5lt,1.03,39314
4069,31/10/15,Irakleion,,25.14341,138560,shop_2,gazoza,plastic,1.5lt,1.28,26320
4160,30/11/15,Irakleion,35.32787,25.14341,138560,shop_2,gazoza,plastic,1.5lt,1.06,24772
4248,31/12/15,Irakleion,35.32787,25.14341,138560,shop_2,gazoza,plastic,1.5lt,1.39,22806
4947,31/07/16,Irakleion,35.32787,25.14341,137302,shop_2,gazoza,plastic,1.5lt,1.22,45690
4968,31/08/16,Irakleion,35.32787,25.14341,137302,shop_2,gazoza,plastic,1.5lt,0.99,42449
5057,30/09/16,Irakleion,35.32787,25.14341,137302,shop_2,gazoza,plastic,1.5lt,1.05,39470
5151,31/10/16,Irakleion,35.32787,25.14341,137302,shop_2,gazoza,plastic,1.5lt,1.57,17259
5243,30/11/16,Irakleion,35.32787,25.14341,137302,shop_2,gazoza,plastic,1.5lt,0.99,26884
5330,31/12/16,Irakleion,35.32787,25.14341,137302,shop_2,gazoza,plastic,1.5lt,0.91,40584
5960,31/07/17,Irakleion,35.32787,25.14341,138200,shop_2,gazoza,plastic,1.5lt,1.34,40219
6119,31/08/17,Irakleion,35.32787,25.14341,138200,shop_2,gazoza,plastic,1.5lt,1.38,28316
6143,30/09/17,Irakleion,35.32787,25.14341,138200,shop_2,gazoza,plastic,1.5lt,1.2,34565
6289,31/10/17,Irakleion,35.32787,25.14341,138200,shop_2,gazoza,plastic,1.5lt,0.83,43283
6320,30/11/17,Irakleion,35.32787,25.14341,138200,shop_2,gazoza,plastic,1.5lt,1.4,17402
6410,31/12/17,Irakleion,35.32787,25.14341,138200,shop_2,gazoza,plastic,1.5lt,0.93,40514
563,31/07/12,Irakleion,35.32787,25.14341,134219,shop_2,gazoza,can,330ml,0.22,145287
647,31/08/12,Irakleion,35.32787,25.14341,134219,shop_2,gazoza,can,330ml,0.37,44337
743,30/09/12,Irakleion,35.32787,25.14341,134219,shop_2,gazoza,can,330ml,0.18,93035
833,31/10/12,Irakleion,35.32787,25.14341,134219,shop_2,gazoza,can,330ml,0.24,57589
923,30/11/12,Irakleion,35.32787,25.14341,134219,shop_2,gazoza,can,330ml,0.21,73231
1013,31/12/12,Irakleion,35.32787,25.14341,134219,shop_2,gazoza,can,330ml,0.31,61168
1640,31/07/13,Irakleion,35.32787,25.14341,135432,shop_2,gazoza,can,330ml,0.35,83584
1732,31/08/13,Irakleion,35.32787,25.14341,135432,shop_2,gazoza,can,330ml,0.27,76077
1820,30/09/13,Irakleion,35.32787,25.14341,135432,shop_2,gazoza,can,330ml,0.21,84624
1913,31/10/13,Irakleion,35.32787,25.14341,135432,shop_2,gazoza,can,330ml,0.3,47500
2062,30/11/13,Irakleion,35.32787,25.14341,135432,shop_2,gazoza,can,330ml,0.27,59176
2091,31/12/13,Irakleion,35.32787,25.14341,135432,shop_2,gazoza,can,330ml,0.33,57364
2721,31/07/14,Irakleion,35.32787,25.14341,136202,shop_2,gazoza,can,330ml,0.28,123384
2811,31/08/14,Irakleion,35.32787,25.14341,136202,shop_2,gazoza,can,330ml,0.25,85681
2901,30/09/14,Irakleion,35.32787,25.14341,136202,shop_2,gazoza,can,330ml,0.36,47765
2990,31/10/14,Irakleion,35.32787,25.14341,136202,shop_2,gazoza,can,330ml,0.34,39810
3080,30/11/14,Irakleion,35.32787,25.14341,136202,shop_2,gazoza,can,330ml,0.36,40883
3239,31/12/14,Irakleion,35.32787,25.14341,136202,shop_2,gazoza,can,330ml,0.3,65214
3801,31/07/15,Irakleion,35.32787,25.14341,138560,shop_2,gazoza,can,330ml,0.4,70720
3890,31/08/15,Irakleion,35.32787,25.14341,138560,shop_2,gazoza,can,330ml,0.33,62577
3982,30/09/15,Irakleion,35.32787,25.14341,138560,shop_2,gazoza,can,330ml,0.4,37862
4070,31/10/15,Irakleion,35.32787,25.14341,138560,shop_2,gazoza,can,330ml,0.35,39130
4161,30/11/15,Irakleion,35.32787,25.14341,138560,shop_2,gazoza,can,330ml,0.4,32762
4319,31/12/15,Irakleion,35.32787,25.14341,138560,shop_2,gazoza,can,330ml,0.32,61898
4942,31/07/16,Irakleion,35.32787,25.14341,137302,shop_2,gazoza,can,330ml,0.32,109263
5034,31/08/16,Irakleion,35.32787,25.14341,137302,shop_2,gazoza,can,330ml,0.39,46988
5125,30/09/16,Irakleion,35.32787,25.14341,137302,shop_2,gazoza,can,330ml,0.38,44566
5152,31/10/16,Irakleion,35.32787,25.14341,137302,shop_2,gazoza,can,330ml,0.39,33798
5244,30/11/16,Irakleion,35.32787,25.14341,137302,shop_2,gazoza,can,330ml,0.41,32387
5331,31/12/16,Irakleion,35.32787,25.14341,137302,shop_2,gazoza,can,330ml,0.37,52445
5961,31/07/17,Irakleion,35.32787,25.14341,138200,shop_2,gazoza,can,330ml,0.44,58192
6048,31/08/17,Irakleion,35.32787,25.14341,138200,shop_2,gazoza,can,330ml,0.34,64079
6198,30/09/17,Irakleion,35.32787,25.14341,138200,shop_2,gazoza,can,330ml,0.42,37863
6299,31/10/17,Irakleion,35.32787,25.14341,138200,shop_2,gazoza,can,330ml,0.39,35149
6321,30/11/17,Irakleion,35.32787,25.14341,138200,shop_2,gazoza,can,330ml,0.37,43833
6411,31/12/17,Irakleion,35.32787,25.14341,138200,shop_2,gazoza,can,330ml,0.39,47261
564,31/07/12,Irakleion,35.32787,25.14341,134219,shop_2,lemon-boost,glass,500ml,0.91,40870
648,31/08/12,Irakleion,35.32787,25.14341,134219,shop_2,lemon-boost,glass,500ml,0.93,29998
744,30/09/12,Irakleion,35.32787,25.14341,134219,shop_2,lemon-boost,glass,500ml,0.95,23799
834,31/10/12,Irakleion,35.32787,25.14341,134219,shop_2,lemon-boost,glass,500ml,0.93,23888
924,30/11/12,Irakleion,35.32787,25.14341,134219,shop_2,lemon-boost,glass,500ml,0.82,21908
1069,31/12/12,Irakleion,35.32787,25.14341,134219,shop_2,lemon-boost,glass,500ml,1,18292
1641,31/07/13,Irakleion,35.32787,25.14341,135432,shop_2,lemon-boost,glass,500ml,0.66,58941
1793,31/08/13,Irakleion,35.32787,25.14341,135432,shop_2,lemon-boost,glass,500ml,0.96,29249
1821,30/09/13,Irakleion,35.32787,25.14341,135432,shop_2,lemon-boost,glass,500ml,1.04,20986
1914,31/10/13,Irakleion,35.32787,25.14341,135432,shop_2,lemon-boost,glass,500ml,0.96,23267
2000,30/11/13,Irakleion,35.32787,25.14341,135432,shop_2,lemon-boost,glass,500ml,1.18,11166
2153,31/12/13,Irakleion,35.32787,25.14341,135432,shop_2,lemon-boost,glass,500ml,0.89,23000
2722,31/07/14,Irakleion,35.32787,25.14341,136202,shop_2,lemon-boost,glass,500ml,1.04,34556
2863,31/08/14,Irakleion,35.32787,25.14341,136202,shop_2,lemon-boost,glass,500ml,0.92,32461
2902,30/09/14,Irakleion,35.32787,25.14341,136202,shop_2,lemon-boost,glass,500ml,0.87,29087
2991,31/10/14,Irakleion,35.32787,25.14341,136202,shop_2,lemon-boost,glass,500ml,1.19,15131
3081,30/11/14,Irakleion,35.32787,25.14341,136202,shop_2,lemon-boost,glass,500ml,0.96,18645
3169,31/12/14,Irakleion,35.32787,25.14341,136202,shop_2,lemon-boost,glass,500ml,0.86,24909
3802,31/07/15,Irakleion,35.32787,25.14341,138560,shop_2,lemon-boost,glass,500ml,0.98,40118
3891,31/08/15,Irakleion,35.32787,25.14341,138560,shop_2,lemon-boost,glass,500ml,0.74,42090
3983,30/09/15,Irakleion,35.32787,25.14341,138560,shop_2,lemon-boost,glass,500ml,0.82,31923
4130,31/10/15,Irakleion,35.32787,25.14341,138560,shop_2,lemon-boost,glass,500ml,0.85,29106
4162,30/11/15,Irakleion,35.32787,25.14341,138560,shop_2,lemon-boost,glass,500ml,0.74,25723
4249,31/12/15,Irakleion,35.32787,25.14341,138560,shop_2,lemon-boost,glass,500ml,0.95,22160
4939,31/07/16,Irakleion,35.32787,25.14341,137302,shop_2,lemon-boost,glass,500ml,1.02,39007
5031,31/08/16,Irakleion,35.32787,25.14341,137302,shop_2,lemon-boost,glass,500ml,1.11,25080
5058,30/09/16,Irakleion,35.32787,25.14341,137302,shop_2,lemon-boost,glass,500ml,1.06,22986
5153,31/10/16,Irakleion,35.32787,25.14341,137302,shop_2,lemon-boost,glass,500ml,0.88,28643
5245,30/11/16,Irakleion,35.32787,25.14341,137302,shop_2,lemon-boost,glass,500ml,0.97,19460
5332,31/12/16,Irakleion,35.32787,25.14341,137302,shop_2,lemon-boost,glass,500ml,1.02,20777
5962,31/07/17,Irakleion,35.32787,25.14341,138200,shop_2,lemon-boost,glass,500ml,1.07,37387
6049,31/08/17,Irakleion,35.32787,25.14341,138200,shop_2,lemon-boost,glass,500ml,1.1,26844
6144,30/09/17,Irakleion,35.32787,25.14341,138200,shop_2,lemon-boost,glass,500ml,0.74,36296
6233,31/10/17,Irakleion,35.32787,25.14341,138200,shop_2,lemon-boost,glass,500ml,0.86,30222
6322,30/11/17,Irakleion,35.32787,25.14341,138200,shop_2,lemon-boost,glass,500ml,0.95,20594
6412,31/12/17,Irakleion,35.32787,25.14341,138200,shop_2,lemon-boost,glass,500ml,1.15,17125
