ML/data/halfyear.csv
id,date,city,lat,long,pop,shop,brand,container,capacity,price,quantity
565,31/07/12,Irakleion,35.32787,25.14341,134219,shop_2,lemon-boost,plastic,1.5lt,2.09,23622
712,31/08/12,Irakleion,35.32787,25.14341,134219,shop_2,lemon-boost,plastic,1.5lt,2.35,17288
803,30/09/12,Irakleion,35.32787,25.14341,134219,shop_2,lemon-boost,plastic,1.5lt,2.08,19764
835,31/10/12,Irakleion,35.32787,25.14341,134219,shop_2,lemon-boost,plastic,1.5lt,2.27,15505
925,30/11/12,Irakleion,35.32787,25.14341,134219,shop_2,lemon-boost,plastic,1.5lt,0.85,25631
1014,31/12/12,Irakleion,35.32787,25.14341,134219,shop_2,lemon-boost,plastic,1.5lt,2.13,15467
1642,31/07/13,Irakleion,35.32787,25.14341,135432,shop_2,lemon-boost,plastic,1.5lt,2.21,22708
1795,31/08/13,Irakleion,35.32787,25.14341,135432,shop_2,lemon-boost,plastic,1.5lt,1.9,23533
1822,30/09/13,Irakleion,35.32787,25.14341,135432,shop_2,lemon-boost,plastic,1.5lt,2.46,15765
1915,31/10/13,Irakleion,35.32787,25.14341,135432,shop_2,lemon-boost,plastic,1.5lt,2.64,12081
2001,30/11/13,Irakleion,35.32787,25.14341,135432,shop_2,lemon-boost,plastic,1.5lt,1.48,20252
2159,31/12/13,Irakleion,35.32787,25.14341,135432,shop_2,lemon-boost,plastic,1.5lt,1.98,17328
2723,31/07/14,Irakleion,35.32787,25.14341,136202,shop_2,lemon-boost,plastic,1.5lt,2.2,23431
2812,31/08/14,Irakleion,35.32787,25.14341,136202,shop_2,lemon-boost,plastic,1.5lt,1.85,24649
2903,30/09/14,Irakleion,35.32787,25.14341,136202,shop_2,lemon-boost,plastic,1.5lt,2.35,17718
3050,31/10/14,Irakleion,35.32787,25.14341,136202,shop_2,lemon-boost,plastic,1.5lt,2.17,17614
3082,30/11/14,Irakleion,35.32787,25.14341,136202,shop_2,lemon-boost,plastic,1.5lt,2.76,9545
3170,31/12/14,Irakleion,35.32787,25.14341,136202,shop_2,lemon-boost,plastic,1.5lt,2.28,14955
3803,31/07/15,Irakleion,35.32787,25.14341,138560,shop_2,lemon-boost,plastic,1.5lt,2.45,20629
3943,31/08/15,Irakleion,35.32787,25.14341,138560,shop_2,lemon-boost,plastic,1.5lt,1.9,24534
3984,30/09/15,Irakleion,35.32787,25.14341,138560,shop_2,lemon-boost,plastic,1.5lt,1.83,24266
4122,31/10/15,Irakleion,35.32787,25.14341,138560,shop_2,lemon-boost,plastic,1.5lt,0.99,30033
4163,30/11/15,Irakleion,35.32787,25.14341,138560,shop_2,lemon-boost,plastic,1.5lt,2.83,9453
4250,31/12/15,Irakleion,35.32787,25.14341,138560,shop_2,lemon-boost,plastic,1.5lt,1.9,18917
4882,31/07/16,Irakleion,35.32787,25.14341,137302,shop_2,lemon-boost,plastic,1.5lt,1.48,34433
4969,31/08/16,Irakleion,35.32787,25.14341,137302,shop_2,lemon-boost,plastic,1.5lt,1.92,24817
5059,30/09/16,Irakleion,35.32787,25.14341,137302,shop_2,lemon-boost,plastic,1.5lt,1.18,31890
5209,31/10/16,Irakleion,35.32787,25.14341,137302,shop_2,lemon-boost,plastic,1.5lt,1.63,23901
5246,30/11/16,Irakleion,35.32787,25.14341,137302,shop_2,lemon-boost,plastic,1.5lt,1.82,18249
5333,31/12/16,Irakleion,,,137302,shop_2,lemon-boost,plastic,1.5lt,1.71,20969
5963,31/07/17,Irakleion,35.32787,25.14341,138200,shop_2,lemon-boost,plastic,1.5lt,1.67,32290
6050,31/08/17,Irakleion,35.32787,25.14341,138200,shop_2,lemon-boost,plastic,1.5lt,2.1,23189
6145,30/09/17,Irakleion,35.32787,25.14341,138200,shop_2,lemon-boost,plastic,1.5lt,1.82,25166
6234,31/10/17,Irakleion,35.32787,25.14341,138200,shop_2,lemon-boost,plastic,1.5lt,2.65,14314
6386,30/11/17,Irakleion,35.32787,25.14341,138200,shop_2,lemon-boost,plastic,1.5lt,2.11,16198
6413,31/12/17,Irakleion,35.32787,25.14341,138200,shop_2,lemon-boost,plastic,1.5lt,2.7,12563
566,31/07/12,Patra,38.24444,21.73444,164250,shop_6,kinder-cola,glass,500ml,1.35,30386
650,31/08/12,Patra,38.24444,21.73444,164250,shop_6,kinder-cola,glass,500ml,1.3,26601
795,30/09/12,Patra,38.24444,21.73444,164250,shop_6,kinder-cola,glass,500ml,1.38,21310
894,31/10/12,Patra,38.24444,21.73444,164250,shop_6,kinder-cola,glass,500ml,1.2,20556
926,30/11/12,Patra,38.24444,21.73444,164250,shop_6,kinder-cola,glass,500ml,1.23,16662
1016,31/12/12,Patra,38.24444,21.73444,164250,shop_6,kinder-cola,glass,500ml,1.23,24272
1643,31/07/13,Patra,38.24444,21.73444,166301,shop_6,kinder-cola,glass,500ml,1.21,37247
1734,31/08/13,Patra,38.24444,21.73444,166301,shop_6,kinder-cola,glass,500ml,1.3,27822
1824,30/09/13,Patra,38.24444,21.73444,166301,shop_6,kinder-cola,glass,500ml,1.46,19658
1917,31/10/13,Patra,38.24444,21.73444,166301,shop_6,kinder-cola,glass,500ml,0.99,25858
2003,30/11/13,Patra,38.24444,21.73444,166301,shop_6,kinder-cola,glass,500ml,0.87,23921
2093,31/12/13,Patra,38.24444,21.73444,166301,shop_6,kinder-cola,glass,500ml,1.43,19717
2725,31/07/14,Patra,38.24444,21.73444,167242,shop_6,kinder-cola,glass,500ml,1.31,34148
2814,31/08/14,Patra,38.24444,21.73444,167242,shop_6,kinder-cola,glass,500ml,1.02,37534
2905,30/09/14,Patra,38.24444,21.73444,167242,shop_6,kinder-cola,glass,500ml,1.08,31440
2993,31/10/14,Patra,38.24444,21.73444,167242,shop_6,kinder-cola,glass,500ml,1.21,21415
3084,30/11/14,Patra,38.24444,21.73444,167242,shop_6,kinder-cola,glass,500ml,1.16,18991
3172,31/12/14,Patra,38.24444,21.73444,167242,shop_6,kinder-cola,glass,500ml,1.37,22174
3805,31/07/15,Patra,38.24444,21.73444,167001,shop_6,kinder-cola,glass,500ml,1.42,31349
3893,31/08/15,Patra,38.24444,21.73444,167001,shop_6,kinder-cola,glass,500ml,1.34,28089
3986,30/09/15,Patra,38.24444,21.73444,167001,shop_6,kinder-cola,glass,500ml,1.46,21584
4071,31/10/15,Patra,38.24444,21.73444,167001,shop_6,kinder-cola,glass,500ml,1.51,15591
4165,30/11/15,Patra,38.24444,21.73444,167001,shop_6,kinder-cola,glass,500ml,1.29,17150
4252,31/12/15,Patra,38.24444,21.73444,167001,shop_6,kinder-cola,glass,500ml,1.18,27854
4883,31/07/16,Patra,38.24444,21.73444,168254,shop_6,kinder-cola,glass,500ml,1.37,34145
4971,31/08/16,Patra,38.24444,21.73444,168254,shop_6,kinder-cola,glass,500ml,1.51,23879
5061,30/09/16,Patra,38.24444,21.73444,168254,shop_6,kinder-cola,glass,500ml,1.22,28909
5155,31/10/16,Patra,38.24444,21.73444,168254,shop_6,kinder-cola,glass,500ml,1.35,19562
5304,30/11/16,Patra,38.24444,21.73444,168254,shop_6,kinder-cola,glass,500ml,1.62,11727
5335,31/12/16,Patra,38.24444,21.73444,168254,shop_6,kinder-cola,glass,500ml,1.18,28656
5965,31/07/17,Patra,38.24444,21.73444,168501,shop_6,kinder-cola,glass,500ml,1.19,41822
6052,31/08/17,Patra,38.24444,21.73444,168501,shop_6,kinder-cola,glass,500ml,1.22,33411
6146,30/09/17,Patra,38.24444,21.73444,168501,shop_6,kinder-cola,glass,500ml,1.39,25164
6236,31/10/17,Patra,38.24444,21.73444,168501,shop_6,kinder-cola,glass,500ml,1.34,20361
6323,30/11/17,Patra,38.24444,21.73444,168501,shop_6,kinder-cola,glass,500ml,1.36,16783
6414,31/12/17,Patra,38.24444,21.73444,168501,shop_6,kinder-cola,glass,500ml,1.24,27710
567,31/07/12,Patra,38.24444,21.73444,164250,shop_6,kinder-cola,plastic,1.5lt,2.12,33050
651,31/08/12,Patra,38.24444,21.73444,164250,shop_6,kinder-cola,plastic,1.5lt,3.15,18410
746,30/09/12,Patra,38.24444,21.73444,164250,shop_6,kinder-cola,plastic,1.5lt,3.32,15672
837,31/10/12,Patra,38.24444,21.73444,164250,shop_6,kinder-cola,plastic,1.5lt,3.94,9179
927,30/11/12,Patra,38.24444,21.73444,164250,shop_6,kinder-cola,plastic,1.5lt,3.45,9768
1017,31/12/12,Patra,38.24444,21.73444,164250,shop_6,kinder-cola,plastic,1.5lt,3.68,11714
1644,31/07/13,Patra,38.24444,21.73444,166301,shop_6,kinder-cola,plastic,1.5lt,2.41,30710
1735,31/08/13,Patra,38.24444,21.73444,166301,shop_6,kinder-cola,plastic,1.5lt,1.89,28623
1825,30/09/13,Patra,38.24444,21.73444,166301,shop_6,kinder-cola,plastic,1.5lt,3.74,13236
1918,31/10/13,Patra,,21.73444,166301,shop_6,kinder-cola,plastic,1.5lt,2.62,17287
2004,30/11/13,Patra,38.24444,21.73444,166301,shop_6,kinder-cola,plastic,1.5lt,2.43,14926
2094,31/12/13,Patra,38.24444,21.73444,166301,shop_6,kinder-cola,plastic,1.5lt,2.91,17051
2789,31/07/14,Patra,38.24444,21.73444,167242,shop_6,kinder-cola,plastic,1.5lt,3.57,20373
2877,31/08/14,Patra,38.24444,21.73444,167242,shop_6,kinder-cola,plastic,1.5lt,3.46,17162
2906,30/09/14,Patra,38.24444,21.73444,167242,shop_6,kinder-cola,plastic,1.5lt,2.57,21827
2994,31/10/14,Patra,38.24444,21.73444,167242,shop_6,kinder-cola,plastic,1.5lt,2.63,17565
3085,30/11/14,Patra,38.24444,21.73444,167242,shop_6,kinder-cola,plastic,1.5lt,2.48,14920
3173,31/12/14,Patra,38.24444,21.73444,167242,shop_6,kinder-cola,plastic,1.5lt,3.47,13990
3806,31/07/15,Patra,38.24444,21.73444,167001,shop_6,kinder-cola,plastic,1.5lt,3.39,22745
3894,31/08/15,Patra,38.24444,21.73444,167001,shop_6,kinder-cola,plastic,1.5lt,2.67,23488
3987,30/09/15,Patra,38.24444,21.73444,167001,shop_6,kinder-cola,plastic,1.5lt,2.11,25300
4072,31/10/15,Patra,38.24444,21.73444,167001,shop_6,kinder-cola,plastic,1.5lt,3.13,15120
4166,30/11/15,Patra,38.24444,21.73444,167001,shop_6,kinder-cola,plastic,1.5lt,2.32,15866
4253,31/12/15,Patra,38.24444,21.73444,167001,shop_6,kinder-cola,plastic,1.5lt,2.57,19833
4884,31/07/16,Patra,38.24444,21.73444,168254,shop_6,kinder-cola,plastic,1.5lt,2.82,28474
4972,31/08/16,Patra,38.24444,21.73444,168254,shop_6,kinder-cola,plastic,1.5lt,3.19,20128
5062,30/09/16,Patra,38.24444,21.73444,168254,shop_6,kinder-cola,plastic,1.5lt,3.61,15738
5156,31/10/16,Patra,38.24444,21.73444,168254,shop_6,kinder-cola,plastic,1.5lt,3.23,14936
5248,30/11/16,Patra,38.24444,21.73444,168254,shop_6,kinder-cola,plastic,1.5lt,3.54,10775
5336,31/12/16,Patra,38.24444,21.73444,168254,shop_6,kinder-cola,plastic,1.5lt,3.29,15956
5966,31/07/17,Patra,38.24444,21.73444,168501,shop_6,kinder-cola,plastic,1.5lt,3.41,23835
6053,31/08/17,Patra,38.24444,21.73444,168501,shop_6,kinder-cola,plastic,1.5lt,3.89,15652
6147,30/09/17,Patra,38.24444,21.73444,168501,shop_6,kinder-cola,plastic,1.5lt,3.08,19589
6237,31/10/17,Patra,38.24444,21.73444,168501,shop_6,kinder-cola,plastic,1.5lt,2.49,19202
6324,30/11/17,Patra,38.24444,21.73444,168501,shop_6,kinder-cola,plastic,1.5lt,3.02,13315
6415,31/12/17,Patra,38.24444,21.73444,168501,shop_6,kinder-cola,plastic,1.5lt,2.02,23684
568,31/07/12,Patra,38.24444,21.73444,164250,shop_6,adult-cola,glass,500ml,1.13,51810
653,31/08/12,Patra,38.24444,21.73444,164250,shop_6,adult-cola,glass,500ml,1.2,43742
748,30/09/12,Patra,38.24444,21.73444,164250,shop_6,adult-cola,glass,500ml,1.43,21190
839,31/10/12,Patra,38.24444,21.73444,164250,shop_6,adult-cola,glass,500ml,1.27,20019
929,30/11/12,Patra,38.24444,21.73444,164250,shop_6,adult-cola,glass,500ml,0.74,41603
1019,31/12/12,Patra,38.24444,21.73444,164250,shop_6,adult-cola,glass,500ml,1.35,24156
1645,31/07/13,Patra,38.24444,21.73444,166301,shop_6,adult-cola,glass,500ml,1.18,49728
1792,31/08/13,Patra,38.24444,21.73444,166301,shop_6,adult-cola,glass,500ml,1.07,54909
1827,30/09/13,Patra,38.24444,21.73444,166301,shop_6,adult-cola,glass,500ml,1.4,24096
1920,31/10/13,Patra,38.24444,21.73444,166301,shop_6,adult-cola,glass,500ml,0.85,36696
2006,30/11/13,Patra,38.24444,21.73444,166301,shop_6,adult-cola,glass,500ml,1.31,20586
2096,31/12/13,Patra,38.24444,21.73444,166301,shop_6,adult-cola,glass,500ml,1.1,38980
2726,31/07/14,Patra,38.24444,21.73444,167242,shop_6,adult-cola,glass,500ml,1.37,37733
2816,31/08/14,Patra,38.24444,21.73444,167242,shop_6,adult-cola,glass,500ml,1.11,53278
2908,30/09/14,Patra,38.24444,21.73444,167242,shop_6,adult-cola,glass,500ml,0.7,64112
2996,31/10/14,Patra,38.24444,21.73444,167242,shop_6,adult-cola,glass,500ml,1.19,24973
3087,30/11/14,Patra,38.24444,21.73444,167242,shop_6,adult-cola,glass,500ml,0.87,38254
3175,31/12/14,Patra,38.24444,21.73444,167242,shop_6,adult-cola,glass,500ml,0.92,49461
3808,31/07/15,Patra,38.24444,21.73444,167001,shop_6,adult-cola,glass,500ml,0.9,74104
3896,31/08/15,Patra,38.24444,21.73444,167001,shop_6,adult-cola,glass,500ml,1.51,27718
3989,30/09/15,Patra,38.24444,21.73444,167001,shop_6,adult-cola,glass,500ml,1.16,40172
4074,31/10/15,Patra,38.24444,21.73444,167001,shop_6,adult-cola,glass,500ml,0.75,41633
4168,30/11/15,Patra,38.24444,21.73444,167001,shop_6,adult-cola,glass,500ml,0.97,35137
4255,31/12/15,Patra,38.24444,21.73444,167001,shop_6,adult-cola,glass,500ml,0.93,50375
4886,31/07/16,Patra,38.24444,21.73444,168254,shop_6,adult-cola,glass,500ml,1.05,64343
4974,31/08/16,Patra,38.24444,21.73444,168254,shop_6,adult-cola,glass,500ml,1.09,57800
5063,30/09/16,Patra,38.24444,21.73444,168254,shop_6,adult-cola,glass,500ml,0.91,54329
5158,31/10/16,Patra,38.24444,21.73444,168254,shop_6,adult-cola,glass,500ml,1.36,20941
5250,30/11/16,Patra,38.24444,21.73444,168254,shop_6,adult-cola,glass,500ml,1.49,16984
5338,31/12/16,Patra,38.24444,21.73444,168254,shop_6,adult-cola,glass,500ml,1.19,38414
6010,31/07/17,Patra,38.24444,21.73444,168501,shop_6,adult-cola,glass,500ml,1.21,54942
6055,31/08/17,Patra,38.24444,21.73444,168501,shop_6,adult-cola,glass,500ml,0.98,66413
6149,30/09/17,Patra,38.24444,21.73444,168501,shop_6,adult-cola,glass,500ml,1.22,39722
6239,31/10/17,Patra,38.24444,,168501,shop_6,adult-cola,glass,500ml,1.11,30549
6326,30/11/17,Patra,38.24444,21.73444,168501,shop_6,adult-cola,glass,500ml,1.05,33731
6477,31/12/17,Patra,38.24444,21.73444,168501,shop_6,adult-cola,glass,500ml,1.02,47708
569,31/07/12,Patra,38.24444,21.73444,164250,shop_6,adult-cola,plastic,1.5lt,2.78,33582
654,31/08/12,Patra,38.24444,21.73444,164250,shop_6,adult-cola,plastic,1.5lt,2.03,43546
808,30/09/12,Patra,38.24444,21.73444,164250,shop_6,adult-cola,plastic,1.5lt,2.91,23363
840,31/10/12,Patra,38.24444,21.73444,164250,shop_6,adult-cola,plastic,1.5lt,2.97,18951
930,30/11/12,Patra,38.24444,21.73444,164250,shop_6,adult-cola,plastic,1.5lt,2.76,20869
1020,31/12/12,Patra,38.24444,21.73444,164250,shop_6,adult-cola,plastic,1.5lt,2.42,27105
1646,31/07/13,Patra,38.24444,21.73444,166301,shop_6,adult-cola,plastic,1.5lt,2.26,44071
1737,31/08/13,Patra,38.24444,21.73444,166301,shop_6,adult-cola,plastic,1.5lt,2.34,39058
1875,30/09/13,Patra,38.24444,21.73444,166301,shop_6,adult-cola,plastic,1.5lt,1.97,36921
1921,31/10/13,Patra,38.24444,21.73444,166301,shop_6,adult-cola,plastic,1.5lt,2.28,27597
2007,30/11/13,Patra,38.24444,21.73444,166301,shop_6,adult-cola,plastic,1.5lt,2.8,21118
2097,31/12/13,Patra,38.24444,21.73444,166301,shop_6,adult-cola,plastic,1.5lt,2.75,23821
2727,31/07/14,Patra,38.24444,21.73444,167242,shop_6,adult-cola,plastic,1.5lt,2.62,38503
2817,31/08/14,Patra,38.24444,21.73444,167242,shop_6,adult-cola,plastic,1.5lt,3.3,24346
2960,30/09/14,Patra,38.24444,21.73444,167242,shop_6,adult-cola,plastic,1.5lt,2.39,31915
2997,31/10/14,Patra,38.24444,21.73444,167242,shop_6,adult-cola,plastic,1.5lt,3.09,19137
3088,30/11/14,Patra,38.24444,21.73444,167242,shop_6,adult-cola,plastic,1.5lt,2.77,22143
3176,31/12/14,Patra,38.24444,21.73444,167242,shop_6,adult-cola,plastic,1.5lt,2.61,26150
3809,31/07/15,Patra,38.24444,21.73444,167001,shop_6,adult-cola,plastic,1.5lt,2.57,40361
3954,31/08/15,Patra,38.24444,21.73444,167001,shop_6,adult-cola,plastic,1.5lt,3.02,29904
3990,30/09/15,Patra,38.24444,21.73444,167001,shop_6,adult-cola,plastic,1.5lt,2.69,28742
4075,31/10/15,Patra,38.24444,21.73444,167001,shop_6,adult-cola,plastic,1.5lt,2.16,29991
4224,30/11/15,Patra,38.24444,21.73444,167001,shop_6,adult-cola,plastic,1.5lt,2.34,27334
4256,31/12/15,Patra,38.24444,21.73444,167001,shop_6,adult-cola,plastic,1.5lt,2.99,22337
4887,31/07/16,Patra,38.24444,21.73444,168254,shop_6,adult-cola,plastic,1.5lt,2.48,42855
4975,31/08/16,Patra,38.24444,21.73444,168254,shop_6,adult-cola,plastic,1.5lt,2.46,39605
5064,30/09/16,Patra,38.24444,21.73444,168254,shop_6,adult-cola,plastic,1.5lt,1.82,40523
5159,31/10/16,Patra,38.24444,21.73444,168254,shop_6,adult-cola,plastic,1.5lt,2.69,24799
5251,30/11/16,Patra,38.24444,21.73444,168254,shop_6,adult-cola,plastic,1.5lt,3.01,20834
5339,31/12/16,Patra,38.24444,21.73444,168254,shop_6,adult-cola,plastic,1.5lt,2.6,27602
6011,31/07/17,Patra,38.24444,21.73444,168501,shop_6,adult-cola,plastic,1.5lt,2,51558
6056,31/08/17,Patra,38.24444,21.73444,168501,shop_6,adult-cola,plastic,1.5lt,2.26,43470
6150,30/09/17,Patra,38.24444,21.73444,168501,shop_6,adult-cola,plastic,1.5lt,2.79,28915
6240,31/10/17,Patra,38.24444,21.73444,168501,shop_6,adult-cola,plastic,1.5lt,1.66,36181
6327,30/11/17,Patra,38.24444,21.73444,168501,shop_6,adult-cola,plastic,1.5lt,2.08,30925
6417,31/12/17,Patra,38.24444,21.73444,168501,shop_6,adult-cola,plastic,1.5lt,2.54,28849
