ML/data/halfyear.csv
id,date,city,lat,long,pop,shop,brand,container,capacity,price,quantity
570,31/07/12,Patra,38.24444,21.73444,164250,shop_6,adult-cola,can,330ml,0.79,44463
655,31/08/12,Patra,38.24444,21.73444,164250,shop_6,adult-cola,can,330ml,0.81,35833
749,30/09/12,Patra,38.24444,21.73444,164250,shop_6,adult-cola,can,330ml,0.61,51721
841,31/10/12,Patra,38.24444,21.73444,164250,shop_6,adult-cola,can,330ml,0.63,35773
931,30/11/12,Patra,38.24444,21.73444,164250,shop_6,adult-cola,can,330ml,0.59,35838
1021,31/12/12,Patra,38.24444,21.73444,164250,shop_6,adult-cola,can,330ml,0.7,35552
1647,31/07/13,Patra,38.24444,21.73444,166301,shop_6,adult-cola,can,330ml,0.64,67051
1791,31/08/13,Patra,38.24444,21.73444,166301,shop_6,adult-cola,can,330ml,0.61,60996
1828,30/09/13,Patra,38.24444,21.73444,166301,shop_6,adult-cola,can,330ml,0.58,56655
1970,31/10/13,Patra,38.24444,21.73444,166301,shop_6,adult-cola,can,330ml,0.8,24500
2008,30/11/13,Patra,38.24444,21.73444,166301,shop_6,adult-cola,can,330ml,0.68,30488
2098,31/12/13,Patra,38.24444,21.73444,166301,shop_6,adult-cola,can,330ml,0.68,38592
2728,31/07/14,Patra,38.24444,21.73444,167242,shop_6,adult-cola,can,330ml,0.74,56222
2818,31/08/14,Patra,38.24444,21.73444,167242,shop_6,adult-cola,can,330ml,0.47,78593
2909,30/09/14,Patra,38.24444,21.73444,167242,shop_6,adult-cola,can,330ml,0.87,28894
2998,31/10/14,Patra,38.24444,21.73444,167242,shop_6,adult-cola,can,330ml,0.72,31491
3089,30/11/14,Patra,38.24444,21.73444,167242,shop_6,adult-cola,can,330ml,0.72,29012
3177,31/12/14,Patra,38.24444,21.73444,167242,shop_6,adult-cola,can,330ml,0.75,33954
3810,31/07/15,Patra,38.24444,21.73444,167001,shop_6,adult-cola,can,330ml,0.44,97326
3897,31/08/15,Patra,38.24444,21.73444,167001,shop_6,adult-cola,can,330ml,0.48,78633
3991,30/09/15,Patra,38.24444,21.73444,167001,shop_6,adult-cola,can,330ml,0.76,41118
4076,31/10/15,Patra,38.24444,21.73444,167001,shop_6,adult-cola,can,330ml,0.66,36767
4215,30/11/15,Patra,38.24444,21.73444,167001,shop_6,adult-cola,can,330ml,0.62,36149
4257,31/12/15,Patra,38.24444,21.73444,167001,shop_6,adult-cola,can,330ml,0.76,35032
4932,31/07/16,Patra,38.24444,21.73444,168254,shop_6,adult-cola,can,330ml,0.66,69643
4976,31/08/16,Patra,38.24444,21.73444,168254,shop_6,adult-cola,can,330ml,0.78,46522
5065,30/09/16,Patra,38.24444,21.73444,168254,shop_6,adult-cola,can,330ml,0.64,54170
5215,31/10/16,Patra,38.24444,21.73444,168254,shop_6,adult-cola,can,330ml,0.57,44505
5252,30/11/16,Patra,38.24444,21.73444,168254,shop_6,adult-cola,can,330ml,0.73,29874
5340,31/12/16,Patra,38.24444,21.73444,168254,shop_6,adult-cola,can,330ml,0.62,46797
5967,31/07/17,Patra,38.24444,21.73444,168501,shop_6,adult-cola,can,330ml,0.64,74844
6057,31/08/17,Patra,38.24444,21.73444,168501,shop_6,adult-cola,can,330ml,0.63,64283
6151,30/09/17,Patra,38.24444,21.73444,168501,shop_6,adult-cola,can,330ml,0.5,68442
6241,31/10/17,Patra,38.24444,21.73444,168501,shop_6,adult-cola,can,330ml,0.6,43225
6328,30/11/17,Patra,38.24444,21.73444,168501,shop_6,adult-cola,can,330ml,0.82,25715
6418,31/12/17,Patra,38.24444,21.73444,168501,shop_6,adult-cola,can,330ml,0.5,57806
571,31/07/12,Patra,38.24444,21.73444,164250,shop_6,orange-power,glass,500ml,0.74,84040
709,31/08/12,Patra,38.24444,21.73444,164250,shop_6,orange-power,glass,500ml,0.73,60558
798,30/09/12,Patra,38.24444,21.73444,164250,shop_6,orange-power,glass,500ml,0.77,65076
842,31/10/12,Patra,,,164250,shop_6,orange-power,glass,500ml,0.68,49521
932,30/11/12,Patra,38.24444,21.73444,164250,shop_6,orange-power,glass,500ml,0.79,37314
1075,31/12/12,Patra,38.24444,21.73444,164250,shop_6,orange-power,glass,500ml,0.72,51717
1698,31/07/13,Patra,38.24444,21.73444,166301,shop_6,orange-power,glass,500ml,0.71,90648
1738,31/08/13,Patra,38.24444,21.73444,166301,shop_6,orange-power,glass,500ml,0.88,46502
1829,30/09/13,Patra,38.24444,21.73444,166301,shop_6,orange-power,glass,500ml,0.8,64179
1971,31/10/13,Patra,38.24444,21.73444,166301,shop_6,orange-power,glass,500ml,0.7,48676
2009,30/11/13,Patra,38.24444,21.73444,166301,shop_6,orange-power,glass,500ml,0.82,36228
2099,31/12/13,Patra,38.24444,21.73444,166301,shop_6,orange-power,glass,500ml,0.75,50600
2729,31/07/14,Patra,38.24444,21.73444,167242,shop_6,orange-power,glass,500ml,0.67,98662
2865,31/08/14,Patra,38.24444,21.73444,167242,shop_6,orange-power,glass,500ml,0.99,37044
2957,30/09/14,Patra,38.24444,21.73444,167242,shop_6,orange-power,glass,500ml,0.9,53862
2999,31/10/14,Patra,38.24444,21.73444,167242,shop_6,orange-power,glass,500ml,0.87,37347
3090,30/11/14,Patra,38.24444,21.73444,167242,shop_6,orange-power,glass,500ml,0.88,33554
3178,31/12/14,Patra,38.24444,21.73444,167242,shop_6,orange-power,glass,500ml,0.8,47889
3811,31/07/15,Patra,38.24444,21.73444,167001,shop_6,orange-power,glass,500ml,0.84,77148
3898,31/08/15,Patra,38.24444,21.73444,167001,shop_6,orange-power,glass,500ml,0.89,48700
3992,30/09/15,Patra,38.24444,21.73444,167001,shop_6,orange-power,glass,500ml,0.94,51630
4077,31/10/15,Patra,38.24444,21.73444,167001,shop_6,orange-power,glass,500ml,0.97,30959
4169,30/11/15,Patra,38.24444,21.73444,167001,shop_6,orange-power,glass,500ml,0.67,49045
4258,31/12/15,Patra,38.24444,21.73444,167001,shop_6,orange-power,glass,500ml,0.93,38434
4940,31/07/16,Patra,38.24444,21.73444,168254,shop_6,orange-power,glass,500ml,0.98,59431
5032,31/08/16,Patra,38.24444,21.73444,168254,shop_6,orange-power,glass,500ml,0.83,56566
5066,30/09/16,Patra,38.24444,21.73444,168254,shop_6,orange-power,glass,500ml,0.88,61584
5160,31/10/16,Patra,38.24444,21.73444,168254,shop_6,orange-power,glass,500ml,0.97,32475
5253,30/11/16,Patra,38.24444,21.73444,168254,shop_6,orange-power,glass,500ml,1.01,27602
5341,31/12/16,Patra,38.24444,21.73444,168254,shop_6,orange-power,glass,500ml,0.93,40519
5968,31/07/17,Patra,38.24444,21.73444,168501,shop_6,orange-power,glass,500ml,1.07,50766
6058,31/08/17,Patra,38.24444,21.73444,168501,shop_6,orange-power,glass,500ml,0.67,73091
6152,30/09/17,Patra,38.24444,21.73444,168501,shop_6,orange-power,glass,500ml,0.92,58191
6242,31/10/17,Patra,38.24444,21.73444,168501,shop_6,orange-power,glass,500ml,1.08,26308
6329,30/11/17,Patra,38.24444,21.73444,168501,shop_6,orange-power,glass,500ml,0.84,39964
6466,31/12/17,Patra,38.24444,21.73444,168501,shop_6,orange-power,glass,500ml,0.9,43915
572,31/07/12,Patra,38.24444,21.73444,164250,shop_6,orange-power,plastic,1.5lt,1.48,67983
656,31/08/12,Patra,38.24444,21.73444,164250,shop_6,orange-power,plastic,1.5lt,1.5,42531
750,30/09/12,Patra,38.24444,21.73444,164250,shop_6,orange-power,plastic,1.5lt,1.88,28301
843,31/10/12,Patra,38.24444,21.73444,164250,shop_6,orange-power,plastic,1.5lt,1.39,41490
933,30/11/12,Patra,38.24444,21.73444,164250,shop_6,orange-power,plastic,1.5lt,1.06,44475
1022,31/12/12,Patra,38.24444,21.73444,164250,shop_6,orange-power,plastic,1.5lt,1.09,50581
1704,31/07/13,Patra,38.24444,21.73444,166301,shop_6,orange-power,plastic,1.5lt,0.75,99127
1798,31/08/13,Patra,38.24444,21.73444,166301,shop_6,orange-power,plastic,1.5lt,2.17,25801
1830,30/09/13,Patra,38.24444,21.73444,166301,shop_6,orange-power,plastic,1.5lt,1.9,28795
1977,31/10/13,Patra,38.24444,21.73444,166301,shop_6,orange-power,plastic,1.5lt,1.67,35586
2010,30/11/13,Patra,38.24444,21.73444,166301,shop_6,orange-power,plastic,1.5lt,1.92,26706
2100,31/12/13,Patra,38.24444,21.73444,166301,shop_6,orange-power,plastic,1.5lt,2.43,18219
2730,31/07/14,Patra,38.24444,21.73444,167242,shop_6,orange-power,plastic,1.5lt,1.92,52901
2869,31/08/14,Patra,38.24444,21.73444,167242,shop_6,orange-power,plastic,1.5lt,1.25,50406
2910,30/09/14,Patra,38.24444,21.73444,167242,shop_6,orange-power,plastic,1.5lt,1.88,30200
3000,31/10/14,Patra,38.24444,21.73444,167242,shop_6,orange-power,plastic,1.5lt,1.69,36072
3091,30/11/14,Patra,38.24444,21.73444,167242,shop_6,orange-power,plastic,1.5lt,2.03,25140
3220,31/12/14,Patra,38.24444,21.73444,167242,shop_6,orange-power,plastic,1.5lt,1.61,39229
3812,31/07/15,Patra,38.24444,21.73444,167001,shop_6,orange-power,plastic,1.5lt,1.86,56913
3899,31/08/15,Patra,38.24444,21.73444,167001,shop_6,orange-power,plastic,1.5lt,2,32465
3993,30/09/15,Patra,38.24444,21.73444,167001,shop_6,orange-power,plastic,1.5lt,2.01,28065
4078,31/10/15,Patra,38.24444,21.73444,167001,shop_6,orange-power,plastic,1.5lt,1.3,45591
4170,30/11/15,Patra,38.24444,21.73444,167001,shop_6,orange-power,plastic,1.5lt,1.97,27311
4259,31/12/15,Patra,38.24444,21.73444,167001,shop_6,orange-power,plastic,1.5lt,2.1,28458
4888,31/07/16,Patra,38.24444,21.73444,168254,shop_6,orange-power,plastic,1.5lt,2.21,44840
4977,31/08/16,Patra,38.24444,21.73444,168254,shop_6,orange-power,plastic,1.5lt,2.01,33358
5117,30/09/16,Patra,38.24444,21.73444,168254,shop_6,orange-power,plastic,1.5lt,1.76,34392
5161,31/10/16,Patra,38.24444,21.73444,168254,shop_6,orange-power,plastic,1.5lt,1.9,32803
5254,30/11/16,Patra,38.24444,21.73444,168254,shop_6,orange-power,plastic,1.5lt,0.84,50732
5342,31/12/16,Patra,38.24444,21.73444,168254,shop_6,orange-power,plastic,1.5lt,2.24,26458
5969,31/07/17,Patra,38.24444,21.73444,168501,shop_6,orange-power,plastic,1.5lt,1.93,57048
6117,31/08/17,Patra,38.24444,21.73444,168501,shop_6,orange-power,plastic,1.5lt,1.28,51612
6153,30/09/17,Patra,38.24444,21.73444,168501,shop_6,orange-power,plastic,1.5lt,1.28,45100
6243,31/10/17,Patra,38.24444,21.73444,168501,shop_6,orange-power,plastic,1.5lt,2.05,30491
6330,30/11/17,Patra,38.24444,21.73444,168501,shop_6,orange-power,plastic,1.5lt,2.01,28253
6419,31/12/17,Patra,38.24444,21.73444,168501,shop_6,orange-power,plastic,1.5lt,1.29,48853
573,31/07/12,Patra,38.24444,21.73444,164250,shop_6,orange-power,can,330ml,0.49,78816
657,31/08/12,Patra,38.24444,21.73444,164250,shop_6,orange-power,can,330ml,0.44,72708
751,30/09/12,Patra,38.24444,21.73444,164250,shop_6,orange-power,can,330ml,0.4,75257
844,31/10/12,Patra,38.24444,21.73444,164250,shop_6,orange-power,can,330ml,0.51,46732
934,30/11/12,Patra,38.24444,21.73444,164250,shop_6,orange-power,can,330ml,0.52,40922
1066,31/12/12,Patra,38.24444,21.73444,164250,shop_6,orange-power,can,330ml,0.45,58362
1648,31/07/13,Patra,38.24444,21.73444,166301,shop_6,orange-power,can,330ml,0.46,88836
1739,31/08/13,Patra,38.24444,21.73444,166301,shop_6,orange-power,can,330ml,0.35,93749
1831,30/09/13,Patra,38.24444,21.73444,166301,shop_6,orange-power,can,330ml,0.33,91045
1922,31/10/13,Patra,38.24444,21.73444,166301,shop_6,orange-power,can,330ml,0.53,44982
2011,30/11/13,Patra,38.24444,21.73444,166301,shop_6,orange-power,can,330ml,0.52,43112
2101,31/12/13,Patra,38.24444,21.73444,166301,shop_6,orange-power,can,330ml,0.43,63844
2731,31/07/14,Patra,38.24444,21.73444,167242,shop_6,orange-power,can,330ml,0.51,79730
2819,31/08/14,Patra,38.24444,21.73444,167242,shop_6,orange-power,can,330ml,0.52,60069
2911,30/09/14,Patra,38.24444,21.73444,167242,shop_6,orange-power,can,330ml,0.47,65797
3001,31/10/14,Patra,38.24444,21.73444,167242,shop_6,orange-power,can,330ml,0.31,84278
3092,30/11/14,Patra,38.24444,21.73444,167242,shop_6,orange-power,can,330ml,0.3,78031
3217,31/12/14,Patra,38.24444,21.73444,167242,shop_6,orange-power,can,330ml,0.54,46569
3855,31/07/15,Patra,38.24444,21.73444,167001,shop_6,orange-power,can,330ml,0.51,82723
3900,31/08/15,Patra,38.24444,21.73444,167001,shop_6,orange-power,can,330ml,0.62,42481
3994,30/09/15,Patra,38.24444,21.73444,167001,shop_6,orange-power,can,330ml,0.4,80609
4079,31/10/15,Patra,38.24444,21.73444,167001,shop_6,orange-power,can,330ml,0.44,63710
4171,30/11/15,Patra,38.24444,21.73444,167001,shop_6,orange-power,can,330ml,0.5,49769
4260,31/12/15,Patra,38.24444,21.73444,167001,shop_6,orange-power,can,330ml,0.32,85194
4935,31/07/16,Patra,38.24444,21.73444,168254,shop_6,orange-power,can,330ml,0.48,92958
4978,31/08/16,Patra,38.24444,21.73444,168254,shop_6,orange-power,can,330ml,0.39,90102
5067,30/09/16,Patra,38.24444,21.73444,168254,shop_6,orange-power,can,330ml,0.64,38830
5162,31/10/16,Patra,38.24444,21.73444,168254,shop_6,orange-power,can,330ml,0.52,52796
5255,30/11/16,Patra,38.24444,21.73444,168254,shop_6,orange-power,can,330ml,0.44,60156
5343,31/12/16,Patra,38.24444,21.73444,168254,shop_6,orange-power,can,330ml,0.51,56342
5970,31/07/17,Patra,38.24444,21.73444,168501,shop_6,orange-power,can,330ml,0.5,90751
6059,31/08/17,Patra,38.24444,21.73444,168501,shop_6,orange-power,can,330ml,0.54,62411
6154,30/09/17,Patra,38.24444,21.73444,168501,shop_6,orange-power,can,330ml,0.66,36552
6244,31/10/17,Patra,38.24444,21.73444,168501,shop_6,orange-power,can,330ml,0.56,47412
6385,30/11/17,Patra,38.24444,21.73444,168501,shop_6,orange-power,can,330ml,0.56,44054
6420,31/12/17,Patra,38.24444,21.73444,168501,shop_6,orange-power,can,330ml,0.61,40490
574,31/07/12,Patra,38.24444,21.73444,164250,shop_6,gazoza,glass,500ml,0.52,118467
714,31/08/12,Patra,38.24444,21.73444,164250,shop_6,gazoza,glass,500ml,0.48,119943
752,30/09/12,Patra,38.24444,21.73444,164250,shop_6,gazoza,glass,500ml,0.5,99073
845,31/10/12,Patra,38.24444,21.73444,164250,shop_6,gazoza,glass,500ml,0.5,71371
935,30/11/12,Patra,38.24444,21.73444,164250,shop_6,gazoza,glass,500ml,0.53,63292
1067,31/12/12,Patra,38.24444,21.73444,164250,shop_6,gazoza,glass,500ml,0.58,55913
1649,31/07/13,Patra,38.24444,21.73444,166301,shop_6,gazoza,glass,500ml,0.53,120975
1740,31/08/13,Patra,38.24444,21.73444,166301,shop_6,gazoza,glass,500ml,0.56,100261
1886,30/09/13,Patra,38.24444,21.73444,166301,shop_6,gazoza,glass,500ml,0.68,56416
1968,31/10/13,Patra,38.24444,21.73444,166301,shop_6,gazoza,glass,500ml,0.58,59854
2012,30/11/13,Patra,38.24444,21.73444,166301,shop_6,gazoza,glass,500ml,0.62,49852
2102,31/12/13,Patra,38.24444,21.73444,166301,shop_6,gazoza,glass,500ml,0.62,50256
2732,31/07/14,Patra,38.24444,21.73444,167242,shop_6,gazoza,glass,500ml,0.64,89670
2872,31/08/14,Patra,38.24444,21.73444,167242,shop_6,gazoza,glass,500ml,0.69,69679
2912,30/09/14,Patra,38.24444,21.73444,167242,shop_6,gazoza,glass,500ml,0.58,85406
3002,31/10/14,Patra,38.24444,21.73444,167242,shop_6,gazoza,glass,500ml,0.61,57000
3093,30/11/14,Patra,38.24444,21.73444,167242,shop_6,gazoza,glass,500ml,0.66,45397
3223,31/12/14,Patra,38.24444,21.73444,167242,shop_6,gazoza,glass,500ml,0.46,80198
3856,31/07/15,Patra,38.24444,21.73444,167001,shop_6,gazoza,glass,500ml,0.64,94878
3901,31/08/15,Patra,38.24444,21.73444,167001,shop_6,gazoza,glass,500ml,0.69,74009
3995,30/09/15,Patra,38.24444,21.73444,167001,shop_6,gazoza,,500ml,0.73,53633
4080,31/10/15,Patra,38.24444,21.73444,167001,shop_6,gazoza,glass,500ml,0.61,59732
4172,30/11/15,Patra,38.24444,21.73444,167001,shop_6,gazoza,glass,500ml,0.49,75689
4261,31/12/15,Patra,38.24444,21.73444,167001,shop_6,gazoza,glass,500ml,0.61,57243
4889,31/07/16,Patra,38.24444,21.73444,168254,shop_6,gazoza,glass,500ml,0.71,77874
4979,31/08/16,Patra,38.24444,21.73444,168254,shop_6,gazoza,glass,500ml,0.68,78413
5129,30/09/16,Patra,38.24444,21.73444,168254,shop_6,gazoza,glass,500ml,0.61,82527
5163,31/10/16,Patra,38.24444,21.73444,168254,shop_6,gazoza,glass,500ml,0.73,41245
5256,30/11/16,Patra,38.24444,21.73444,168254,shop_6,gazoza,glass,500ml,0.77,33721
5388,31/12/16,Patra,38.24444,21.73444,168254,shop_6,gazoza,glass,500ml,0.71,43373
6017,31/07/17,Patra,38.24444,21.73444,168501,shop_6,gazoza,glass,500ml,0.68,91946
6106,31/08/17,Patra,38.24444,21.73444,168501,shop_6,gazoza,glass,500ml,0.66,88528
6155,30/09/17,Patra,38.24444,21.73444,168501,shop_6,gazoza,,500ml,0.65,76651
6245,31/10/17,Patra,38.24444,21.73444,168501,shop_6,gazoza,glass,500ml,0.77,38177
6377,30/11/17,Patra,38.24444,21.73444,168501,shop_6,gazoza,glass,500ml,0.74,40164
6421,31/12/17,Patra,38.24444,21.73444,168501,shop_6,gazoza,glass,500ml,0.76,37562
