ML/data/halfyear.csv
id,date,city,lat,long,pop,shop,brand,container,capacity,price,quantity
575,31/07/12,Patra,38.24444,21.73444,164250,shop_6,gazoza,plastic,1.5lt,0.86,82174
658,31/08/12,Patra,38.24444,21.73444,164250,shop_6,gazoza,plastic,1.5lt,0.76,72811
753,30/09/12,Patra,38.24444,21.73444,164250,shop_6,gazoza,plastic,1.5lt,0.39,87853
846,31/10/12,Patra,38.24444,21.73444,164250,shop_6,gazoza,plastic,1.5lt,0.8,49139
936,30/11/12,Patra,38.24444,21.73444,164250,shop_6,gazoza,plastic,1.5lt,1.21,30031
1023,31/12/12,Patra,38.24444,21.73444,164250,shop_6,gazoza,plastic,1.5lt,0.7,59301
1650,31/07/13,Patra,38.24444,21.73444,166301,shop_6,gazoza,plastic,1.5lt,0.92,79351
1741,31/08/13,Patra,38.24444,21.73444,166301,shop_6,gazoza,plastic,1.5lt,0.99,59414
1832,30/09/13,Patra,38.24444,21.73444,166301,shop_6,gazoza,plastic,1.5lt,1.34,34388
1923,31/10/13,Patra,38.24444,21.73444,166301,shop_6,gazoza,plastic,1.5lt,0.8,49813
2057,30/11/13,Patra,38.24444,21.73444,166301,shop_6,gazoza,plastic,1.5lt,0.88,45457
2103,31/12/13,Patra,,,166301,shop_6,gazoza,plastic,1.5lt,1.05,43159
2733,31/07/14,Patra,38.24444,21.73444,167242,shop_6,gazoza,plastic,1.5lt,0.95,78124
2820,31/08/14,Patra,38.24444,21.73444,167242,shop_6,gazoza,plastic,1.5lt,1.14,51349
2913,30/09/14,Patra,38.24444,21.73444,167242,shop_6,gazoza,plastic,1.5lt,1.02,53956
3003,31/10/14,Patra,38.24444,21.73444,167242,shop_6,gazoza,plastic,1.5lt,1.29,29765
3094,30/11/14,Patra,38.24444,21.73444,167242,shop_6,gazoza,plastic,1.5lt,0.79,50056
3179,31/12/14,Patra,38.24444,21.73444,167242,shop_6,gazoza,plastic,1.5lt,0.88,52277
3813,31/07/15,Patra,,21.73444,167001,shop_6,gazoza,plastic,1.5lt,1.05,72176
3902,31/08/15,Patra,38.24444,21.73444,167001,shop_6,gazoza,plastic,1.5lt,0.96,63667
3996,30/09/15,Patra,38.24444,21.73444,167001,shop_6,gazoza,plastic,1.5lt,1.04,54058
4081,31/10/15,Patra,38.24444,21.73444,167001,shop_6,gazoza,plastic,1.5lt,1.09,39292
4173,30/11/15,Patra,38.24444,21.73444,167001,shop_6,gazoza,plastic,1.5lt,1.27,31224
4262,31/12/15,Patra,38.24444,21.73444,167001,shop_6,gazoza,plastic,1.5lt,1.12,41972
4890,31/07/16,Patra,38.24444,21.73444,168254,shop_6,gazoza,plastic,1.5lt,0.93,82956
5024,31/08/16,Patra,38.24444,21.73444,168254,shop_6,gazoza,plastic,1.5lt,1.26,47308
5068,30/09/16,Patra,38.24444,21.73444,168254,shop_6,gazoza,plastic,1.5lt,1.25,43674
5164,31/10/16,Patra,38.24444,21.73444,168254,shop_6,gazoza,plastic,1.5lt,1.05,42016
5300,30/11/16,Patra,38.24444,21.73444,168254,shop_6,gazoza,plastic,1.5lt,0.77,52204
5344,31/12/16,Patra,38.24444,21.73444,168254,shop_6,gazoza,plastic,1.5lt,1.05,46624
5971,31/07/17,Patra,38.24444,21.73444,168501,shop_6,gazoza,plastic,1.5lt,1.37,52981
6060,31/08/17,Patra,38.24444,21.73444,168501,shop_6,gazoza,plastic,1.5lt,1.23,50758
6156,30/09/17,Patra,,21.73444,168501,shop_6,gazoza,plastic,1.5lt,1.2,47873
6246,31/10/17,Patra,38.24444,21.73444,168501,shop_6,gazoza,plastic,1.5lt,1.27,33694
6331,30/11/17,Patra,38.24444,21.73444,168501,shop_6,gazoza,plastic,1.5lt,1.36,29536
6467,31/12/17,Patra,38.24444,21.73444,168501,shop_6,gazoza,plastic,1.5lt,1.48,28441
576,31/07/12,Patra,38.24444,21.73444,164250,shop_6,lemon-boost,glass,500ml,0.91,48616
706,31/08/12,Patra,38.24444,21.73444,164250,shop_6,lemon-boost,glass,500ml,0.8,57291
804,30/09/12,Patra,38.24444,21.73444,164250,shop_6,lemon-boost,glass,500ml,0.9,36908
848,31/10/12,Patra,38.24444,21.73444,164250,shop_6,lemon-boost,glass,500ml,0.73,35038
938,30/11/12,Patra,38.24444,21.73444,164250,shop_6,lemon-boost,glass,500ml,1.04,21501
1076,31/12/12,Patra,38.24444,21.73444,164250,shop_6,lemon-boost,glass,500ml,0.99,24650
1652,31/07/13,Patra,38.24444,21.73444,166301,shop_6,lemon-boost,glass,500ml,0.87,53485
1743,31/08/13,Patra,38.24444,21.73444,166301,shop_6,lemon-boost,glass,500ml,0.97,44873
1834,30/09/13,Patra,38.24444,21.73444,166301,shop_6,lemon-boost,glass,500ml,0.86,40148
1974,31/10/13,Patra,38.24444,21.73444,166301,shop_6,lemon-boost,glass,500ml,0.7,37392
2013,30/11/13,Patra,38.24444,21.73444,166301,shop_6,lemon-boost,glass,500ml,1.02,23604
2105,31/12/13,Patra,38.24444,21.73444,166301,shop_6,lemon-boost,glass,500ml,0.92,29138
2777,31/07/14,Patra,38.24444,21.73444,167242,shop_6,lemon-boost,glass,500ml,1.08,38718
2822,31/08/14,Patra,38.24444,21.73444,167242,shop_6,lemon-boost,glass,500ml,1.01,43750
2915,30/09/14,Patra,38.24444,21.73444,167242,shop_6,lemon-boost,glass,500ml,0.71,50004
3005,31/10/14,Patra,38.24444,21.73444,167242,shop_6,lemon-boost,glass,500ml,0.98,25747
3096,30/11/14,Patra,38.24444,21.73444,167242,shop_6,lemon-boost,glass,500ml,0.77,35535
3181,31/12/14,Patra,38.24444,21.73444,167242,shop_6,lemon-boost,glass,500ml,0.84,33985
3815,31/07/15,Patra,38.24444,21.73444,167001,shop_6,lemon-boost,glass,500ml,0.93,51848
3904,31/08/15,Patra,38.24444,21.73444,167001,shop_6,lemon-boost,glass,500ml,1.04,42923
4037,30/09/15,Patra,38.24444,21.73444,167001,shop_6,lemon-boost,glass,500ml,1.18,24007
4082,31/10/15,Patra,38.24444,21.73444,167001,shop_6,lemon-boost,glass,500ml,1.1,21541
4218,30/11/15,Patra,38.24444,21.73444,167001,shop_6,lemon-boost,glass,500ml,0.81,34409
4264,31/12/15,Patra,38.24444,21.73444,167001,shop_6,lemon-boost,glass,500ml,0.89,32520
4892,31/07/16,Patra,38.24444,21.73444,168254,shop_6,lemon-boost,glass,500ml,0.97,50364
4981,31/08/16,Patra,38.24444,21.73444,168254,shop_6,lemon-boost,glass,500ml,0.88,56321
5070,30/09/16,Patra,38.24444,21.73444,168254,shop_6,lemon-boost,glass,500ml,1.06,32493
5166,31/10/16,Patra,38.24444,21.73444,168254,shop_6,lemon-boost,glass,500ml,0.99,26830
5257,30/11/16,Patra,38.24444,21.73444,168254,shop_6,lemon-boost,glass,500ml,0.9,31282
5387,31/12/16,Patra,38.24444,21.73444,168254,shop_6,lemon-boost,glass,500ml,1.07,25165
6025,31/07/17,Patra,38.24444,21.73444,168501,shop_6,lemon-boost,glass,500ml,0.93,54493
6062,31/08/17,Patra,38.24444,21.73444,168501,shop_6,lemon-boost,glass,500ml,0.95,53023
6158,30/09/17,Patra,38.24444,21.73444,168501,shop_6,lemon-boost,glass,500ml,0.99,37588
6248,31/10/17,Patra,38.24444,21.73444,168501,shop_6,lemon-boost,glass,500ml,1.2,19313
6332,30/11/17,Patra,38.24444,21.73444,168501,shop_6,lemon-boost,glass,500ml,1.17,20779
6423,31/12/17,Patra,38.24444,21.73444,168501,shop_6,lemon-boost,glass,500ml,0.88,34649
577,31/07/12,Patra,38.24444,21.73444,164250,shop_6,lemon-boost,,1.5lt,2.16,33800
660,31/08/12,Patra,38.24444,21.73444,164250,shop_6,lemon-boost,plastic,1.5lt,1.89,34201
755,30/09/12,Patra,38.24444,21.73444,164250,shop_6,lemon-boost,plastic,1.5lt,2.42,21898
849,31/10/12,Patra,38.24444,21.73444,164250,shop_6,lemon-boost,plastic,1.5lt,2.15,16151
982,30/11/12,Patra,38.24444,21.73444,164250,shop_6,lemon-boost,plastic,1.5lt,1.41,26956
1025,31/12/12,Patra,38.24444,21.73444,164250,shop_6,lemon-boost,plastic,1.5lt,1.79,24971
1653,31/07/13,Patra,38.24444,21.73444,166301,shop_6,lemon-boost,plastic,1.5lt,1.93,39758
1744,31/08/13,Patra,38.24444,21.73444,166301,shop_6,lemon-boost,plastic,1.5lt,2.03,32433
1835,30/09/13,Patra,38.24444,21.73444,166301,shop_6,lemon-boost,plastic,1.5lt,1.61,36224
1925,31/10/13,Patra,38.24444,21.73444,166301,shop_6,lemon-boost,plastic,1.5lt,1.81,20065
2014,30/11/13,Patra,38.24444,21.73444,166301,shop_6,lemon-boost,plastic,1.5lt,2.23,17929
2106,31/12/13,Patra,38.24444,21.73444,166301,shop_6,lemon-boost,plastic,1.5lt,1.53,28827
2735,31/07/14,Patra,38.24444,21.73444,167242,shop_6,lemon-boost,plastic,1.5lt,1.88,41639
2823,31/08/14,Patra,38.24444,21.73444,167242,shop_6,lemon-boost,plastic,1.5lt,2.45,25616
2916,30/09/14,Patra,38.24444,21.73444,167242,shop_6,lemon-boost,plastic,1.5lt,1.8,33708
3006,31/10/14,Patra,38.24444,21.73444,167242,shop_6,lemon-boost,plastic,1.5lt,2.18,16796
3097,30/11/14,Patra,38.24444,21.73444,167242,shop_6,lemon-boost,plastic,1.5lt,1.96,21504
3182,31/12/14,Patra,38.24444,21.73444,167242,shop_6,lemon-boost,plastic,1.5lt,2.12,21850
3852,31/07/15,Patra,38.24444,21.73444,167001,shop_6,lemon-boost,plastic,1.5lt,1.8,44112
3956,31/08/15,Patra,38.24444,21.73444,167001,shop_6,lemon-boost,plastic,1.5lt,2.23,30493
3998,30/09/15,Patra,38.24444,21.73444,167001,shop_6,lemon-boost,plastic,1.5lt,2.09,29659
4083,31/10/15,Patra,38.24444,21.73444,167001,shop_6,lemon-boost,plastic,1.5lt,1.32,25620
4175,30/11/15,Patra,38.24444,21.73444,167001,shop_6,lemon-boost,plastic,1.5lt,2.13,20082
4265,31/12/15,Patra,38.24444,21.73444,167001,shop_6,lemon-boost,plastic,1.5lt,1.69,27737
4893,31/07/16,Patra,38.24444,21.73444,168254,shop_6,lemon-boost,plastic,1.5lt,2.22,36392
4982,31/08/16,Patra,38.24444,21.73444,168254,shop_6,lemon-boost,plastic,1.5lt,1.32,47237
5071,30/09/16,Patra,38.24444,21.73444,168254,shop_6,lemon-boost,plastic,1.5lt,1.86,34023
5167,31/10/16,Patra,38.24444,21.73444,168254,shop_6,lemon-boost,plastic,1.5lt,2.45,15100
5258,30/11/16,Patra,38.24444,21.73444,168254,shop_6,lemon-boost,plastic,1.5lt,2.74,13938
5346,31/12/16,Patra,38.24444,21.73444,168254,shop_6,lemon-boost,plastic,1.5lt,2.71,15825
6016,31/07/17,Patra,38.24444,21.73444,168501,shop_6,lemon-boost,plastic,1.5lt,2.08,40141
6118,31/08/17,Patra,38.24444,21.73444,168501,shop_6,lemon-boost,plastic,1.5lt,2.24,31961
6159,30/09/17,Patra,38.24444,21.73444,168501,shop_6,lemon-boost,plastic,1.5lt,1.94,33307
6288,31/10/17,Patra,38.24444,21.73444,168501,shop_6,lemon-boost,plastic,1.5lt,2.14,18523
6333,30/11/17,Patra,38.24444,21.73444,168501,shop_6,lemon-boost,plastic,1.5lt,1.88,23745
6470,31/12/17,Patra,38.24444,21.73444,168501,shop_6,lemon-boost,plastic,1.5lt,2.72,16442
578,31/07/12,Patra,38.24444,21.73444,164250,shop_6,lemon-boost,can,330ml,0.53,58459
661,31/08/12,Patra,38.24444,21.73444,164250,shop_6,lemon-boost,can,330ml,0.6,45882
756,30/09/12,Patra,38.24444,21.73444,164250,shop_6,lemon-boost,can,330ml,0.62,28846
850,31/10/12,Patra,38.24444,21.73444,164250,shop_6,lemon-boost,can,330ml,0.47,35480
939,30/11/12,Patra,38.24444,21.73444,164250,shop_6,lemon-boost,can,330ml,0.52,30370
1026,31/12/12,Patra,38.24444,21.73444,164250,shop_6,lemon-boost,can,330ml,0.53,41493
1654,31/07/13,Patra,38.24444,21.73444,166301,shop_6,lemon-boost,can,330ml,0.53,58868
1745,31/08/13,Patra,38.24444,21.73444,166301,shop_6,lemon-boost,can,330ml,0.43,73651
1836,30/09/13,Patra,38.24444,21.73444,166301,shop_6,lemon-boost,can,330ml,0.59,32933
1926,31/10/13,Patra,38.24444,21.73444,166301,shop_6,lemon-boost,can,330ml,0.42,40252
2015,30/11/13,Patra,38.24444,21.73444,166301,shop_6,lemon-boost,can,330ml,0.53,29952
2107,31/12/13,Patra,38.24444,21.73444,166301,shop_6,lemon-boost,can,330ml,0.52,44046
2787,31/07/14,Patra,38.24444,21.73444,167242,shop_6,lemon-boost,can,330ml,0.62,47891
2824,31/08/14,Patra,38.24444,21.73444,167242,shop_6,lemon-boost,can,330ml,0.65,43140
2917,30/09/14,Patra,38.24444,21.73444,167242,shop_6,lemon-boost,can,330ml,0.4,52025
3007,31/10/14,Patra,38.24444,21.73444,167242,shop_6,lemon-boost,can,330ml,0.65,23329
3098,30/11/14,Patra,38.24444,21.73444,167242,shop_6,lemon-boost,can,330ml,0.53,30638
3183,31/12/14,Patra,38.24444,21.73444,167242,shop_6,lemon-boost,can,330ml,0.66,30475
3816,31/07/15,Patra,38.24444,21.73444,167001,shop_6,lemon-boost,can,330ml,0.51,65092
3946,31/08/15,Patra,38.24444,21.73444,167001,shop_6,lemon-boost,can,330ml,0.57,56209
4044,30/09/15,Patra,38.24444,21.73444,167001,shop_6,lemon-boost,can,330ml,0.6,34634
4084,31/10/15,Patra,38.24444,21.73444,167001,shop_6,lemon-boost,can,330ml,0.55,32253
4176,30/11/15,Patra,38.24444,21.73444,167001,shop_6,lemon-boost,can,330ml,0.73,17573
4266,31/12/15,Patra,38.24444,21.73444,167001,shop_6,lemon-boost,can,330ml,0.52,46601
4894,31/07/16,Patra,38.24444,21.73444,168254,shop_6,lemon-boost,can,330ml,0.43,78063
4983,31/08/16,Patra,38.24444,21.73444,168254,shop_6,lemon-boost,can,330ml,0.48,70247
5122,30/09/16,Patra,38.24444,21.73444,168254,shop_6,lemon-boost,can,330ml,0.64,31751
5168,31/10/16,Patra,38.24444,21.73444,168254,shop_6,lemon-boost,can,330ml,0.59,30195
5299,30/11/16,Patra,38.24444,21.73444,168254,shop_6,lemon-boost,can,330ml,0.42,40162
5347,31/12/16,Patra,38.24444,21.73444,168254,shop_6,lemon-boost,can,330ml,0.45,54182
5973,31/07/17,Patra,38.24444,21.73444,168501,shop_6,lemon-boost,can,330ml,0.6,56253
6063,31/08/17,Patra,38.24444,21.73444,168501,shop_6,lemon-boost,can,330ml,0.53,64744
6160,30/09/17,Patra,38.24444,21.73444,168501,shop_6,lemon-boost,can,330ml,0.41,54155
6249,31/10/17,Patra,38.24444,21.73444,168501,shop_6,lemon-boost,can,330ml,0.58,31584
6334,30/11/17,Patra,38.24444,21.73444,168501,shop_6,lemon-boost,can,330ml,0.57,30549
6424,31/12/17,Patra,38.24444,21.73444,168501,shop_6,lemon-boost,can,330ml,0.56,44176
579,31/07/12,Thessaloniki,40.64361,22.93086,346502,shop_4,kinder-cola,glass,500ml,1.27,25177
662,31/08/12,Thessaloniki,40.64361,22.93086,346502,shop_4,kinder-cola,glass,500ml,1.19,22061
757,30/09/12,Thessaloniki,40.64361,22.93086,346502,shop_4,kinder-cola,glass,500ml,1.55,12310
851,31/10/12,Thessaloniki,40.64361,22.93086,346502,shop_4,kinder-cola,glass,500ml,1.21,16794
940,30/11/12,Thessaloniki,40.64361,22.93086,346502,shop_4,kinder-cola,glass,500ml,1.38,11537
1065,31/12/12,Thessaloniki,40.64361,22.93086,346502,shop_4,kinder-cola,glass,500ml,1.24,17085
1655,31/07/13,Thessaloniki,40.64361,22.93086,347001,shop_4,kinder-cola,glass,500ml,1.29,25336
1746,31/08/13,Thessaloniki,40.64361,22.93086,347001,shop_4,kinder-cola,glass,500ml,0.91,29327
1837,30/09/13,Thessaloniki,40.64361,22.93086,347001,shop_4,kinder-cola,glass,500ml,1.31,18270
1927,31/10/13,Thessaloniki,40.64361,22.93086,347001,shop_4,kinder-cola,glass,500ml,1.49,12098
2016,30/11/13,Thessaloniki,40.64361,22.93086,347001,shop_4,kinder-cola,glass,500ml,1.32,12874
2108,31/12/13,Thessaloniki,40.64361,22.93086,347001,shop_4,kinder-cola,glass,500ml,1.26,17228
2736,31/07/14,Thessaloniki,40.64361,22.93086,349232,shop_4,kinder-cola,glass,500ml,1.03,33960
2825,31/08/14,Thessaloniki,40.64361,22.93086,349232,shop_4,kinder-cola,glass,500ml,1.38,18945
2918,30/09/14,Thessaloniki,40.64361,22.93086,349232,shop_4,kinder-cola,glass,500ml,0.85,28478
3008,31/10/14,Thessaloniki,40.64361,22.93086,349232,shop_4,kinder-cola,glass,500ml,1.07,20164
3099,30/11/14,Thessaloniki,40.64361,22.93086,349232,shop_4,kinder-cola,glass,500ml,1.04,17594
3184,31/12/14,Thessaloniki,40.64361,22.93086,349232,shop_4,kinder-cola,glass,500ml,1.37,15645
3817,31/07/15,Thessaloniki,40.64361,22.93086,351650,shop_4,kinder-cola,glass,500ml,1.57,19098
3905,31/08/15,Thessaloniki,40.64361,22.93086,351650,shop_4,kinder-cola,glass,500ml,1.44,18154
4049,30/09/15,Thessaloniki,40.64361,22.93086,351650,shop_4,kinder-cola,glass,500ml,1.35,18443
4124,31/10/15,Thessaloniki,40.64361,22.93086,351650,shop_4,kinder-cola,glass,500ml,1.6,11295
4210,30/11/15,Thessaloniki,40.64361,22.93086,351650,shop_4,kinder-cola,glass,500ml,1.29,14144
4267,31/12/15,Thessaloniki,40.64361,22.93086,351650,shop_4,kinder-cola,glass,500ml,0.95,24083
4895,31/07/16,Thessaloniki,40.64361,22.93086,351702,shop_4,kinder-cola,glass,500ml,0.92,38148
4984,31/08/16,Thessaloniki,40.64361,22.93086,351702,shop_4,kinder-cola,glass,500ml,1.27,22768
5072,30/09/16,Thessaloniki,40.64361,22.93086,351702,shop_4,kinder-cola,glass,500ml,1.26,21033
5169,31/10/16,Thessaloniki,40.64361,22.93086,351702,shop_4,kinder-cola,glass,500ml,1.22,18416
5298,30/11/16,Thessaloniki,40.64361,22.93086,351702,shop_4,kinder-cola,glass,500ml,1.31,14341
5348,31/12/16,Thessaloniki,40.64361,22.93086,351702,shop_4,kinder-cola,glass,500ml,1.48,14735
5974,31/07/17,Thessaloniki,40.64361,22.93086,353001,shop_4,kinder-cola,glass,500ml,1.3,28306
6064,31/08/17,Thessaloniki,40.64361,22.93086,353001,shop_4,kinder-cola,glass,500ml,1.47,18782
6201,30/09/17,Thessaloniki,40.64361,22.93086,353001,shop_4,kinder-cola,glass,500ml,1,26620
6250,31/10/17,Thessaloniki,40.64361,22.93086,353001,shop_4,kinder-cola,glass,500ml,1.35,16663
6335,30/11/17,Thessaloniki,40.64361,22.93086,353001,shop_4,kinder-cola,glass,500ml,0.67,23907
6425,31/12/17,Thessaloniki,40.64361,22.93086,353001,shop_4,kinder-cola,glass,500ml,1.41,16441
