ML/data/halfyear.csv
id,date,city,lat,long,pop,shop,brand,container,capacity,price,quantity
580,31/07/12,Thessaloniki,40.64361,22.93086,346502,shop_4,kinder-cola,plastic,1.5lt,3.43,16395
663,31/08/12,Thessaloniki,40.64361,22.93086,346502,shop_4,kinder-cola,plastic,1.5lt,2.62,18775
758,30/09/12,Thessaloniki,40.64361,22.93086,346502,shop_4,kinder-cola,plastic,1.5lt,2.85,15834
852,31/10/12,Thessaloniki,40.64361,22.93086,346502,shop_4,kinder-cola,plastic,1.5lt,3.53,7926
980,30/11/12,Thessaloniki,40.64361,22.93086,346502,shop_4,kinder-cola,plastic,1.5lt,3,10784
1027,31/12/12,Thessaloniki,40.64361,22.93086,346502,shop_4,kinder-cola,plastic,1.5lt,3.09,12669
1656,31/07/13,Thessaloniki,40.64361,22.93086,347001,shop_4,kinder-cola,plastic,1.5lt,2.57,23688
1747,31/08/13,Thessaloniki,40.64361,22.93086,347001,shop_4,kinder-cola,plastic,1.5lt,3.7,12287
1838,30/09/13,Thessaloniki,40.64361,22.93086,347001,shop_4,kinder-cola,plastic,1.5lt,3.21,14078
1928,31/10/13,Thessaloniki,40.64361,22.93086,347001,shop_4,kinder-cola,plastic,1.5lt,3.47,8500
2017,30/11/13,Thessaloniki,40.64361,22.93086,347001,shop_4,kinder-cola,plastic,1.5lt,3.53,8847
2109,31/12/13,Thessaloniki,40.64361,22.93086,347001,shop_4,kinder-cola,plastic,1.5lt,3.75,9658
2737,31/07/14,Thessaloniki,40.64361,22.93086,349232,shop_4,kinder-cola,plastic,1.5lt,3.71,15502
2826,31/08/14,Thessaloniki,40.64361,22.93086,349232,shop_4,kinder-cola,plastic,1.5lt,3.32,15132
2919,30/09/14,Thessaloniki,40.64361,22.93086,349232,shop_4,kinder-cola,plastic,1.5lt,3.38,13508
3009,31/10/14,Thessaloniki,40.64361,22.93086,349232,shop_4,kinder-cola,plastic,1.5lt,2.63,12033
3100,30/11/14,Thessaloniki,40.64361,22.93086,349232,shop_4,kinder-cola,plastic,1.5lt,2.26,14418
3185,31/12/14,Thessaloniki,40.64361,22.93086,349232,shop_4,kinder-cola,plastic,1.5lt,3.74,10093
3818,31/07/15,Thessaloniki,40.64361,22.93086,351650,shop_4,kinder-cola,plastic,1.5lt,2.17,27545
3906,31/08/15,Thessaloniki,,22.93086,351650,shop_4,kinder-cola,plastic,1.5lt,1.97,23793
4048,30/09/15,Thessaloniki,40.64361,22.93086,351650,shop_4,kinder-cola,plastic,1.5lt,2.93,16421
4085,31/10/15,Thessaloniki,40.64361,22.93086,351650,shop_4,kinder-cola,plastic,1.5lt,3.06,10618
4177,30/11/15,Thessaloniki,40.64361,22.93086,351650,shop_4,kinder-cola,plastic,1.5lt,2.86,12175
4268,31/12/15,Thessaloniki,40.64361,22.93086,351650,shop_4,kinder-cola,plastic,1.5lt,2.38,17196
4896,31/07/16,Thessaloniki,40.64361,22.93086,351702,shop_4,kinder-cola,plastic,1.5lt,2.82,23099
4985,31/08/16,Thessaloniki,40.64361,22.93086,351702,shop_4,kinder-cola,plastic,1.5lt,3.16,16941
5073,30/09/16,Thessaloniki,40.64361,22.93086,351702,shop_4,kinder-cola,plastic,1.5lt,3.43,14054
5217,31/10/16,Thessaloniki,40.64361,22.93086,351702,shop_4,kinder-cola,plastic,1.5lt,2.83,11697
5259,30/11/16,Thessaloniki,40.64361,22.93086,351702,shop_4,kinder-cola,plastic,1.5lt,3.29,10722
5349,31/12/16,Thessaloniki,40.64361,22.93086,351702,shop_4,kinder-cola,plastic,1.5lt,3.15,13730
6021,31/07/17,Thessaloniki,40.64361,22.93086,353001,shop_4,kinder-cola,plastic,1.5lt,3,22264
6065,31/08/17,Thessaloniki,40.64361,22.93086,353001,shop_4,kinder-cola,plastic,1.5lt,2.76,19696
6161,30/09/17,Thessaloniki,40.64361,22.93086,353001,shop_4,kinder-cola,plastic,1.5lt,1.52,24654
6251,31/10/17,Thessaloniki,40.64361,22.93086,353001,shop_4,kinder-cola,plastic,1.5lt,1.99,14979
6383,30/11/17,Thessaloniki,40.64361,22.93086,353001,shop_4,kinder-cola,plastic,1.5lt,2.18,15275
6426,31/12/17,Thessaloniki,40.64361,22.93086,353001,shop_4,kinder-cola,plastic,1.5lt,1.74,20720
581,31/07/12,Thessaloniki,40.64361,22.93086,346502,shop_4,kinder-cola,can,330ml,0.74,28099
664,31/08/12,Thessaloniki,40.64361,22.93086,346502,shop_4,kinder-cola,can,330ml,0.85,20067
759,30/09/12,Thessaloniki,40.64361,22.93086,346502,shop_4,kinder-cola,can,330ml,0.75,19931
853,31/10/12,Thessaloniki,40.64361,22.93086,346502,shop_4,kinder-cola,can,330ml,0.75,16046
941,30/11/12,Thessaloniki,40.64361,22.93086,346502,shop_4,kinder-cola,can,330ml,0.9,13421
1028,31/12/12,Thessaloniki,40.64361,22.93086,346502,shop_4,kinder-cola,can,330ml,0.79,21564
1657,31/07/13,Thessaloniki,40.64361,22.93086,347001,shop_4,kinder-cola,can,330ml,0.92,20279
1748,31/08/13,Thessaloniki,40.64361,22.93086,347001,shop_4,kinder-cola,can,330ml,0.47,37291
1839,30/09/13,Thessaloniki,40.64361,22.93086,347001,shop_4,kinder-cola,can,330ml,0.91,14887
1929,31/10/13,Thessaloniki,40.64361,22.93086,347001,shop_4,kinder-cola,can,330ml,0.51,23506
2018,30/11/13,Thessaloniki,40.64361,22.93086,347001,shop_4,kinder-cola,can,330ml,0.87,14928
2110,31/12/13,Thessaloniki,40.64361,22.93086,347001,shop_4,kinder-cola,can,330ml,0.64,28538
2738,31/07/14,Thessaloniki,40.64361,22.93086,349232,shop_4,kinder-cola,can,330ml,0.71,30879
2827,31/08/14,Thessaloniki,40.64361,22.93086,349232,shop_4,kinder-cola,can,330ml,0.85,21736
2920,30/09/14,Thessaloniki,40.64361,22.93086,349232,shop_4,kinder-cola,can,330ml,0.62,25273
3010,31/10/14,Thessaloniki,40.64361,22.93086,349232,shop_4,kinder-cola,can,330ml,0.83,14823
3101,30/11/14,Thessaloniki,40.64361,22.93086,349232,shop_4,kinder-cola,can,330ml,0.79,18014
3186,31/12/14,Thessaloniki,40.64361,22.93086,349232,shop_4,kinder-cola,can,330ml,0.87,19706
3819,31/07/15,Thessaloniki,40.64361,22.93086,351650,shop_4,kinder-cola,can,330ml,0.63,35387
3907,31/08/15,Thessaloniki,40.64361,22.93086,351650,shop_4,kinder-cola,can,330ml,0.75,26605
3999,30/09/15,Thessaloniki,40.64361,22.93086,351650,shop_4,kinder-cola,can,330ml,0.81,19565
4086,31/10/15,Thessaloniki,40.64361,22.93086,351650,shop_4,kinder-cola,can,330ml,0.84,14959
4178,30/11/15,Thessaloniki,40.64361,22.93086,351650,shop_4,kinder-cola,can,330ml,0.7,21227
4269,31/12/15,Thessaloniki,40.64361,22.93086,351650,shop_4,kinder-cola,can,330ml,0.88,20300
4897,31/07/16,Thessaloniki,40.64361,22.93086,351702,shop_4,kinder-cola,can,330ml,0.75,30673
4986,31/08/16,Thessaloniki,40.64361,22.93086,351702,shop_4,kinder-cola,can,330ml,0.8,25242
5074,30/09/16,Thessaloniki,40.64361,22.93086,351702,shop_4,kinder-cola,can,330ml,0.84,19010
5219,31/10/16,Thessaloniki,40.64361,22.93086,351702,shop_4,kinder-cola,can,330ml,0.7,19219
5260,30/11/16,Thessaloniki,40.64361,22.93086,351702,shop_4,kinder-cola,can,330ml,0.63,23900
5350,31/12/16,Thessaloniki,40.64361,22.93086,351702,shop_4,kinder-cola,can,330ml,0.76,25439
5975,31/07/17,Thessaloniki,40.64361,22.93086,353001,shop_4,kinder-cola,can,330ml,0.97,21504
6066,31/08/17,Thessaloniki,40.64361,22.93086,353001,shop_4,kinder-cola,can,330ml,0.83,24831
6162,30/09/17,Thessaloniki,40.64361,22.93086,353001,shop_4,kinder-cola,can,330ml,0.81,20712
6293,31/10/17,Thessaloniki,40.64361,22.93086,353001,shop_4,kinder-cola,can,330ml,1.08,9753
6336,30/11/17,Thessaloniki,40.64361,22.93086,353001,shop_4,kinder-cola,can,330ml,0.73,21339
6427,31/12/17,Thessaloniki,40.64361,22.93086,353001,shop_4,kinder-cola,can,330ml,0.87,22095
582,31/07/12,Thessaloniki,40.64361,22.93086,346502,shop_4,adult-cola,glass,500ml,1.11,38230
665,31/08/12,Thessaloniki,40.64361,22.93086,346502,shop_4,adult-cola,glass,500ml,1.26,31373
760,30/09/12,Thessaloniki,40.64361,22.93086,346502,shop_4,adult-cola,glass,500ml,1.05,33152
854,31/10/12,Thessaloniki,40.64361,22.93086,346502,shop_4,adult-cola,glass,500ml,1.24,20052
942,30/11/12,Thessaloniki,40.64361,22.93086,346502,shop_4,adult-cola,glass,500ml,1.09,25068
1079,31/12/12,Thessaloniki,40.64361,22.93086,346502,shop_4,adult-cola,glass,500ml,1.26,21803
1658,31/07/13,Thessaloniki,40.64361,22.93086,347001,shop_4,adult-cola,glass,500ml,1.13,38843
1749,31/08/13,Thessaloniki,40.64361,22.93086,347001,shop_4,adult-cola,glass,500ml,0.83,57506
1840,30/09/13,Thessaloniki,40.64361,22.93086,347001,shop_4,adult-cola,glass,500ml,1.23,26563
1930,31/10/13,Thessaloniki,40.64361,22.93086,347001,shop_4,adult-cola,glass,500ml,1,29528
2019,30/11/13,Thessaloniki,40.64361,22.93086,347001,shop_4,adult-cola,glass,500ml,1.15,24000
2111,31/12/13,Thessaloniki,40.64361,22.93086,347001,shop_4,adult-cola,glass,500ml,1.17,26378
2785,31/07/14,Thessaloniki,40.64361,22.93086,349232,shop_4,adult-cola,glass,500ml,1.17,37882
2828,31/08/14,Thessaloniki,40.64361,22.93086,349232,shop_4,adult-cola,glass,500ml,0.92,53766
2921,30/09/14,Thessaloniki,40.64361,22.93086,349232,shop_4,adult-cola,glass,500ml,0.96,39247
3011,31/10/14,Thessaloniki,40.64361,22.93086,349232,shop_4,adult-cola,glass,500ml,0.85,35304
3149,30/11/14,Thessaloniki,40.64361,22.93086,349232,shop_4,adult-cola,glass,500ml,1.14,25184
3187,31/12/14,Thessaloniki,40.64361,22.93086,349232,shop_4,adult-cola,glass,500ml,1.19,26738
3820,31/07/15,Thessaloniki,40.64361,22.93086,351650,shop_4,adult-cola,glass,500ml,1.06,44821
3908,31/08/15,Thessaloniki,40.64361,22.93086,351650,shop_4,adult-cola,glass,500ml,1.13,43510
4000,30/09/15,Thessaloniki,40.64361,22.93086,351650,shop_4,adult-cola,glass,500ml,1.25,27803
4087,31/10/15,Thessaloniki,40.64361,22.93086,351650,shop_4,adult-cola,glass,500ml,1.01,30556
4179,30/11/15,Thessaloniki,40.64361,22.93086,351650,shop_4,adult-cola,glass,500ml,1.22,23399
4270,31/12/15,Thessaloniki,40.64361,22.93086,351650,shop_4,adult-cola,glass,500ml,1.24,25675
4933,31/07/16,Thessaloniki,40.64361,22.93086,351702,shop_4,adult-cola,glass,500ml,0.92,52950
4987,31/08/16,Thessaloniki,40.64361,22.93086,351702,shop_4,adult-cola,glass,500ml,1.22,39931
5075,30/09/16,Thessaloniki,40.64361,22.93086,351702,shop_4,adult-cola,glass,500ml,1.13,33900
5170,31/10/16,Thessaloniki,40.64361,22.93086,351702,shop_4,adult-cola,glass,500ml,1.15,26617
5261,30/11/16,Thessaloniki,40.64361,22.93086,351702,shop_4,adult-cola,glass,500ml,0.97,32267
5351,31/12/16,Thessaloniki,40.64361,22.93086,351702,shop_4,adult-cola,glass,500ml,0.9,39404
6028,31/07/17,Thessaloniki,40.64361,22.93086,353001,shop_4,adult-cola,glass,500ml,1.12,44287
6067,31/08/17,Thessaloniki,40.64361,22.93086,353001,shop_4,adult-cola,glass,500ml,1.22,41183
6163,30/09/17,Thessaloniki,40.64361,22.93086,353001,shop_4,adult-cola,glass,500ml,1.15,34046
6252,31/10/17,Thessaloniki,40.64361,22.93086,353001,shop_4,adult-cola,glass,500ml,1.07,30067
6337,30/11/17,Thessaloniki,40.64361,22.93086,353001,shop_4,adult-cola,glass,500ml,1.24,24323
6479,31/12/17,Thessaloniki,40.64361,22.93086,353001,shop_4,adult-cola,glass,500ml,1.16,30413
583,31/07/12,Thessaloniki,40.64361,22.93086,346502,shop_4,adult-cola,plastic,1.5lt,2.57,30092
666,31/08/12,Thessaloniki,40.64361,22.93086,346502,shop_4,adult-cola,plastic,1.5lt,2.38,27911
761,30/09/12,Thessaloniki,40.64361,22.93086,346502,shop_4,adult-cola,plastic,1.5lt,2.49,19979
855,31/10/12,Thessaloniki,40.64361,22.93086,346502,shop_4,adult-cola,plastic,1.5lt,3.14,13413
943,30/11/12,Thessaloniki,40.64361,22.93086,346502,shop_4,adult-cola,plastic,1.5lt,2.43,14280
1029,31/12/12,Thessaloniki,40.64361,22.93086,346502,shop_4,adult-cola,plastic,1.5lt,3.1,11574
1659,31/07/13,Thessaloniki,40.64361,22.93086,347001,shop_4,adult-cola,plastic,1.5lt,2.45,32711
1750,31/08/13,Thessaloniki,40.64361,22.93086,347001,shop_4,adult-cola,plastic,1.5lt,2.57,26227
1841,30/09/13,Thessaloniki,40.64361,22.93086,347001,shop_4,adult-cola,plastic,1.5lt,3.2,13888
1931,31/10/13,Thessaloniki,,22.93086,347001,shop_4,adult-cola,plastic,1.5lt,1.66,27394
2020,30/11/13,Thessaloniki,40.64361,22.93086,347001,shop_4,adult-cola,plastic,1.5lt,3.09,10375
2112,31/12/13,Thessaloniki,40.64361,22.93086,347001,shop_4,adult-cola,plastic,1.5lt,1.57,23605
2739,31/07/14,Thessaloniki,40.64361,22.93086,349232,shop_4,adult-cola,plastic,1.5lt,2.41,34001
2829,31/08/14,Thessaloniki,40.64361,22.93086,349232,shop_4,adult-cola,plastic,1.5lt,3.53,15372
2922,30/09/14,Thessaloniki,40.64361,22.93086,349232,shop_4,adult-cola,plastic,1.5lt,3.37,13044
3055,31/10/14,Thessaloniki,40.64361,22.93086,349232,shop_4,adult-cola,plastic,1.5lt,2.79,17822
3102,30/11/14,Thessaloniki,40.64361,22.93086,349232,shop_4,adult-cola,plastic,1.5lt,1.34,21867
3188,31/12/14,Thessaloniki,40.64361,22.93086,349232,shop_4,adult-cola,plastic,1.5lt,3.19,11895
3821,31/07/15,Thessaloniki,40.64361,22.93086,351650,shop_4,adult-cola,plastic,1.5lt,2.43,34395
3909,31/08/15,Thessaloniki,40.64361,22.93086,351650,shop_4,adult-cola,plastic,1.5lt,2.9,23755
4001,30/09/15,Thessaloniki,40.64361,22.93086,351650,shop_4,adult-cola,plastic,1.5lt,1.81,27507
4088,31/10/15,Thessaloniki,40.64361,22.93086,351650,shop_4,adult-cola,plastic,1.5lt,2.62,19764
4180,30/11/15,Thessaloniki,40.64361,22.93086,351650,shop_4,adult-cola,plastic,1.5lt,2.55,14527
4271,31/12/15,Thessaloniki,40.64361,22.93086,351650,shop_4,adult-cola,plastic,1.5lt,2.01,20959
4936,31/07/16,Thessaloniki,40.64361,22.93086,351702,shop_4,adult-cola,plastic,1.5lt,2.02,40745
4988,31/08/16,Thessaloniki,40.64361,22.93086,351702,shop_4,adult-cola,plastic,1.5lt,1.65,38920
5076,30/09/16,Thessaloniki,40.64361,22.93086,351702,shop_4,adult-cola,plastic,1.5lt,2.18,24663
5171,31/10/16,Thessaloniki,40.64361,22.93086,351702,shop_4,adult-cola,plastic,1.5lt,1.32,31245
5262,30/11/16,Thessaloniki,40.64361,22.93086,351702,shop_4,adult-cola,plastic,1.5lt,2.42,15660
5352,31/12/16,Thessaloniki,40.64361,22.93086,351702,shop_4,adult-cola,plastic,1.5lt,3.08,13650
6022,31/07/17,Thessaloniki,40.64361,22.93086,353001,shop_4,adult-cola,plastic,1.5lt,2.35,36880
6068,31/08/17,Thessaloniki,40.64361,22.93086,353001,shop_4,adult-cola,plastic,1.5lt,1.63,39458
6202,30/09/17,Thessaloniki,40.64361,22.93086,353001,shop_4,adult-cola,plastic,1.5lt,2.35,23577
6291,31/10/17,Thessaloniki,40.64361,22.93086,353001,shop_4,adult-cola,plastic,1.5lt,2.83,18917
6338,30/11/17,Thessaloniki,40.64361,22.93086,353001,shop_4,adult-cola,plastic,1.5lt,3.05,12212
6428,31/12/17,Thessaloniki,40.64361,22.93086,353001,shop_4,adult-cola,plastic,1.5lt,2.37,19006
584,31/07/12,Thessaloniki,40.64361,22.93086,346502,shop_4,adult-cola,can,330ml,0.76,37698
667,31/08/12,Thessaloniki,40.64361,22.93086,346502,shop_4,adult-cola,can,330ml,0.77,30519
762,30/09/12,Thessaloniki,40.64361,22.93086,346502,shop_4,adult-cola,can,330ml,0.89,16813
899,31/10/12,Thessaloniki,40.64361,22.93086,346502,shop_4,adult-cola,can,330ml,0.77,23973
944,30/11/12,Thessaloniki,40.64361,22.93086,346502,shop_4,adult-cola,can,330ml,0.7,23106
1030,31/12/12,Thessaloniki,40.64361,22.93086,346502,shop_4,adult-cola,can,330ml,0.66,33322
1660,31/07/13,Thessaloniki,40.64361,22.93086,347001,shop_4,adult-cola,can,330ml,0.6,55275
1785,31/08/13,Thessaloniki,40.64361,22.93086,347001,shop_4,adult-cola,can,330ml,0.59,48238
1842,30/09/13,Thessaloniki,40.64361,22.93086,347001,shop_4,adult-cola,can,330ml,0.67,34611
1969,31/10/13,Thessaloniki,40.64361,22.93086,347001,shop_4,adult-cola,can,330ml,0.62,35877
2021,30/11/13,Thessaloniki,40.64361,22.93086,347001,shop_4,adult-cola,can,330ml,0.73,22693
2113,31/12/13,Thessaloniki,40.64361,22.93086,347001,shop_4,adult-cola,can,330ml,0.68,32834
2778,31/07/14,Thessaloniki,40.64361,22.93086,349232,shop_4,adult-cola,can,330ml,0.54,63333
2830,31/08/14,Thessaloniki,40.64361,22.93086,349232,shop_4,adult-cola,can,330ml,0.69,41215
2966,30/09/14,Thessaloniki,40.64361,22.93086,349232,shop_4,adult-cola,can,330ml,0.52,46229
3012,31/10/14,Thessaloniki,40.64361,22.93086,349232,shop_4,adult-cola,can,330ml,0.49,45758
3103,30/11/14,Thessaloniki,40.64361,22.93086,349232,shop_4,adult-cola,can,330ml,0.63,28776
3237,31/12/14,Thessaloniki,40.64361,22.93086,349232,shop_4,adult-cola,can,330ml,0.43,52182
3822,31/07/15,Thessaloniki,40.64361,22.93086,351650,shop_4,adult-cola,can,330ml,0.61,57442
3910,31/08/15,Thessaloniki,40.64361,22.93086,351650,shop_4,adult-cola,can,330ml,0.6,49717
4002,30/09/15,Thessaloniki,40.64361,22.93086,351650,shop_4,adult-cola,can,330ml,0.31,62587
4139,31/10/15,Thessaloniki,40.64361,22.93086,351650,shop_4,adult-cola,can,330ml,0.71,31812
4181,30/11/15,Thessaloniki,40.64361,22.93086,351650,shop_4,adult-cola,can,330ml,0.45,38972
4272,31/12/15,Thessaloniki,40.64361,22.93086,351650,shop_4,adult-cola,can,330ml,0.66,36639
4898,31/07/16,Thessaloniki,40.64361,22.93086,351702,shop_4,adult-cola,can,330ml,0.62,57792
4989,31/08/16,Thessaloniki,40.64361,22.93086,351702,shop_4,adult-cola,can,330ml,0.6,51057
5077,30/09/16,Thessaloniki,40.64361,22.93086,351702,shop_4,adult-cola,can,330ml,0.7,35875
5172,31/10/16,Thessaloniki,40.64361,22.93086,351702,shop_4,adult-cola,can,330ml,0.64,37245
5263,30/11/16,Thessaloniki,40.64361,22.93086,351702,shop_4,adult-cola,can,330ml,0.82,20431
5353,31/12/16,Thessaloniki,40.64361,22.93086,351702,shop_4,adult-cola,can,330ml,0.66,37264
5976,31/07/17,Thessaloniki,40.64361,22.93086,353001,shop_4,adult-cola,can,330ml,0.67,53843
6069,31/08/17,Thessaloniki,40.64361,22.93086,353001,shop_4,adult-cola,can,330ml,0.67,46179
6164,30/09/17,Thessaloniki,40.64361,22.93086,353001,shop_4,adult-cola,can,330ml,0.64,40524
6296,31/10/17,Thessaloniki,40.64361,22.93086,353001,shop_4,adult-cola,can,330ml,0.7,34209
6339,30/11/17,Thessaloniki,40.64361,22.93086,353001,shop_4,adult-cola,can,330ml,0.54,35577
6429,31/12/17,Thessaloniki,40.64361,22.93086,353001,shop_4,adult-cola,can,330ml,0.74,32889
