ML/data/halfyear.csv
id,date,city,lat,long,pop,shop,brand,container,capacity,price,quantity
585,31/07/12,Thessaloniki,40.64361,22.93086,346502,shop_4,orange-power,glass,500ml,0.7,64685
703,31/08/12,Thessaloniki,40.64361,22.93086,346502,shop_4,orange-power,glass,500ml,0.65,63796
763,30/09/12,Thessaloniki,40.64361,22.93086,346502,shop_4,orange-power,glass,500ml,0.8,49846
856,31/10/12,Thessaloniki,40.64361,22.93086,346502,shop_4,orange-power,glass,500ml,0.94,33258
945,30/11/12,Thessaloniki,40.64361,22.93086,346502,shop_4,orange-power,glass,500ml,0.64,43422
1031,31/12/12,Thessaloniki,40.64361,22.93086,346502,shop_4,orange-power,glass,500ml,0.95,26638
1661,31/07/13,Thessaloniki,40.64361,22.93086,347001,shop_4,orange-power,glass,500ml,0.89,46831
1784,31/08/13,Thessaloniki,40.64361,22.93086,347001,shop_4,orange-power,glass,500ml,0.86,45277
1843,30/09/13,Thessaloniki,40.64361,22.93086,347001,shop_4,orange-power,glass,500ml,0.76,55362
1932,31/10/13,Thessaloniki,40.64361,22.93086,347001,shop_4,orange-power,glass,500ml,1,30080
2022,30/11/13,Thessaloniki,40.64361,22.93086,347001,shop_4,orange-power,glass,500ml,0.83,31627
2114,31/12/13,Thessaloniki,40.64361,22.93086,347001,shop_4,orange-power,glass,500ml,0.88,33696
2740,31/07/14,Thessaloniki,40.64361,22.93086,349232,shop_4,orange-power,glass,500ml,0.74,64258
2871,31/08/14,Thessaloniki,40.64361,22.93086,349232,shop_4,orange-power,glass,500ml,0.83,49627
2923,30/09/14,Thessaloniki,40.64361,22.93086,349232,shop_4,orange-power,glass,500ml,0.89,44640
3013,31/10/14,Thessaloniki,40.64361,22.93086,349232,shop_4,orange-power,glass,500ml,0.74,55171
3104,30/11/14,Thessaloniki,40.64361,22.93086,349232,shop_4,orange-power,glass,500ml,0.82,33451
3189,31/12/14,Thessaloniki,40.64361,22.93086,349232,shop_4,orange-power,glass,500ml,0.92,32048
3823,31/07/15,Thessaloniki,40.64361,22.93086,351650,shop_4,orange-power,glass,500ml,0.97,42477
3911,31/08/15,Thessaloniki,40.64361,22.93086,351650,shop_4,orange-power,glass,500ml,0.89,45914
4003,30/09/15,Thessaloniki,40.64361,22.93086,351650,shop_4,orange-power,glass,500ml,0.85,50183
4125,31/10/15,Thessaloniki,40.64361,22.93086,351650,shop_4,orange-power,glass,500ml,0.69,60558
4182,30/11/15,Thessaloniki,40.64361,22.93086,351650,shop_4,orange-power,glass,500ml,0.9,29924
4273,31/12/15,Thessaloniki,40.64361,22.93086,351650,shop_4,orange-power,glass,500ml,0.77,43905
4899,31/07/16,Thessaloniki,40.64361,22.93086,351702,shop_4,orange-power,glass,500ml,0.86,55186
4990,31/08/16,Thessaloniki,40.64361,22.93086,351702,shop_4,orange-power,glass,500ml,0.94,42850
5078,30/09/16,Thessaloniki,40.64361,22.93086,351702,shop_4,orange-power,glass,500ml,0.65,69389
5173,31/10/16,Thessaloniki,40.64361,22.93086,351702,shop_4,orange-power,glass,500ml,0.66,64665
5264,30/11/16,Thessaloniki,40.64361,22.93086,351702,shop_4,orange-power,glass,500ml,0.97,26665
5354,31/12/16,Thessaloniki,40.64361,22.93086,351702,shop_4,orange-power,glass,500ml,0.83,41258
5977,31/07/17,Thessaloniki,40.64361,22.93086,353001,shop_4,orange-power,glass,500ml,0.88,55400
6070,31/08/17,Thessaloniki,40.64361,22.93086,353001,shop_4,orange-power,glass,500ml,0.92,46357
6206,30/09/17,Thessaloniki,40.64361,22.93086,353001,shop_4,orange-power,glass,500ml,1.07,33889
6253,31/10/17,Thessaloniki,40.64361,22.93086,353001,shop_4,orange-power,glass,500ml,0.88,47205
6378,30/11/17,Thessaloniki,40.64361,22.93086,353001,shop_4,orange-power,glass,500ml,0.84,35606
6430,31/12/17,Thessaloniki,40.64361,22.93086,353001,shop_4,orange-power,glass,500ml,0.5,64951
586,31/07/12,Thessaloniki,40.64361,22.93086,346502,shop_4,orange-power,plastic,1.5lt,1.61,45682
668,31/08/12,Thessaloniki,40.64361,22.93086,346502,shop_4,orange-power,plastic,1.5lt,1.27,50047
764,30/09/12,Thessaloniki,40.64361,22.93086,346502,shop_4,orange-power,plastic,1.5lt,1.7,29029
857,31/10/12,Thessaloniki,40.64361,22.93086,346502,shop_4,orange-power,plastic,1.5lt,2.03,19880
983,30/11/12,Thessaloniki,40.64361,22.93086,346502,shop_4,orange-power,plastic,1.5lt,1.19,27306
1032,31/12/12,Thessaloniki,40.64361,,346502,shop_4,orange-power,plastic,1.5lt,1.08,37159
1662,31/07/13,Thessaloniki,40.64361,22.93086,347001,shop_4,orange-power,plastic,1.5lt,1.62,46220
1751,31/08/13,Thessaloniki,40.64361,22.93086,347001,shop_4,orange-power,plastic,1.5lt,1.52,44113
1844,30/09/13,Thessaloniki,40.64361,22.93086,347001,shop_4,orange-power,plastic,1.5lt,1.73,29133
1933,31/10/13,Thessaloniki,40.64361,22.93086,347001,shop_4,orange-power,plastic,1.5lt,1.12,37242
2054,30/11/13,Thessaloniki,40.64361,22.93086,347001,shop_4,orange-power,plastic,1.5lt,1.38,25013
2115,31/12/13,Thessaloniki,40.64361,22.93086,347001,shop_4,orange-power,plastic,1.5lt,1.37,32343
2741,31/07/14,Thessaloniki,40.64361,22.93086,349232,shop_4,orange-power,plastic,1.5lt,1.45,52261
2831,31/08/14,Thessaloniki,40.64361,22.93086,349232,shop_4,orange-power,plastic,1.5lt,1.88,35634
2924,30/09/14,Thessaloniki,40.64361,22.93086,349232,shop_4,orange-power,plastic,1.5lt,1.43,35803
3014,31/10/14,Thessaloniki,40.64361,22.93086,349232,shop_4,orange-power,plastic,1.5lt,1.72,26944
3105,30/11/14,Thessaloniki,40.64361,22.93086,349232,shop_4,orange-power,plastic,1.5lt,2.1,15622
3190,31/12/14,Thessaloniki,40.64361,22.93086,349232,shop_4,orange-power,plastic,1.5lt,2.04,21068
3851,31/07/15,Thessaloniki,40.64361,22.93086,351650,shop_4,orange-power,plastic,1.5lt,1.97,38458
3912,31/08/15,Thessaloniki,40.64361,22.93086,351650,shop_4,orange-power,plastic,1.5lt,2.08,31626
4004,30/09/15,Thessaloniki,40.64361,22.93086,351650,shop_4,orange-power,plastic,1.5lt,1.18,41325
4089,31/10/15,Thessaloniki,40.64361,22.93086,351650,shop_4,orange-power,plastic,1.5lt,1.51,31205
4214,30/11/15,Thessaloniki,40.64361,22.93086,351650,shop_4,orange-power,plastic,1.5lt,1.37,26003
4274,31/12/15,Thessaloniki,40.64361,22.93086,351650,shop_4,orange-power,plastic,1.5lt,1.85,25180
4900,31/07/16,Thessaloniki,,22.93086,351702,shop_4,orange-power,plastic,1.5lt,1.76,45475
4991,31/08/16,Thessaloniki,40.64361,22.93086,351702,shop_4,orange-power,plastic,1.5lt,2.1,32117
5079,30/09/16,Thessaloniki,40.64361,22.93086,351702,shop_4,orange-power,plastic,1.5lt,1.91,27902
5174,31/10/16,Thessaloniki,40.64361,22.93086,351702,shop_4,orange-power,plastic,1.5lt,1.99,23636
5265,30/11/16,Thessaloniki,40.64361,22.93086,351702,shop_4,orange-power,plastic,1.5lt,2.24,14966
5355,31/12/16,Thessaloniki,40.64361,22.93086,351702,shop_4,orange-power,plastic,1.5lt,2.25,19011
5978,31/07/17,Thessaloniki,40.64361,22.93086,353001,shop_4,orange-power,plastic,1.5lt,2.44,27656
6071,31/08/17,Thessaloniki,40.64361,22.93086,353001,shop_4,orange-power,plastic,1.5lt,1.56,46604
6165,30/09/17,Thessaloniki,40.64361,22.93086,353001,shop_4,orange-power,plastic,1.5lt,1.95,27898
6254,31/10/17,Thessaloniki,40.64361,22.93086,353001,shop_4,orange-power,plastic,1.5lt,1.7,29237
6340,30/11/17,Thessaloniki,40.64361,22.93086,353001,shop_4,orange-power,plastic,1.5lt,2.52,11909
6465,31/12/17,Thessaloniki,40.64361,22.93086,353001,shop_4,orange-power,plastic,1.5lt,1.7,28852
587,31/07/12,Thessaloniki,40.64361,22.93086,346502,shop_4,orange-power,can,330ml,0.6,39339
669,31/08/12,Thessaloniki,40.64361,22.93086,346502,shop_4,orange-power,can,330ml,0.43,61450
765,30/09/12,Thessaloniki,40.64361,22.93086,346502,shop_4,orange-power,can,330ml,0.43,55656
858,31/10/12,Thessaloniki,40.64361,22.93086,346502,shop_4,orange-power,can,330ml,0.45,40801
946,30/11/12,Thessaloniki,40.64361,22.93086,346502,shop_4,orange-power,can,330ml,0.24,62668
1033,31/12/12,Thessaloniki,40.64361,22.93086,346502,shop_4,orange-power,can,330ml,0.44,53822
1663,31/07/13,Thessaloniki,40.64361,22.93086,347001,shop_4,orange-power,can,330ml,0.54,56009
1752,31/08/13,Thessaloniki,40.64361,22.93086,347001,shop_4,orange-power,can,330ml,0.53,46044
1845,30/09/13,Thessaloniki,40.64361,22.93086,347001,shop_4,orange-power,can,330ml,0.32,73818
1934,31/10/13,Thessaloniki,40.64361,22.93086,347001,shop_4,orange-power,can,330ml,0.33,56264
2023,30/11/13,Thessaloniki,40.64361,22.93086,347001,shop_4,orange-power,can,330ml,0.52,31318
2116,31/12/13,Thessaloniki,40.64361,22.93086,347001,shop_4,orange-power,can,330ml,0.5,44919
2742,31/07/14,Thessaloniki,40.64361,22.93086,349232,shop_4,orange-power,can,330ml,0.34,99834
2875,31/08/14,Thessaloniki,40.64361,22.93086,349232,shop_4,orange-power,can,330ml,0.57,40759
2925,30/09/14,Thessaloniki,40.64361,22.93086,349232,shop_4,orange-power,can,330ml,0.57,37474
3015,31/10/14,Thessaloniki,40.64361,22.93086,349232,shop_4,orange-power,can,330ml,0.59,26340
3106,30/11/14,Thessaloniki,40.64361,22.93086,349232,shop_4,orange-power,can,330ml,0.37,49833
3191,31/12/14,Thessaloniki,40.64361,22.93086,349232,shop_4,orange-power,can,330ml,0.48,50274
3824,31/07/15,Thessaloniki,40.64361,22.93086,351650,shop_4,orange-power,can,330ml,0.4,88685
3913,31/08/15,Thessaloniki,40.64361,22.93086,351650,shop_4,orange-power,can,330ml,0.46,60495
4005,30/09/15,Thessaloniki,40.64361,22.93086,351650,shop_4,orange-power,can,330ml,0.35,72075
4090,31/10/15,Thessaloniki,40.64361,22.93086,351650,shop_4,orange-power,can,330ml,0.51,37794
4183,30/11/15,Thessaloniki,40.64361,22.93086,351650,shop_4,orange-power,can,330ml,0.64,21331
4275,31/12/15,Thessaloniki,40.64361,22.93086,351650,shop_4,orange-power,can,330ml,0.42,60301
4901,31/07/16,Thessaloniki,40.64361,22.93086,351702,shop_4,orange-power,can,330ml,0.51,68340
4992,31/08/16,Thessaloniki,40.64361,22.93086,351702,shop_4,orange-power,can,330ml,0.41,69958
5080,30/09/16,Thessaloniki,40.64361,22.93086,351702,shop_4,orange-power,can,330ml,0.56,43180
5205,31/10/16,Thessaloniki,40.64361,22.93086,351702,shop_4,orange-power,can,330ml,0.62,25842
5307,30/11/16,Thessaloniki,40.64361,22.93086,351702,shop_4,orange-power,can,330ml,0.38,50116
5356,31/12/16,Thessaloniki,40.64361,22.93086,351702,shop_4,orange-power,can,330ml,0.47,54191
5979,31/07/17,Thessaloniki,40.64361,22.93086,353001,shop_4,orange-power,can,330ml,0.51,71793
6072,31/08/17,Thessaloniki,40.64361,22.93086,353001,shop_4,orange-power,can,330ml,0.43,68018
6166,30/09/17,Thessaloniki,40.64361,22.93086,353001,shop_4,orange-power,can,330ml,0.57,42236
6255,31/10/17,Thessaloniki,40.64361,22.93086,353001,shop_4,orange-power,can,330ml,0.41,51462
6341,30/11/17,Thessaloniki,40.64361,22.93086,353001,shop_4,orange-power,can,330ml,0.58,30372
6431,31/12/17,Thessaloniki,40.64361,22.93086,353001,shop_4,orange-power,can,330ml,0.44,60310
588,31/07/12,Thessaloniki,40.64361,22.93086,346502,shop_4,gazoza,glass,500ml,0.52,90780
670,31/08/12,Thessaloniki,40.64361,22.93086,346502,shop_4,gazoza,glass,500ml,0.63,60703
766,30/09/12,Thessaloniki,40.64361,22.93086,346502,shop_4,gazoza,glass,500ml,0.61,51119
859,31/10/12,Thessaloniki,40.64361,22.93086,346502,shop_4,gazoza,glass,500ml,0.52,55524
947,30/11/12,Thessaloniki,40.64361,22.93086,346502,shop_4,gazoza,glass,500ml,0.5,58307
1034,31/12/12,Thessaloniki,40.64361,22.93086,346502,shop_4,gazoza,glass,500ml,0.59,50951
1664,31/07/13,Thessaloniki,40.64361,22.93086,347001,shop_4,gazoza,glass,500ml,0.54,89189
1753,31/08/13,Thessaloniki,40.64361,22.93086,347001,shop_4,gazoza,glass,500ml,0.57,79079
1846,30/09/13,Thessaloniki,40.64361,22.93086,347001,shop_4,gazoza,glass,500ml,0.57,59532
1935,31/10/13,Thessaloniki,40.64361,22.93086,347001,shop_4,gazoza,glass,500ml,0.57,49977
2024,30/11/13,Thessaloniki,40.64361,22.93086,347001,shop_4,gazoza,glass,500ml,0.56,51616
2151,31/12/13,Thessaloniki,40.64361,22.93086,347001,shop_4,gazoza,glass,500ml,0.74,28931
2743,31/07/14,Thessaloniki,40.64361,22.93086,349232,shop_4,gazoza,glass,500ml,0.61,74450
2874,31/08/14,Thessaloniki,40.64361,22.93086,349232,shop_4,gazoza,glass,500ml,0.52,90905
2926,30/09/14,Thessaloniki,40.64361,22.93086,349232,shop_4,gazoza,glass,500ml,0.69,41510
3016,31/10/14,Thessaloniki,40.64361,22.93086,349232,shop_4,gazoza,glass,500ml,0.74,28529
3107,30/11/14,Thessaloniki,40.64361,22.93086,349232,shop_4,gazoza,glass,500ml,0.63,43159
3192,31/12/14,Thessaloniki,40.64361,22.93086,349232,shop_4,gazoza,glass,500ml,0.56,60250
3825,31/07/15,Thessaloniki,40.64361,22.93086,351650,shop_4,gazoza,glass,500ml,0.71,56069
3914,31/08/15,Thessaloniki,40.64361,22.93086,351650,shop_4,gazoza,glass,500ml,0.61,75806
4006,30/09/15,Thessaloniki,40.64361,22.93086,351650,shop_4,gazoza,glass,500ml,0.71,40362
4091,31/10/15,Thessaloniki,40.64361,22.93086,351650,shop_4,gazoza,glass,500ml,0.64,44777
4184,30/11/15,Thessaloniki,40.64361,22.93086,351650,shop_4,gazoza,glass,500ml,0.66,40801
4276,31/12/15,Thessaloniki,40.64361,22.93086,351650,shop_4,gazoza,glass,500ml,0.49,73238
4902,31/07/16,Thessaloniki,40.64361,22.93086,351702,shop_4,gazoza,glass,500ml,0.71,58236
4993,31/08/16,Thessaloniki,40.64361,22.93086,351702,shop_4,gazoza,glass,500ml,0.72,55121
5081,30/09/16,Thessaloniki,40.64361,22.93086,351702,shop_4,gazoza,glass,500ml,0.57,66326
5175,31/10/16,Thessaloniki,40.64361,22.93086,351702,shop_4,gazoza,glass,500ml,0.67,42318
5266,30/11/16,Thessaloniki,40.64361,22.93086,351702,shop_4,gazoza,glass,500ml,0.65,43737
5398,31/12/16,Thessaloniki,40.64361,22.93086,351702,shop_4,gazoza,glass,500ml,0.73,38536
5980,31/07/17,Thessaloniki,40.64361,22.93086,353001,shop_4,gazoza,glass,500ml,0.65,74875
6073,31/08/17,Thessaloniki,40.64361,22.93086,353001,shop_4,gazoza,glass,500ml,0.71,60026
6167,30/09/17,Thessaloniki,40.64361,22.93086,353001,shop_4,gazoza,glass,500ml,0.58,66638
6256,31/10/17,Thessaloniki,40.64361,22.93086,353001,shop_4,gazoza,glass,500ml,0.66,45631
6373,30/11/17,Thessaloniki,40.64361,22.93086,353001,shop_4,gazoza,glass,500ml,0.73,35457
6432,31/12/17,Thessaloniki,40.64361,22.93086,353001,shop_4,gazoza,glass,500ml,0.67,49203
589,31/07/12,Thessaloniki,40.64361,22.93086,346502,shop_4,gazoza,plastic,1.5lt,0.47,99637
671,31/08/12,Thessaloniki,40.64361,22.93086,346502,shop_4,gazoza,plastic,1.5lt,0.97,49616
767,30/09/12,Thessaloniki,40.64361,22.93086,346502,shop_4,gazoza,plastic,1.5lt,0.79,47744
860,31/10/12,Thessaloniki,40.64361,22.93086,346502,shop_4,gazoza,plastic,1.5lt,1.04,28805
948,30/11/12,Thessaloniki,40.64361,22.93086,346502,shop_4,gazoza,plastic,1.5lt,0.89,31812
1035,31/12/12,Thessaloniki,40.64361,22.93086,346502,shop_4,gazoza,plastic,1.5lt,0.79,43113
1665,31/07/13,Thessaloniki,40.64361,22.93086,347001,shop_4,gazoza,plastic,1.5lt,1.02,62879
1754,31/08/13,Thessaloniki,40.64361,22.93086,347001,shop_4,gazoza,plastic,1.5lt,0.5,75500
1936,31/10/13,Thessaloniki,40.64361,22.93086,347001,shop_4,gazoza,plastic,1.5lt,0.91,33585
2025,30/11/13,Thessaloniki,40.64361,22.93086,347001,shop_4,gazoza,plastic,1.5lt,0.99,29589
2117,31/12/13,Thessaloniki,40.64361,22.93086,347001,shop_4,gazoza,plastic,1.5lt,1.02,35072
2782,31/07/14,Thessaloniki,40.64361,22.93086,349232,shop_4,gazoza,plastic,1.5lt,0.91,71844
2832,31/08/14,Thessaloniki,40.64361,22.93086,349232,shop_4,gazoza,plastic,1.5lt,1.04,48286
2927,30/09/14,Thessaloniki,40.64361,22.93086,349232,shop_4,gazoza,plastic,1.5lt,1.03,39233
3017,31/10/14,Thessaloniki,40.64361,22.93086,349232,shop_4,gazoza,plastic,1.5lt,0.95,33168
3108,30/11/14,Thessaloniki,40.64361,22.93086,349232,shop_4,gazoza,plastic,1.5lt,0.98,30314
3193,31/12/14,Thessaloniki,40.64361,22.93086,349232,shop_4,gazoza,plastic,1.5lt,0.93,39366
3826,31/07/15,Thessaloniki,40.64361,22.93086,351650,shop_4,gazoza,plastic,1.5lt,1.37,42914
3915,31/08/15,Thessaloniki,40.64361,22.93086,351650,shop_4,gazoza,plastic,1.5lt,1.5,26590
4007,30/09/15,Thessaloniki,40.64361,22.93086,351650,shop_4,gazoza,plastic,1.5lt,1.12,36409
4092,31/10/15,Thessaloniki,40.64361,22.93086,351650,shop_4,gazoza,plastic,1.5lt,0.84,37249
4227,30/11/15,Thessaloniki,40.64361,22.93086,351650,shop_4,gazoza,plastic,1.5lt,0.98,31140
4277,31/12/15,Thessaloniki,40.64361,22.93086,351650,shop_4,gazoza,plastic,1.5lt,1.2,30400
4903,31/07/16,Thessaloniki,40.64361,22.93086,351702,shop_4,gazoza,plastic,1.5lt,1.45,40039
4994,31/08/16,Thessaloniki,40.64361,22.93086,351702,shop_4,gazoza,plastic,1.5lt,1.11,46946
5082,30/09/16,Thessaloniki,40.64361,22.93086,351702,shop_4,gazoza,plastic,1.5lt,1.09,38704
5206,31/10/16,Thessaloniki,40.64361,22.93086,351702,shop_4,gazoza,plastic,1.5lt,1.36,21745
5267,30/11/16,Thessaloniki,40.64361,22.93086,351702,shop_4,gazoza,plastic,1.5lt,0.96,32281
5357,31/12/16,Thessaloniki,40.64361,22.93086,351702,shop_4,gazoza,plastic,1.5lt,0.99,38688
5981,31/07/17,Thessaloniki,40.64361,22.93086,353001,shop_4,gazoza,plastic,1.5lt,1.13,61710
6074,31/08/17,Thessaloniki,40.64361,22.93086,353001,shop_4,gazoza,,1.5lt,1.38,35339
6168,30/09/17,Thessaloniki,40.64361,22.93086,353001,shop_4,gazoza,plastic,1.5lt,1.21,34794
6257,31/10/17,Thessaloniki,40.64361,22.93086,353001,shop_4,gazoza,plastic,1.5lt,1.31,23988
6342,30/11/17,Thessaloniki,40.64361,22.93086,353001,shop_4,gazoza,plastic,1.5lt,1.37,21187
6478,31/12/17,Thessaloniki,40.64361,22.93086,353001,shop_4,gazoza,plastic,1.5lt,1.34,27115
