ML/data/halfyear.csv
id,date,city,lat,long,pop,shop,brand,container,capacity,price,quantity
590,31/07/12,Thessaloniki,40.64361,22.93086,346502,shop_4,gazoza,can,330ml,0.29,92431
672,31/08/12,Thessaloniki,40.64361,22.93086,346502,shop_4,gazoza,can,330ml,0.27,100164
768,30/09/12,Thessaloniki,40.64361,22.93086,346502,shop_4,gazoza,can,330ml,0.22,84047
861,31/10/12,Thessaloniki,40.64361,22.93086,346502,shop_4,gazoza,can,330ml,0.3,56685
949,30/11/12,Thessaloniki,40.64361,22.93086,346502,shop_4,gazoza,can,330ml,0.27,59197
1036,31/12/12,Thessaloniki,40.64361,22.93086,346502,shop_4,gazoza,can,330ml,0.35,51585
1666,31/07/13,Thessaloniki,40.64361,22.93086,347001,shop_4,gazoza,can,330ml,0.36,68245
1755,31/08/13,Thessaloniki,40.64361,22.93086,347001,shop_4,gazoza,can,330ml,0.36,65121
1848,30/09/13,Thessaloniki,40.64361,22.93086,347001,shop_4,gazoza,can,330ml,0.36,46185
1973,31/10/13,Thessaloniki,40.64361,22.93086,347001,shop_4,gazoza,can,330ml,0.26,68032
2026,30/11/13,Thessaloniki,40.64361,22.93086,347001,shop_4,gazoza,can,330ml,0.35,40974
2118,31/12/13,Thessaloniki,40.64361,22.93086,347001,shop_4,gazoza,can,330ml,0.21,97481
2744,31/07/14,Thessaloniki,40.64361,22.93086,349232,shop_4,gazoza,can,330ml,0.32,86851
2833,31/08/14,Thessaloniki,40.64361,22.93086,349232,shop_4,gazoza,can,330ml,0.27,101423
2928,30/09/14,Thessaloniki,40.64361,22.93086,349232,shop_4,gazoza,can,330ml,0.29,67863
3018,31/10/14,Thessaloniki,40.64361,22.93086,349232,shop_4,gazoza,can,330ml,0.34,48989
3109,30/11/14,Thessaloniki,40.64361,22.93086,349232,shop_4,gazoza,can,330ml,0.32,49155
3232,31/12/14,Thessaloniki,40.64361,22.93086,349232,shop_4,gazoza,can,330ml,0.37,52510
3827,31/07/15,Thessaloniki,40.64361,22.93086,351650,shop_4,gazoza,can,330ml,0.37,70264
3916,31/08/15,Thessaloniki,40.64361,22.93086,351650,shop_4,gazoza,can,330ml,0.36,71628
4008,30/09/15,Thessaloniki,40.64361,22.93086,351650,shop_4,gazoza,can,330ml,0.43,31099
4093,31/10/15,Thessaloniki,40.64361,22.93086,351650,shop_4,gazoza,can,330ml,0.31,59380
4185,30/11/15,Thessaloniki,40.64361,22.93086,351650,shop_4,gazoza,can,330ml,0.37,40136
4278,31/12/15,Thessaloniki,40.64361,22.93086,351650,shop_4,gazoza,can,330ml,0.31,71337
4904,31/07/16,Thessaloniki,40.64361,22.93086,351702,shop_4,gazoza,can,330ml,0.36,78948
4995,31/08/16,Thessaloniki,40.64361,,351702,shop_4,gazoza,can,330ml,0.31,93404
5113,30/09/16,Thessaloniki,40.64361,22.93086,351702,shop_4,gazoza,can,330ml,0.37,50560
5211,31/10/16,Thessaloniki,40.64361,22.93086,351702,shop_4,gazoza,can,330ml,0.33,54754
5268,30/11/16,Thessaloniki,40.64361,22.93086,351702,shop_4,gazoza,can,330ml,0.34,49107
5358,31/12/16,Thessaloniki,40.64361,22.93086,351702,shop_4,gazoza,can,330ml,0.37,54456
5982,31/07/17,Thessaloniki,40.64361,22.93086,353001,shop_4,gazoza,can,330ml,0.32,94255
6105,31/08/17,Thessaloniki,40.64361,22.93086,353001,shop_4,gazoza,can,330ml,0.43,50465
6169,30/09/17,Thessaloniki,40.64361,22.93086,353001,shop_4,gazoza,can,330ml,0.3,69082
6285,31/10/17,Thessaloniki,40.64361,22.93086,353001,shop_4,gazoza,can,330ml,0.35,52714
6343,30/11/17,Thessaloniki,40.64361,22.93086,353001,shop_4,gazoza,can,330ml,0.45,26113
6433,31/12/17,Thessaloniki,40.64361,22.93086,353001,shop_4,gazoza,can,330ml,0.37,57093
591,31/07/12,Thessaloniki,40.64361,22.93086,346502,shop_4,lemon-boost,glass,500ml,0.72,52300
673,31/08/12,Thessaloniki,40.64361,22.93086,346502,shop_4,lemon-boost,glass,500ml,1.01,29721
769,30/09/12,Thessaloniki,40.64361,22.93086,346502,shop_4,lemon-boost,glass,500ml,0.91,27920
862,31/10/12,Thessaloniki,40.64361,22.93086,346502,shop_4,lemon-boost,glass,500ml,0.9,19429
978,30/11/12,Thessaloniki,40.64361,22.93086,346502,shop_4,lemon-boost,glass,500ml,1.08,17147
1037,31/12/12,Thessaloniki,40.64361,22.93086,346502,shop_4,lemon-boost,glass,500ml,0.91,25633
1667,31/07/13,Thessaloniki,40.64361,22.93086,347001,shop_4,lemon-boost,glass,500ml,1.02,33604
1788,31/08/13,Thessaloniki,40.64361,22.93086,347001,shop_4,lemon-boost,glass,500ml,1.11,25054
1849,30/09/13,Thessaloniki,40.64361,22.93086,347001,shop_4,lemon-boost,glass,500ml,0.82,32625
1937,31/10/13,Thessaloniki,40.64361,22.93086,347001,shop_4,lemon-boost,glass,500ml,0.93,19220
2058,30/11/13,Thessaloniki,40.64361,22.93086,347001,shop_4,lemon-boost,glass,500ml,1.04,19581
2157,31/12/13,Thessaloniki,40.64361,22.93086,347001,shop_4,lemon-boost,glass,500ml,0.82,30495
2745,31/07/14,Thessaloniki,40.64361,22.93086,349232,shop_4,lemon-boost,glass,500ml,0.84,46574
2834,31/08/14,Thessaloniki,40.64361,22.93086,349232,shop_4,lemon-boost,glass,500ml,1.02,31761
2929,30/09/14,Thessaloniki,40.64361,22.93086,349232,shop_4,lemon-boost,glass,500ml,0.9,30144
3019,31/10/14,Thessaloniki,40.64361,22.93086,349232,shop_4,lemon-boost,glass,500ml,1.05,15892
3110,30/11/14,Thessaloniki,40.64361,22.93086,349232,shop_4,lemon-boost,glass,500ml,1.25,12526
3194,31/12/14,Thessaloniki,40.64361,22.93086,349232,shop_4,lemon-boost,glass,500ml,0.9,27773
3828,31/07/15,Thessaloniki,40.64361,22.93086,351650,shop_4,lemon-boost,glass,500ml,1,37282
3917,31/08/15,Thessaloniki,40.64361,22.93086,351650,shop_4,lemon-boost,glass,500ml,0.74,49162
4035,30/09/15,Thessaloniki,40.64361,22.93086,351650,shop_4,lemon-boost,glass,500ml,1.01,26174
4094,31/10/15,Thessaloniki,40.64361,22.93086,351650,shop_4,lemon-boost,glass,500ml,1.16,13215
4222,30/11/15,Thessaloniki,40.64361,22.93086,351650,shop_4,lemon-boost,glass,500ml,0.97,23969
4311,31/12/15,Thessaloniki,40.64361,22.93086,351650,shop_4,lemon-boost,glass,500ml,0.97,26043
4905,31/07/16,Thessaloniki,40.64361,22.93086,351702,shop_4,lemon-boost,glass,500ml,0.99,39330
4996,31/08/16,Thessaloniki,40.64361,22.93086,351702,shop_4,lemon-boost,glass,500ml,0.84,44735
5120,30/09/16,Thessaloniki,40.64361,22.93086,351702,shop_4,lemon-boost,glass,500ml,0.78,37051
5176,31/10/16,Thessaloniki,40.64361,22.93086,351702,shop_4,lemon-boost,glass,500ml,0.81,24478
5269,30/11/16,Thessaloniki,40.64361,22.93086,351702,shop_4,lemon-boost,glass,500ml,0.9,27387
5384,31/12/16,Thessaloniki,40.64361,22.93086,351702,shop_4,lemon-boost,glass,500ml,1.08,22479
5983,31/07/17,Thessaloniki,40.64361,22.93086,353001,shop_4,lemon-boost,glass,500ml,1.13,32341
6098,31/08/17,Thessaloniki,40.64361,22.93086,353001,shop_4,lemon-boost,glass,500ml,0.97,38390
6199,30/09/17,Thessaloniki,40.64361,22.93086,353001,shop_4,lemon-boost,glass,500ml,1.26,17269
6258,31/10/17,Thessaloniki,40.64361,22.93086,353001,shop_4,lemon-boost,glass,500ml,0.91,21955
6344,30/11/17,Thessaloniki,40.64361,22.93086,353001,shop_4,lemon-boost,glass,500ml,0.75,33570
6434,31/12/17,Thessaloniki,40.64361,22.93086,353001,shop_4,lemon-boost,glass,500ml,0.99,26664
592,31/07/12,Thessaloniki,40.64361,22.93086,346502,shop_4,lemon-boost,plastic,1.5lt,2.34,24322
674,31/08/12,Thessaloniki,40.64361,22.93086,346502,shop_4,lemon-boost,plastic,1.5lt,2.15,25579
770,30/09/12,Thessaloniki,40.64361,22.93086,346502,shop_4,lemon-boost,plastic,1.5lt,2.24,18083
863,31/10/12,Thessaloniki,40.64361,22.93086,346502,shop_4,lemon-boost,plastic,1.5lt,1.39,24516
950,30/11/12,Thessaloniki,40.64361,22.93086,346502,shop_4,lemon-boost,plastic,1.5lt,2.76,7975
1038,31/12/12,Thessaloniki,40.64361,22.93086,346502,shop_4,lemon-boost,plastic,1.5lt,2.36,17784
1668,31/07/13,Thessaloniki,40.64361,22.93086,347001,shop_4,lemon-boost,plastic,1.5lt,1.5,39783
1756,31/08/13,Thessaloniki,40.64361,22.93086,347001,shop_4,lemon-boost,plastic,1.5lt,1.77,32374
1850,30/09/13,Thessaloniki,40.64361,22.93086,347001,shop_4,lemon-boost,plastic,1.5lt,1.96,21992
1938,31/10/13,Thessaloniki,40.64361,22.93086,347001,shop_4,lemon-boost,plastic,1.5lt,2.32,15181
2027,30/11/13,Thessaloniki,40.64361,22.93086,347001,shop_4,lemon-boost,plastic,1.5lt,1.77,16743
2119,31/12/13,Thessaloniki,40.64361,22.93086,347001,shop_4,lemon-boost,plastic,1.5lt,1.59,28488
2746,31/07/14,Thessaloniki,40.64361,22.93086,349232,shop_4,lemon-boost,plastic,1.5lt,1.64,38050
2835,31/08/14,Thessaloniki,40.64361,22.93086,349232,shop_4,lemon-boost,plastic,1.5lt,2.33,24257
2930,30/09/14,Thessaloniki,40.64361,22.93086,349232,shop_4,lemon-boost,plastic,1.5lt,1.77,24865
3020,31/10/14,Thessaloniki,40.64361,22.93086,349232,shop_4,lemon-boost,plastic,1.5lt,1.98,19130
3111,30/11/14,Thessaloniki,40.64361,22.93086,349232,shop_4,lemon-boost,plastic,1.5lt,1.97,15419
3224,31/12/14,Thessaloniki,40.64361,22.93086,349232,shop_4,lemon-boost,plastic,1.5lt,1.42,31205
3829,31/07/15,Thessaloniki,40.64361,22.93086,351650,shop_4,lemon-boost,plastic,1.5lt,1.88,34663
3918,31/08/15,Thessaloniki,40.64361,22.93086,351650,shop_4,lemon-boost,plastic,1.5lt,2.33,25024
4009,30/09/15,Thessaloniki,40.64361,22.93086,351650,shop_4,lemon-boost,plastic,1.5lt,1.53,27996
4095,31/10/15,Thessaloniki,40.64361,22.93086,351650,shop_4,lemon-boost,plastic,1.5lt,1.95,19919
4221,30/11/15,Thessaloniki,40.64361,22.93086,351650,shop_4,lemon-boost,plastic,1.5lt,2.29,13202
4279,31/12/15,Thessaloniki,40.64361,22.93086,351650,shop_4,lemon-boost,plastic,1.5lt,1.78,27053
4906,31/07/16,Thessaloniki,40.64361,22.93086,351702,shop_4,lemon-boost,plastic,1.5lt,1.74,37547
5039,31/08/16,Thessaloniki,40.64361,22.93086,351702,shop_4,lemon-boost,plastic,1.5lt,1.94,31658
5083,30/09/16,Thessaloniki,40.64361,22.93086,351702,shop_4,lemon-boost,plastic,1.5lt,2.41,18371
5214,31/10/16,Thessaloniki,40.64361,22.93086,351702,shop_4,lemon-boost,plastic,1.5lt,1.69,22814
5303,30/11/16,Thessaloniki,40.64361,22.93086,351702,shop_4,lemon-boost,plastic,1.5lt,1.79,17485
5359,31/12/16,Thessaloniki,40.64361,22.93086,351702,shop_4,lemon-boost,plastic,1.5lt,1.77,27639
6020,31/07/17,Thessaloniki,40.64361,22.93086,353001,shop_4,lemon-boost,plastic,1.5lt,2.2,30698
6103,31/08/17,Thessaloniki,40.64361,22.93086,353001,shop_4,lemon-boost,plastic,1.5lt,2.24,27754
6170,30/09/17,Thessaloniki,40.64361,22.93086,353001,shop_4,lemon-boost,plastic,1.5lt,2.41,18976
6259,31/10/17,Thessaloniki,40.64361,22.93086,353001,shop_4,lemon-boost,plastic,1.5lt,1.75,22572
6345,30/11/17,Thessaloniki,40.64361,22.93086,353001,shop_4,lemon-boost,plastic,1.5lt,2.4,13140
6435,31/12/17,Thessaloniki,40.64361,22.93086,353001,shop_4,lemon-boost,plastic,1.5lt,2.59,18313
593,31/07/12,Thessaloniki,40.64361,22.93086,346502,shop_4,lemon-boost,can,330ml,0.49,51993
719,31/08/12,Thessaloniki,40.64361,22.93086,346502,shop_4,lemon-boost,can,330ml,0.45,39196
771,30/09/12,Thessaloniki,40.64361,22.93086,346502,shop_4,lemon-boost,can,330ml,0.54,26561
864,31/10/12,Thessaloniki,40.64361,22.93086,346502,shop_4,lemon-boost,can,330ml,0.64,20510
951,30/11/12,Thessaloniki,40.64361,22.93086,346502,shop_4,lemon-boost,can,330ml,0.59,20137
1039,31/12/12,Thessaloniki,40.64361,22.93086,346502,shop_4,lemon-boost,can,330ml,0.58,30137
1669,31/07/13,Thessaloniki,40.64361,22.93086,347001,shop_4,lemon-boost,can,330ml,0.41,62828
1789,31/08/13,Thessaloniki,40.64361,22.93086,347001,shop_4,lemon-boost,can,330ml,0.54,33058
1851,30/09/13,Thessaloniki,40.64361,22.93086,347001,shop_4,lemon-boost,can,330ml,0.5,30440
1939,31/10/13,Thessaloniki,40.64361,22.93086,347001,shop_4,lemon-boost,can,330ml,0.77,12409
2028,30/11/13,Thessaloniki,40.64361,22.93086,347001,shop_4,lemon-boost,can,330ml,0.32,37586
2120,31/12/13,Thessaloniki,40.64361,22.93086,347001,shop_4,lemon-boost,can,330ml,0.27,57908
2747,31/07/14,Thessaloniki,40.64361,22.93086,349232,shop_4,lemon-boost,can,330ml,0.63,38144
2836,31/08/14,Thessaloniki,40.64361,22.93086,349232,shop_4,lemon-boost,can,330ml,0.5,37393
2931,30/09/14,Thessaloniki,40.64361,22.93086,349232,shop_4,lemon-boost,can,330ml,0.49,31961
3021,31/10/14,Thessaloniki,40.64361,22.93086,349232,shop_4,lemon-boost,can,330ml,0.5,33044
3112,30/11/14,Thessaloniki,40.64361,22.93086,349232,shop_4,lemon-boost,can,330ml,0.39,34005
3229,31/12/14,Thessaloniki,40.64361,22.93086,349232,shop_4,lemon-boost,can,330ml,0.74,18362
3868,31/07/15,Thessaloniki,40.64361,22.93086,351650,shop_4,lemon-boost,can,330ml,0.54,49928
3919,31/08/15,Thessaloniki,40.64361,22.93086,351650,shop_4,lemon-boost,can,330ml,0.64,26577
4010,30/09/15,Thessaloniki,40.64361,22.93086,351650,shop_4,lemon-boost,can,330ml,0.7,18639
4096,31/10/15,Thessaloniki,40.64361,22.93086,351650,shop_4,lemon-boost,can,330ml,0.59,27324
4186,30/11/15,Thessaloniki,40.64361,22.93086,351650,shop_4,lemon-boost,can,330ml,0.49,28563
4280,31/12/15,Thessaloniki,40.64361,22.93086,351650,shop_4,lemon-boost,can,330ml,0.71,21857
4907,31/07/16,Thessaloniki,40.64361,22.93086,351702,shop_4,lemon-boost,can,330ml,0.59,44822
4997,31/08/16,Thessaloniki,40.64361,22.93086,351702,shop_4,lemon-boost,can,330ml,0.52,37026
5084,30/09/16,Thessaloniki,40.64361,22.93086,351702,shop_4,lemon-boost,can,330ml,0.57,28055
5177,31/10/16,Thessaloniki,40.64361,22.93086,351702,shop_4,lemon-boost,can,330ml,0.52,33313
5270,30/11/16,Thessaloniki,40.64361,22.93086,351702,shop_4,lemon-boost,can,330ml,0.68,18263
5360,31/12/16,Thessaloniki,40.64361,22.93086,351702,shop_4,lemon-boost,can,330ml,0.44,45236
5984,31/07/17,Thessaloniki,40.64361,22.93086,353001,shop_4,lemon-boost,can,330ml,0.51,55462
6100,31/08/17,Thessaloniki,40.64361,22.93086,353001,shop_4,lemon-boost,can,330ml,0.58,33111
6171,30/09/17,Thessaloniki,40.64361,22.93086,353001,shop_4,lemon-boost,can,330ml,0.46,36002
6295,31/10/17,Thessaloniki,40.64361,22.93086,353001,shop_4,lemon-boost,can,330ml,0.56,31234
6346,30/11/17,Thessaloniki,40.64361,22.93086,353001,shop_4,lemon-boost,can,330ml,0.68,18741
6436,31/12/17,Thessaloniki,40.64361,22.93086,353001,shop_4,lemon-boost,can,330ml,0.65,29720
594,31/07/12,Athens,37.96245,23.68708,672130,shop_3,kinder-cola,plastic,1.5lt,3.4,9206
676,31/08/12,Athens,37.96245,23.68708,672130,shop_3,kinder-cola,plastic,1.5lt,2.73,11373
806,30/09/12,Athens,37.96245,23.68708,672130,shop_3,kinder-cola,plastic,1.5lt,3.53,5762
866,31/10/12,Athens,37.96245,23.68708,672130,shop_3,kinder-cola,plastic,1.5lt,3.92,4722
953,30/11/12,Athens,37.96245,23.68708,672130,shop_3,kinder-cola,plastic,1.5lt,2.6,7695
1041,31/12/12,Athens,37.96245,23.68708,672130,shop_3,kinder-cola,plastic,1.5lt,2.39,8705
1707,31/07/13,Athens,37.96245,23.68708,671022,shop_3,kinder-cola,plastic,1.5lt,1.93,15829
1757,31/08/13,Athens,37.96245,23.68708,671022,shop_3,kinder-cola,plastic,1.5lt,2.97,10622
1853,30/09/13,Athens,37.96245,23.68708,671022,shop_3,kinder-cola,plastic,1.5lt,2.08,10115
1940,31/10/13,Athens,37.96245,23.68708,671022,shop_3,kinder-cola,plastic,1.5lt,3.75,5470
2029,30/11/13,Athens,37.96245,23.68708,671022,shop_3,kinder-cola,plastic,1.5lt,3.74,4885
2121,31/12/13,Athens,37.96245,23.68708,671022,shop_3,kinder-cola,plastic,1.5lt,3.06,7005
2749,31/07/14,Athens,37.96245,23.68708,668203,shop_3,kinder-cola,plastic,1.5lt,3.38,9939
2838,31/08/14,Athens,37.96245,23.68708,668203,shop_3,kinder-cola,plastic,1.5lt,3.03,10641
2933,30/09/14,Athens,37.96245,23.68708,668203,shop_3,kinder-cola,plastic,1.5lt,1.97,10542
3023,31/10/14,Athens,37.96245,23.68708,668203,shop_3,kinder-cola,plastic,1.5lt,3.14,7444
3114,30/11/14,Athens,37.96245,23.68708,668203,shop_3,kinder-cola,plastic,1.5lt,2.73,7659
3196,31/12/14,Athens,37.96245,23.68708,668203,shop_3,kinder-cola,plastic,1.5lt,2.26,9322
3864,31/07/15,Athens,37.96245,23.68708,667237,shop_3,kinder-cola,plastic,1.5lt,1.9,16330
3920,31/08/15,Athens,37.96245,23.68708,667237,shop_3,kinder-cola,plastic,1.5lt,1.4,17167
4036,30/09/15,Athens,37.96245,23.68708,667237,shop_3,kinder-cola,plastic,1.5lt,3.8,5652
4098,31/10/15,Athens,37.96245,23.68708,667237,shop_3,kinder-cola,plastic,1.5lt,2.34,9888
4188,30/11/15,Athens,37.96245,23.68708,667237,shop_3,kinder-cola,plastic,1.5lt,3.6,5645
4281,31/12/15,Athens,37.96245,23.68708,667237,shop_3,kinder-cola,plastic,1.5lt,3.58,6005
4909,31/07/16,Athens,37.96245,23.68708,665102,shop_3,kinder-cola,plastic,1.5lt,3.44,10290
4998,31/08/16,Athens,37.96245,23.68708,665102,shop_3,kinder-cola,plastic,1.5lt,3.84,8111
5086,30/09/16,Athens,37.96245,23.68708,665102,shop_3,kinder-cola,plastic,1.5lt,3.33,7129
5179,31/10/16,Athens,37.96245,23.68708,665102,shop_3,kinder-cola,plastic,1.5lt,3.4,7114
5272,30/11/16,Athens,37.96245,23.68708,665102,shop_3,kinder-cola,plastic,1.5lt,1.6,10704
5362,31/12/16,Athens,37.96245,23.68708,665102,shop_3,kinder-cola,plastic,1.5lt,3.7,5877
5986,31/07/17,Athens,37.96245,23.68708,665871,shop_3,kinder-cola,plastic,1.5lt,2.14,15692
6099,31/08/17,Athens,37.96245,23.68708,665871,shop_3,kinder-cola,plastic,1.5lt,2.9,11850
6173,30/09/17,Athens,37.96245,23.68708,665871,shop_3,kinder-cola,plastic,1.5lt,3.22,7596
6261,31/10/17,Athens,37.96245,23.68708,665871,shop_3,kinder-cola,plastic,1.5lt,2.32,10197
6348,30/11/17,Athens,37.96245,23.68708,665871,shop_3,kinder-cola,plastic,1.5lt,2.11,9576
6438,31/12/17,Athens,37.96245,23.68708,665871,shop_3,kinder-cola,plastic,1.5lt,4.03,5259
