ML/data/halfyear.csv
id,date,city,lat,long,pop,shop,brand,container,capacity,price,quantity
595,31/07/12,Athens,37.96245,23.68708,672130,shop_3,adult-cola,glass,500ml,1.26,19378
678,31/08/12,Athens,37.96245,23.68708,672130,shop_3,adult-cola,glass,500ml,1.14,19120
774,30/09/12,Athens,37.96245,23.68708,672130,shop_3,adult-cola,glass,500ml,1.18,14567
868,31/10/12,Athens,37.96245,23.68708,672130,shop_3,adult-cola,glass,500ml,1.14,14741
955,30/11/12,Athens,37.96245,23.68708,672130,shop_3,adult-cola,glass,500ml,1.27,11517
1042,31/12/12,Athens,37.96245,23.68708,672130,shop_3,adult-cola,glass,500ml,1.37,7761
1672,31/07/13,Athens,37.96245,23.68708,671022,shop_3,adult-cola,glass,500ml,1.03,28742
1759,31/08/13,Athens,37.96245,23.68708,671022,shop_3,adult-cola,glass,500ml,0.76,30460
1855,30/09/13,Athens,37.96245,23.68708,671022,shop_3,adult-cola,glass,500ml,0.82,23327
1942,31/10/13,Athens,,,671022,shop_3,adult-cola,glass,500ml,1.07,16882
2031,30/11/13,Athens,37.96245,23.68708,671022,shop_3,adult-cola,glass,500ml,0.83,21205
2123,31/12/13,Athens,37.96245,23.68708,671022,shop_3,adult-cola,glass,500ml,1.1,12890
2751,31/07/14,Athens,37.96245,23.68708,668203,shop_3,adult-cola,glass,500ml,1.36,17934
2840,31/08/14,Athens,37.96245,23.68708,668203,shop_3,adult-cola,glass,500ml,0.96,25382
2934,30/09/14,Athens,37.96245,23.68708,668203,shop_3,adult-cola,glass,500ml,1.45,9589
3025,31/10/14,Athens,37.96245,23.68708,668203,shop_3,adult-cola,glass,500ml,0.67,25946
3116,30/11/14,Athens,37.96245,23.68708,668203,shop_3,adult-cola,glass,500ml,1.26,12781
3198,31/12/14,Athens,37.96245,23.68708,668203,shop_3,adult-cola,glass,500ml,1.37,8815
3831,31/07/15,Athens,37.96245,23.68708,667237,shop_3,adult-cola,glass,500ml,1.22,23822
3922,31/08/15,Athens,37.96245,23.68708,667237,shop_3,adult-cola,glass,500ml,1.26,17877
4013,30/09/15,Athens,37.96245,23.68708,667237,shop_3,adult-cola,glass,500ml,1.26,14440
4099,31/10/15,Athens,37.96245,23.68708,667237,shop_3,adult-cola,glass,500ml,1.44,10155
4223,30/11/15,Athens,37.96245,23.68708,667237,shop_3,adult-cola,glass,500ml,1.13,15985
4283,31/12/15,Athens,37.96245,23.68708,667237,shop_3,adult-cola,glass,500ml,1.41,8630
4910,31/07/16,Athens,37.96245,23.68708,665102,shop_3,adult-cola,glass,500ml,1.18,26024
5000,31/08/16,Athens,37.96245,23.68708,665102,shop_3,adult-cola,glass,500ml,1.16,21187
5088,30/09/16,Athens,37.96245,23.68708,665102,shop_3,adult-cola,glass,500ml,0.87,23515
5213,31/10/16,Athens,37.96245,23.68708,665102,shop_3,adult-cola,glass,500ml,0.75,24773
5274,30/11/16,Athens,37.96245,23.68708,665102,shop_3,adult-cola,glass,500ml,1.26,13888
5397,31/12/16,Athens,37.96245,23.68708,665102,shop_3,adult-cola,glass,500ml,0.65,21511
5988,31/07/17,Athens,37.96245,23.68708,665871,shop_3,adult-cola,glass,500ml,0.94,34350
6075,31/08/17,Athens,37.96245,23.68708,665871,shop_3,adult-cola,glass,500ml,1.32,17696
6175,30/09/17,Athens,37.96245,23.68708,665871,shop_3,adult-cola,glass,500ml,1.04,20205
6263,31/10/17,Athens,37.96245,23.68708,665871,shop_3,adult-cola,glass,500ml,1.55,9137
6350,30/11/17,Athens,37.96245,23.68708,665871,shop_3,adult-cola,glass,500ml,0.81,23071
6440,31/12/17,Athens,37.96245,23.68708,665871,shop_3,adult-cola,glass,500ml,0.72,20517
596,31/07/12,Athens,37.96245,23.68708,672130,shop_3,adult-cola,plastic,1.5lt,1.56,21879
679,31/08/12,Athens,37.96245,23.68708,672130,shop_3,adult-cola,plastic,1.5lt,2.39,17333
775,30/09/12,Athens,37.96245,23.68708,672130,shop_3,adult-cola,plastic,1.5lt,3.34,7419
869,31/10/12,Athens,37.96245,23.68708,672130,shop_3,adult-cola,plastic,1.5lt,2.36,13824
956,30/11/12,Athens,37.96245,23.68708,672130,shop_3,adult-cola,plastic,1.5lt,2.7,10730
1078,31/12/12,Athens,37.96245,23.68708,672130,shop_3,adult-cola,plastic,1.5lt,2.63,10283
1702,31/07/13,Athens,37.96245,23.68708,671022,shop_3,adult-cola,plastic,1.5lt,0.75,27818
1799,31/08/13,Athens,37.96245,23.68708,671022,shop_3,adult-cola,plastic,1.5lt,1.81,22198
1856,30/09/13,Athens,37.96245,23.68708,671022,shop_3,adult-cola,plastic,1.5lt,2.11,14915
1943,31/10/13,Athens,37.96245,23.68708,671022,shop_3,adult-cola,plastic,1.5lt,2.88,11028
2032,30/11/13,Athens,37.96245,23.68708,671022,shop_3,adult-cola,plastic,1.5lt,1.34,18518
2124,31/12/13,Athens,37.96245,23.68708,671022,shop_3,adult-cola,plastic,1.5lt,2.17,12924
2752,31/07/14,Athens,37.96245,23.68708,668203,shop_3,adult-cola,plastic,1.5lt,3.22,10931
2878,31/08/14,Athens,37.96245,23.68708,668203,shop_3,adult-cola,plastic,1.5lt,3.25,11693
2961,30/09/14,Athens,37.96245,23.68708,668203,shop_3,adult-cola,plastic,1.5lt,2.4,13524
3026,31/10/14,Athens,37.96245,23.68708,668203,shop_3,adult-cola,plastic,1.5lt,2.6,13045
3117,30/11/14,Athens,37.96245,23.68708,668203,shop_3,adult-cola,plastic,1.5lt,3.16,8904
3221,31/12/14,Athens,37.96245,23.68708,668203,shop_3,adult-cola,plastic,1.5lt,2.72,10395
3863,31/07/15,Athens,37.96245,23.68708,667237,shop_3,adult-cola,plastic,1.5lt,2.05,19303
3923,31/08/15,Athens,37.96245,23.68708,667237,shop_3,adult-cola,plastic,1.5lt,2.5,17717
4014,30/09/15,Athens,37.96245,23.68708,667237,shop_3,adult-cola,plastic,1.5lt,1.98,16153
4100,31/10/15,Athens,37.96245,23.68708,667237,shop_3,adult-cola,plastic,1.5lt,2.08,16417
4228,30/11/15,Athens,37.96245,23.68708,667237,shop_3,adult-cola,plastic,1.5lt,2.18,14421
4284,31/12/15,Athens,37.96245,23.68708,667237,shop_3,adult-cola,plastic,1.5lt,2.84,10091
4911,31/07/16,Athens,37.96245,23.68708,665102,shop_3,adult-cola,plastic,1.5lt,4.31,4623
5001,31/08/16,Athens,37.96245,23.68708,665102,shop_3,adult-cola,plastic,1.5lt,3.27,12520
5121,30/09/16,Athens,37.96245,23.68708,665102,shop_3,adult-cola,plastic,1.5lt,1.35,19752
5181,31/10/16,Athens,37.96245,23.68708,665102,shop_3,adult-cola,plastic,1.5lt,2.22,15869
5275,30/11/16,Athens,37.96245,23.68708,665102,shop_3,adult-cola,plastic,1.5lt,3.59,7389
5399,31/12/16,Athens,37.96245,23.68708,665102,shop_3,adult-cola,plastic,1.5lt,2.66,11243
5989,31/07/17,Athens,37.96245,23.68708,665871,shop_3,adult-cola,plastic,1.5lt,3.46,10742
6076,31/08/17,Athens,37.96245,23.68708,665871,shop_3,adult-cola,plastic,1.5lt,2.85,15969
6176,30/09/17,Athens,37.96245,23.68708,665871,shop_3,adult-cola,plastic,1.5lt,3.16,10325
6264,31/10/17,Athens,37.96245,23.68708,665871,shop_3,adult-cola,plastic,1.5lt,2.85,12605
6351,30/11/17,Athens,37.96245,23.68708,665871,shop_3,adult-cola,plastic,1.5lt,2.82,11641
6441,31/12/17,Athens,37.96245,23.68708,665871,shop_3,adult-cola,plastic,1.5lt,3.24,8773
597,31/07/12,Athens,37.96245,23.68708,672130,shop_3,orange-power,glass,500ml,0.75,49825
680,31/08/12,Athens,37.96245,23.68708,672130,shop_3,orange-power,glass,500ml,0.94,19802
777,30/09/12,Athens,37.96245,23.68708,672130,shop_3,orange-power,glass,500ml,0.87,22821
871,31/10/12,Athens,37.96245,23.68708,672130,shop_3,orange-power,glass,500ml,0.51,35930
958,30/11/12,Athens,37.96245,23.68708,672130,shop_3,orange-power,glass,500ml,0.85,17855
1074,31/12/12,Athens,37.96245,23.68708,672130,shop_3,orange-power,glass,500ml,0.83,24244
1674,31/07/13,Athens,37.96245,23.68708,671022,shop_3,orange-power,glass,500ml,0.86,41743
1761,31/08/13,Athens,37.96245,23.68708,671022,shop_3,orange-power,glass,500ml,0.58,39743
1857,30/09/13,Athens,37.96245,23.68708,671022,shop_3,orange-power,glass,500ml,0.64,35461
1945,31/10/13,Athens,37.96245,23.68708,671022,shop_3,orange-power,glass,500ml,0.8,23534
2034,30/11/13,Athens,37.96245,23.68708,671022,shop_3,orange-power,glass,500ml,0.8,20722
2126,31/12/13,Athens,37.96245,23.68708,671022,shop_3,orange-power,glass,500ml,0.87,23168
2753,31/07/14,Athens,37.96245,23.68708,668203,shop_3,orange-power,glass,500ml,0.85,43936
2842,31/08/14,Athens,37.96245,23.68708,668203,shop_3,orange-power,glass,500ml,0.69,34729
2936,30/09/14,Athens,37.96245,23.68708,668203,shop_3,orange-power,glass,500ml,0.93,21808
3028,31/10/14,Athens,37.96245,23.68708,668203,shop_3,orange-power,glass,500ml,0.93,18691
3119,30/11/14,Athens,37.96245,23.68708,668203,shop_3,orange-power,glass,500ml,0.97,14818
3218,31/12/14,Athens,37.96245,23.68708,668203,shop_3,orange-power,glass,500ml,1.11,12437
3858,31/07/15,Athens,37.96245,23.68708,667237,shop_3,orange-power,glass,500ml,0.78,51333
3925,31/08/15,Athens,37.96245,23.68708,667237,shop_3,orange-power,glass,500ml,0.8,29682
4015,30/09/15,Athens,37.96245,23.68708,667237,shop_3,orange-power,glass,500ml,0.88,25254
4102,31/10/15,Athens,37.96245,23.68708,667237,shop_3,orange-power,glass,500ml,0.86,22696
4191,30/11/15,Athens,37.96245,23.68708,667237,shop_3,orange-power,glass,500ml,0.9,18229
4286,31/12/15,Athens,37.96245,23.68708,667237,shop_3,orange-power,glass,500ml,0.86,25790
4943,31/07/16,Athens,37.96245,23.68708,665102,shop_3,orange-power,glass,500ml,1.08,27826
5003,31/08/16,Athens,37.96245,23.68708,665102,shop_3,orange-power,glass,500ml,1.15,13428
5090,30/09/16,Athens,37.96245,23.68708,665102,shop_3,orange-power,glass,500ml,0.52,43405
5182,31/10/16,Athens,37.96245,23.68708,665102,shop_3,orange-power,glass,500ml,1,17521
5277,30/11/16,Athens,37.96245,23.68708,665102,shop_3,orange-power,glass,500ml,0.41,36725
5365,31/12/16,Athens,37.96245,23.68708,665102,shop_3,orange-power,glass,500ml,0.8,29345
6014,31/07/17,Athens,37.96245,23.68708,665871,shop_3,orange-power,glass,500ml,0.66,64035
6078,31/08/17,Athens,37.96245,23.68708,665871,shop_3,orange-power,glass,500ml,1.12,15887
6197,30/09/17,Athens,37.96245,23.68708,665871,shop_3,orange-power,glass,500ml,1.05,18752
6266,31/10/17,Athens,37.96245,23.68708,665871,shop_3,orange-power,glass,500ml,0.85,24631
6374,30/11/17,Athens,37.96245,23.68708,665871,shop_3,orange-power,glass,500ml,1.16,10276
6442,31/12/17,Athens,37.96245,23.68708,665871,shop_3,orange-power,glass,500ml,0.76,31877
598,31/07/12,Athens,37.96245,23.68708,672130,shop_3,orange-power,can,330ml,0.56,36715
682,31/08/12,Athens,37.96245,23.68708,672130,shop_3,orange-power,can,330ml,0.52,26424
779,30/09/12,Athens,37.96245,23.68708,672130,shop_3,orange-power,can,330ml,0.39,45196
896,31/10/12,Athens,37.96245,23.68708,672130,shop_3,orange-power,can,330ml,0.54,16436
960,30/11/12,Athens,37.96245,23.68708,672130,shop_3,orange-power,can,330ml,0.38,30196
1045,31/12/12,Athens,37.96245,23.68708,672130,shop_3,orange-power,can,330ml,0.25,46779
1676,31/07/13,Athens,37.96245,23.68708,671022,shop_3,orange-power,can,330ml,0.38,69086
1763,31/08/13,Athens,37.96245,23.68708,671022,shop_3,orange-power,can,330ml,0.57,22891
1883,30/09/13,Athens,37.96245,23.68708,671022,shop_3,orange-power,can,330ml,0.58,25173
1947,31/10/13,Athens,37.96245,23.68708,671022,shop_3,orange-power,can,330ml,0.63,11549
2036,30/11/13,Athens,37.96245,23.68708,671022,shop_3,orange-power,can,330ml,0.5,21696
2154,31/12/13,Athens,37.96245,23.68708,671022,shop_3,orange-power,can,330ml,0.43,31701
2755,31/07/14,Athens,37.96245,23.68708,668203,shop_3,orange-power,can,330ml,0.49,53229
2843,31/08/14,Athens,37.96245,23.68708,668203,shop_3,orange-power,can,330ml,0.26,53408
2937,30/09/14,Athens,37.96245,23.68708,668203,shop_3,orange-power,can,330ml,0.37,50147
3030,31/10/14,Athens,37.96245,23.68708,668203,shop_3,orange-power,can,330ml,0.42,25632
3121,30/11/14,Athens,37.96245,23.68708,668203,shop_3,orange-power,can,330ml,0.51,22151
3231,31/12/14,Athens,37.96245,23.68708,668203,shop_3,orange-power,can,330ml,0.62,16791
3834,31/07/15,Athens,37.96245,23.68708,667237,shop_3,orange-power,can,330ml,0.54,46736
3927,31/08/15,Athens,37.96245,23.68708,667237,shop_3,orange-power,can,330ml,0.53,28344
4046,30/09/15,Athens,37.96245,23.68708,667237,shop_3,orange-power,can,330ml,0.41,46907
4104,31/10/15,Athens,37.96245,23.68708,667237,shop_3,orange-power,can,330ml,0.28,35579
4193,30/11/15,Athens,37.96245,23.68708,667237,shop_3,orange-power,can,330ml,0.47,25865
4288,31/12/15,Athens,37.96245,23.68708,667237,shop_3,orange-power,can,330ml,0.48,29325
4914,31/07/16,Athens,37.96245,23.68708,665102,shop_3,orange-power,can,330ml,0.24,94777
5005,31/08/16,Athens,37.96245,23.68708,665102,shop_3,orange-power,can,330ml,0.6,22982
5092,30/09/16,Athens,37.96245,23.68708,665102,shop_3,orange-power,can,330ml,0.72,13951
5184,31/10/16,Athens,37.96245,23.68708,665102,shop_3,orange-power,can,330ml,0.56,18446
5279,30/11/16,Athens,37.96245,23.68708,665102,shop_3,orange-power,can,330ml,0.31,37534
5394,31/12/16,Athens,37.96245,23.68708,665102,shop_3,orange-power,can,330ml,0.45,32680
5991,31/07/17,Athens,37.96245,23.68708,665871,shop_3,orange-power,can,330ml,0.65,32606
6079,31/08/17,Athens,37.96245,23.68708,665871,shop_3,orange-power,can,330ml,0.47,35671
6178,30/09/17,Athens,37.96245,23.68708,665871,shop_3,orange-power,can,330ml,0.41,48353
6268,31/10/17,Athens,37.96245,23.68708,665871,shop_3,orange-power,can,330ml,0.52,21433
6354,30/11/17,Athens,37.96245,23.68708,665871,shop_3,orange-power,can,330ml,0.62,16547
6469,31/12/17,Athens,37.96245,23.68708,665871,shop_3,orange-power,can,330ml,0.57,23724
599,31/07/12,Athens,37.96245,23.68708,672130,shop_3,gazoza,glass,500ml,0.5,65396
683,31/08/12,Athens,37.96245,23.68708,672130,shop_3,gazoza,glass,500ml,0.61,34845
780,30/09/12,Athens,37.96245,23.68708,672130,shop_3,gazoza,glass,500ml,0.56,35479
873,31/10/12,Athens,37.96245,23.68708,672130,shop_3,gazoza,glass,500ml,0.51,32603
961,30/11/12,Athens,37.96245,23.68708,672130,shop_3,gazoza,glass,500ml,0.58,31705
1046,31/12/12,Athens,37.96245,23.68708,672130,shop_3,gazoza,glass,500ml,0.54,29906
1677,31/07/13,Athens,37.96245,23.68708,671022,shop_3,gazoza,glass,500ml,0.62,48464
1764,31/08/13,Athens,37.96245,23.68708,671022,shop_3,gazoza,glass,500ml,0.66,30606
1874,30/09/13,Athens,37.96245,23.68708,671022,shop_3,gazoza,glass,500ml,0.76,15963
1948,31/10/13,Athens,37.96245,23.68708,671022,shop_3,gazoza,glass,500ml,0.59,26679
2067,30/11/13,Athens,37.96245,23.68708,671022,shop_3,gazoza,glass,500ml,0.51,40092
2128,31/12/13,Athens,37.96245,23.68708,671022,shop_3,gazoza,glass,500ml,0.33,47955
2756,31/07/14,Athens,37.96245,23.68708,668203,shop_3,gazoza,glass,500ml,0.62,50268
2844,31/08/14,Athens,37.96245,23.68708,668203,shop_3,gazoza,glass,500ml,0.64,34184
2938,30/09/14,Athens,37.96245,23.68708,668203,shop_3,gazoza,glass,500ml,0.48,45476
3031,31/10/14,Athens,37.96245,23.68708,668203,shop_3,gazoza,glass,500ml,0.48,36426
3122,30/11/14,Athens,37.96245,23.68708,668203,shop_3,gazoza,glass,500ml,0.69,24399
3201,31/12/14,Athens,37.96245,23.68708,668203,shop_3,gazoza,glass,500ml,0.85,7321
3835,31/07/15,Athens,37.96245,23.68708,667237,shop_3,gazoza,glass,500ml,0.63,50008
3928,31/08/15,Athens,37.96245,23.68708,667237,shop_3,gazoza,glass,500ml,0.56,45322
4043,30/09/15,Athens,37.96245,23.68708,667237,shop_3,gazoza,glass,500ml,0.58,37514
4105,31/10/15,Athens,37.96245,23.68708,667237,shop_3,gazoza,glass,500ml,0.77,14791
4194,30/11/15,Athens,37.96245,23.68708,667237,shop_3,gazoza,glass,500ml,0.81,14539
4289,31/12/15,Athens,37.96245,23.68708,667237,shop_3,gazoza,glass,500ml,0.83,9920
4915,31/07/16,Athens,37.96245,23.68708,665102,shop_3,gazoza,glass,500ml,0.76,32497
5006,31/08/16,Athens,37.96245,23.68708,665102,shop_3,gazoza,glass,500ml,0.68,32827
5093,30/09/16,Athens,37.96245,23.68708,665102,shop_3,gazoza,glass,500ml,0.65,31278
5204,31/10/16,Athens,37.96245,23.68708,665102,shop_3,gazoza,glass,500ml,0.64,26152
5280,30/11/16,Athens,37.96245,23.68708,665102,shop_3,gazoza,glass,500ml,0.65,30075
5392,31/12/16,Athens,37.96245,23.68708,665102,shop_3,gazoza,glass,500ml,0.73,19415
5992,31/07/17,Athens,37.96245,23.68708,665871,shop_3,gazoza,glass,500ml,0.68,47135
6111,31/08/17,Athens,37.96245,23.68708,665871,shop_3,gazoza,glass,500ml,0.56,47438
6179,30/09/17,Athens,37.96245,23.68708,665871,shop_3,gazoza,glass,500ml,0.71,27549
6269,31/10/17,Athens,37.96245,23.68708,665871,shop_3,gazoza,glass,500ml,0.72,20883
6355,30/11/17,Athens,37.96245,23.68708,665871,shop_3,gazoza,glass,500ml,0.65,31487
6443,31/12/17,Athens,37.96245,23.68708,665871,shop_3,gazoza,glass,500ml,0.64,26841
