ML/data/halfyear.csv
id,date,city,lat,long,pop,shop,brand,container,capacity,price,quantity
600,31/07/12,Athens,37.96245,23.68708,672130,shop_3,gazoza,plastic,1.5lt,0.73,41012
684,31/08/12,Athens,37.96245,23.68708,672130,shop_3,gazoza,plastic,1.5lt,0.26,45913
781,30/09/12,Athens,37.96245,23.68708,672130,shop_3,gazoza,plastic,1.5lt,0.35,41312
874,31/10/12,Athens,37.96245,23.68708,672130,shop_3,gazoza,plastic,1.5lt,0.38,36308
962,30/11/12,Athens,37.96245,23.68708,672130,shop_3,gazoza,plastic,1.5lt,0.86,25180
1047,31/12/12,Athens,37.96245,23.68708,672130,shop_3,gazoza,plastic,1.5lt,0.72,26032
1678,31/07/13,Athens,37.96245,23.68708,671022,shop_3,gazoza,plastic,1.5lt,1.23,24356
1765,31/08/13,Athens,37.96245,23.68708,671022,shop_3,gazoza,plastic,1.5lt,1.3,17589
1859,30/09/13,Athens,37.96245,23.68708,671022,shop_3,gazoza,plastic,1.5lt,1.06,22856
1949,31/10/13,Athens,37.96245,23.68708,671022,shop_3,gazoza,plastic,1.5lt,1.07,20382
2037,30/11/13,Athens,37.96245,23.68708,671022,shop_3,gazoza,plastic,1.5lt,1.36,13687
2129,31/12/13,Athens,37.96245,23.68708,671022,shop_3,gazoza,plastic,1.5lt,1.31,13591
2757,31/07/14,Athens,37.96245,23.68708,668203,shop_3,gazoza,plastic,1.5lt,0.78,40341
2845,31/08/14,Athens,37.96245,23.68708,668203,shop_3,gazoza,plastic,1.5lt,1.52,12587
2939,30/09/14,Athens,37.96245,23.68708,668203,shop_3,gazoza,plastic,1.5lt,1.53,11701
3032,31/10/14,Athens,37.96245,23.68708,668203,shop_3,gazoza,plastic,1.5lt,1.05,21418
3123,30/11/14,Athens,37.96245,23.68708,668203,shop_3,gazoza,plastic,1.5lt,0.43,36006
3202,31/12/14,Athens,37.96245,23.68708,668203,shop_3,gazoza,plastic,1.5lt,1.09,18839
3869,31/07/15,Athens,37.96245,23.68708,667237,shop_3,gazoza,plastic,1.5lt,1.2,27106
3952,31/08/15,Athens,37.96245,23.68708,667237,shop_3,gazoza,plastic,1.5lt,0.63,36766
4017,30/09/15,Athens,37.96245,23.68708,667237,shop_3,gazoza,plastic,1.5lt,1.15,21890
4106,31/10/15,Athens,37.96245,23.68708,667237,shop_3,gazoza,plastic,1.5lt,1.17,19170
4195,30/11/15,Athens,37.96245,23.68708,667237,shop_3,gazoza,plastic,1.5lt,1.39,14427
4290,31/12/15,Athens,37.96245,23.68708,667237,shop_3,gazoza,plastic,1.5lt,0.98,21786
4916,31/07/16,Athens,37.96245,23.68708,665102,shop_3,gazoza,plastic,1.5lt,1.15,29685
5007,31/08/16,Athens,37.96245,23.68708,665102,shop_3,gazoza,plastic,1.5lt,1.27,20581
5094,30/09/16,Athens,37.96245,23.68708,665102,shop_3,gazoza,plastic,1.5lt,0.75,32150
5185,31/10/16,Athens,37.96245,23.68708,665102,shop_3,gazoza,plastic,1.5lt,1.04,22514
5281,30/11/16,Athens,37.96245,23.68708,665102,shop_3,gazoza,plastic,1.5lt,1,23597
5396,31/12/16,Athens,37.96245,23.68708,665102,shop_3,gazoza,plastic,1.5lt,0.76,26527
5993,31/07/17,Athens,37.96245,23.68708,665871,shop_3,gazoza,plastic,1.5lt,1.33,24671
6080,31/08/17,Athens,37.96245,23.68708,665871,shop_3,gazoza,plastic,1.5lt,1.58,13485
6180,30/09/17,Athens,37.96245,23.68708,665871,shop_3,gazoza,plastic,1.5lt,1.08,24668
6294,31/10/17,Athens,37.96245,23.68708,665871,shop_3,gazoza,plastic,1.5lt,1.45,14238
6356,30/11/17,Athens,37.96245,23.68708,665871,shop_3,gazoza,plastic,1.5lt,1.4,15525
6444,31/12/17,Athens,37.96245,23.68708,665871,shop_3,gazoza,plastic,1.5lt,0.99,22212
601,31/07/12,Athens,37.96245,23.68708,672130,shop_3,gazoza,can,330ml,0.29,59667
685,31/08/12,Athens,37.96245,23.68708,672130,shop_3,gazoza,can,330ml,0.21,74902
805,30/09/12,Athens,37.96245,23.68708,672130,shop_3,gazoza,can,330ml,0.32,33084
897,31/10/12,Athens,37.96245,23.68708,672130,shop_3,gazoza,can,330ml,0.32,28633
963,30/11/12,Athens,37.96245,23.68708,672130,shop_3,gazoza,can,330ml,0.35,26078
1048,31/12/12,Athens,37.96245,23.68708,672130,shop_3,gazoza,can,330ml,0.32,32935
1679,31/07/13,Athens,37.96245,23.68708,671022,shop_3,gazoza,can,330ml,0.32,55681
1766,31/08/13,Athens,37.96245,23.68708,671022,shop_3,gazoza,can,330ml,0.31,52263
1877,30/09/13,Athens,37.96245,23.68708,671022,shop_3,gazoza,can,330ml,0.26,45324
1950,31/10/13,Athens,37.96245,23.68708,671022,shop_3,gazoza,can,330ml,0.27,37285
2060,30/11/13,Athens,37.96245,23.68708,671022,shop_3,gazoza,can,330ml,0.23,47110
2130,31/12/13,Athens,37.96245,23.68708,671022,shop_3,gazoza,can,330ml,0.43,16504
2758,31/07/14,Athens,37.96245,23.68708,668203,shop_3,gazoza,can,330ml,0.38,40827
2846,31/08/14,Athens,37.96245,23.68708,668203,shop_3,gazoza,can,330ml,0.31,52278
2958,30/09/14,Athens,37.96245,23.68708,668203,shop_3,gazoza,can,330ml,0.35,31123
3033,31/10/14,Athens,37.96245,23.68708,668203,shop_3,gazoza,can,330ml,0.28,37130
3124,30/11/14,Athens,37.96245,23.68708,668203,shop_3,gazoza,can,330ml,0.35,28811
3203,31/12/14,Athens,37.96245,23.68708,668203,shop_3,gazoza,can,330ml,0.31,37552
3836,31/07/15,Athens,37.96245,23.68708,667237,shop_3,gazoza,can,330ml,0.36,48394
3929,31/08/15,Athens,37.96245,23.68708,667237,shop_3,gazoza,can,330ml,0.41,30955
4018,30/09/15,Athens,37.96245,23.68708,667237,shop_3,gazoza,can,330ml,0.47,12293
4134,31/10/15,Athens,37.96245,23.68708,667237,shop_3,gazoza,can,330ml,0.4,21144
4196,30/11/15,Athens,37.96245,23.68708,667237,shop_3,gazoza,can,330ml,0.42,20202
4291,31/12/15,Athens,37.96245,23.68708,667237,shop_3,gazoza,can,330ml,0.31,38041
4937,31/07/16,Athens,37.96245,23.68708,665102,shop_3,gazoza,can,330ml,0.38,45693
5030,31/08/16,Athens,37.96245,23.68708,665102,shop_3,gazoza,can,330ml,0.41,33849
5095,30/09/16,Athens,37.96245,23.68708,665102,shop_3,gazoza,can,330ml,0.3,41418
5186,31/10/16,Athens,37.96245,23.68708,665102,shop_3,gazoza,can,330ml,0.27,40658
5308,30/11/16,Athens,37.96245,23.68708,665102,shop_3,gazoza,can,330ml,0.36,30383
5383,31/12/16,Athens,37.96245,23.68708,665102,shop_3,gazoza,can,330ml,0.33,36827
5994,31/07/17,Athens,37.96245,23.68708,665871,shop_3,gazoza,can,330ml,0.34,55918
6109,31/08/17,Athens,37.96245,23.68708,665871,shop_3,gazoza,can,330ml,0.35,49407
6209,30/09/17,Athens,37.96245,23.68708,665871,shop_3,gazoza,can,330ml,0.41,25574
6270,31/10/17,Athens,37.96245,23.68708,665871,shop_3,gazoza,can,330ml,0.43,19030
6384,30/11/17,Athens,37.96245,23.68708,665871,shop_3,gazoza,can,330ml,0.33,35050
6445,31/12/17,Athens,37.96245,23.68708,665871,shop_3,gazoza,can,330ml,0.23,53236
602,31/07/12,Athens,37.96245,23.68708,672130,shop_3,lemon-boost,glass,500ml,0.91,24917
700,31/08/12,Athens,37.96245,23.68708,672130,shop_3,lemon-boost,glass,500ml,0.97,20214
782,30/09/12,Athens,37.96245,23.68708,672130,shop_3,lemon-boost,glass,500ml,0.9,19198
875,31/10/12,Athens,37.96245,23.68708,672130,shop_3,lemon-boost,glass,500ml,0.67,22028
987,30/11/12,Athens,37.96245,23.68708,672130,shop_3,lemon-boost,glass,500ml,0.91,11721
1049,31/12/12,Athens,37.96245,23.68708,672130,shop_3,lemon-boost,glass,500ml,0.87,17424
1680,31/07/13,Athens,37.96245,23.68708,671022,shop_3,lemon-boost,glass,500ml,1.3,9676
1767,31/08/13,Athens,37.96245,23.68708,671022,shop_3,lemon-boost,glass,500ml,1.03,19053
1860,30/09/13,Athens,37.96245,23.68708,671022,shop_3,lemon-boost,glass,500ml,0.89,19920
1951,31/10/13,Athens,37.96245,23.68708,671022,shop_3,lemon-boost,glass,500ml,1,13894
2038,30/11/13,Athens,37.96245,23.68708,671022,shop_3,lemon-boost,glass,500ml,0.94,11487
2131,31/12/13,Athens,37.96245,23.68708,671022,shop_3,lemon-boost,glass,500ml,0.75,21270
2759,31/07/14,Athens,37.96245,23.68708,668203,shop_3,lemon-boost,glass,500ml,1.05,20966
2847,31/08/14,Athens,37.96245,23.68708,668203,shop_3,lemon-boost,glass,500ml,1.08,17824
2940,30/09/14,Athens,37.96245,23.68708,668203,shop_3,lemon-boost,glass,500ml,0.92,19613
3056,31/10/14,Athens,37.96245,23.68708,668203,shop_3,lemon-boost,glass,500ml,1.18,9846
3144,30/11/14,Athens,37.96245,23.68708,668203,shop_3,lemon-boost,glass,500ml,1.17,7417
3204,31/12/14,Athens,37.96245,23.68708,668203,shop_3,lemon-boost,glass,500ml,1.04,14158
3837,31/07/15,Athens,37.96245,,667237,shop_3,lemon-boost,glass,500ml,0.95,25779
3930,31/08/15,Athens,37.96245,23.68708,667237,shop_3,lemon-boost,glass,500ml,0.94,23695
4019,30/09/15,Athens,37.96245,23.68708,667237,shop_3,lemon-boost,glass,500ml,1.25,10431
4107,31/10/15,Athens,37.96245,23.68708,667237,shop_3,lemon-boost,glass,500ml,1,14813
4217,30/11/15,Athens,37.96245,23.68708,667237,shop_3,lemon-boost,glass,500ml,0.59,18630
4292,31/12/15,Athens,37.96245,23.68708,667237,shop_3,lemon-boost,glass,500ml,1.12,12638
4917,31/07/16,Athens,37.96245,23.68708,665102,shop_3,lemon-boost,glass,500ml,0.88,29440
5008,31/08/16,Athens,37.96245,23.68708,665102,shop_3,lemon-boost,glass,500ml,1.05,20688
5096,30/09/16,Athens,37.96245,23.68708,665102,shop_3,lemon-boost,glass,500ml,0.77,25107
5187,31/10/16,Athens,37.96245,23.68708,665102,shop_3,lemon-boost,glass,500ml,0.91,17617
5282,30/11/16,Athens,37.96245,23.68708,665102,shop_3,lemon-boost,glass,500ml,0.99,11741
5367,31/12/16,Athens,37.96245,23.68708,665102,shop_3,lemon-boost,glass,500ml,1.27,9393
5995,31/07/17,Athens,37.96245,23.68708,665871,shop_3,lemon-boost,glass,500ml,0.7,36944
6081,31/08/17,Athens,37.96245,23.68708,665871,shop_3,lemon-boost,glass,500ml,0.97,24068
6181,30/09/17,Athens,37.96245,23.68708,665871,shop_3,lemon-boost,glass,500ml,0.85,23256
6271,31/10/17,Athens,37.96245,23.68708,665871,shop_3,lemon-boost,glass,500ml,0.85,19511
6357,30/11/17,Athens,37.96245,23.68708,665871,shop_3,lemon-boost,glass,500ml,1.03,11251
6446,31/12/17,Athens,37.96245,23.68708,665871,shop_3,lemon-boost,glass,500ml,0.74,23271
603,31/07/12,Athens,37.96245,23.68708,672130,shop_3,lemon-boost,plastic,1.5lt,2.03,14983
686,31/08/12,Athens,37.96245,23.68708,672130,shop_3,lemon-boost,plastic,1.5lt,1.67,18311
800,30/09/12,Athens,37.96245,23.68708,672130,shop_3,lemon-boost,plastic,1.5lt,2.21,11509
876,31/10/12,Athens,37.96245,23.68708,672130,shop_3,lemon-boost,plastic,1.5lt,2.84,6587
964,30/11/12,Athens,37.96245,23.68708,672130,shop_3,lemon-boost,plastic,1.5lt,2.17,7043
1050,31/12/12,Athens,37.96245,23.68708,672130,shop_3,lemon-boost,plastic,1.5lt,1.67,13500
1681,31/07/13,Athens,37.96245,23.68708,671022,shop_3,lemon-boost,plastic,1.5lt,1.3,21792
1782,31/08/13,Athens,37.96245,23.68708,671022,shop_3,lemon-boost,plastic,1.5lt,1.77,17711
1878,30/09/13,Athens,37.96245,23.68708,671022,shop_3,lemon-boost,plastic,1.5lt,1.96,13823
1952,31/10/13,Athens,37.96245,23.68708,671022,shop_3,lemon-boost,plastic,1.5lt,1.4,17832
2039,30/11/13,Athens,37.96245,23.68708,671022,shop_3,lemon-boost,plastic,1.5lt,3.05,3301
2132,31/12/13,Athens,37.96245,23.68708,671022,shop_3,lemon-boost,plastic,1.5lt,1.96,11899
2760,31/07/14,Athens,37.96245,23.68708,668203,shop_3,lemon-boost,plastic,1.5lt,1.89,16990
2848,31/08/14,Athens,37.96245,23.68708,668203,shop_3,lemon-boost,plastic,1.5lt,3.07,6896
2941,30/09/14,Athens,37.96245,23.68708,668203,shop_3,lemon-boost,plastic,1.5lt,1.96,14124
3034,31/10/14,Athens,37.96245,23.68708,668203,shop_3,lemon-boost,plastic,1.5lt,2.41,10688
3125,30/11/14,Athens,37.96245,23.68708,668203,shop_3,lemon-boost,plastic,1.5lt,1.11,12168
3236,31/12/14,Athens,37.96245,23.68708,668203,shop_3,lemon-boost,plastic,1.5lt,2.2,10648
3838,31/07/15,Athens,37.96245,23.68708,667237,shop_3,lemon-boost,plastic,1.5lt,2.74,10160
3931,31/08/15,Athens,37.96245,23.68708,667237,shop_3,lemon-boost,plastic,1.5lt,1.13,23782
4020,30/09/15,Athens,37.96245,23.68708,667237,shop_3,lemon-boost,plastic,1.5lt,2.39,11306
4108,31/10/15,Athens,37.96245,23.68708,667237,shop_3,lemon-boost,plastic,1.5lt,2.43,10858
4197,30/11/15,Athens,37.96245,23.68708,667237,shop_3,lemon-boost,plastic,1.5lt,2.35,6896
4293,31/12/15,Athens,37.96245,23.68708,667237,shop_3,lemon-boost,plastic,1.5lt,2.29,10380
4918,31/07/16,Athens,37.96245,23.68708,665102,shop_3,lemon-boost,plastic,1.5lt,1.8,18349
5009,31/08/16,Athens,37.96245,23.68708,665102,shop_3,lemon-boost,plastic,1.5lt,2.65,11451
5097,30/09/16,Athens,37.96245,23.68708,665102,shop_3,lemon-boost,plastic,1.5lt,1.88,15260
5188,31/10/16,Athens,37.96245,23.68708,665102,shop_3,lemon-boost,plastic,1.5lt,1.5,17749
5283,30/11/16,Athens,37.96245,23.68708,665102,shop_3,lemon-boost,plastic,1.5lt,1.45,10923
5368,31/12/16,Athens,37.96245,23.68708,665102,shop_3,lemon-boost,plastic,1.5lt,2.42,9881
6013,31/07/17,Athens,37.96245,23.68708,665871,shop_3,lemon-boost,plastic,1.5lt,2.16,15787
6082,31/08/17,Athens,37.96245,23.68708,665871,shop_3,lemon-boost,plastic,1.5lt,2.05,16721
6182,30/09/17,Athens,37.96245,23.68708,665871,shop_3,lemon-boost,plastic,1.5lt,1.56,17788
6272,31/10/17,Athens,37.96245,23.68708,665871,shop_3,lemon-boost,plastic,1.5lt,2.51,11057
6358,30/11/17,Athens,37.96245,23.68708,665871,shop_3,lemon-boost,plastic,1.5lt,2.23,7844
6447,31/12/17,Athens,37.96245,23.68708,665871,shop_3,lemon-boost,plastic,1.5lt,1.94,13016
604,31/07/12,Athens,37.96245,23.68708,672130,shop_3,lemon-boost,can,330ml,0.5,35390
687,31/08/12,Athens,37.96245,23.68708,672130,shop_3,lemon-boost,can,330ml,0.68,13181
783,30/09/12,Athens,37.96245,23.68708,672130,shop_3,lemon-boost,can,330ml,0.58,16294
877,31/10/12,Athens,37.96245,23.68708,672130,shop_3,lemon-boost,can,330ml,0.47,19025
965,30/11/12,Athens,37.96245,23.68708,672130,shop_3,lemon-boost,can,330ml,0.15,34132
1073,31/12/12,Athens,37.96245,23.68708,672130,shop_3,lemon-boost,can,330ml,0.55,14992
1682,31/07/13,Athens,37.96245,23.68708,671022,shop_3,lemon-boost,can,330ml,0.41,44192
1768,31/08/13,Athens,37.96245,23.68708,671022,shop_3,lemon-boost,can,330ml,0.58,19679
1861,30/09/13,Athens,37.96245,23.68708,671022,shop_3,lemon-boost,can,330ml,0.41,24823
1978,31/10/13,Athens,37.96245,23.68708,671022,shop_3,lemon-boost,can,330ml,0.66,11210
2040,30/11/13,Athens,37.96245,23.68708,671022,shop_3,lemon-boost,can,330ml,0.62,13597
2152,31/12/13,Athens,37.96245,23.68708,671022,shop_3,lemon-boost,can,330ml,0.38,22268
2761,31/07/14,Athens,37.96245,23.68708,668203,shop_3,lemon-boost,can,330ml,0.44,41955
2849,31/08/14,Athens,37.96245,23.68708,668203,shop_3,lemon-boost,can,330ml,0.5,24759
2942,30/09/14,Athens,37.96245,23.68708,668203,shop_3,lemon-boost,can,330ml,0.48,21909
3049,31/10/14,Athens,37.96245,23.68708,668203,shop_3,lemon-boost,can,330ml,0.62,13439
3140,30/11/14,Athens,37.96245,23.68708,668203,shop_3,lemon-boost,can,330ml,0.5,19468
3205,31/12/14,Athens,37.96245,23.68708,668203,shop_3,lemon-boost,can,330ml,0.55,15966
3839,31/07/15,Athens,37.96245,23.68708,667237,shop_3,lemon-boost,can,330ml,0.7,21711
3932,31/08/15,Athens,37.96245,23.68708,667237,shop_3,lemon-boost,can,330ml,0.58,20731
4021,30/09/15,Athens,37.96245,23.68708,667237,shop_3,lemon-boost,can,330ml,0.5,21453
4109,31/10/15,Athens,37.96245,23.68708,667237,shop_3,lemon-boost,can,330ml,0.25,29178
4198,30/11/15,Athens,37.96245,23.68708,667237,shop_3,lemon-boost,can,330ml,0.69,11802
4310,31/12/15,Athens,37.96245,23.68708,667237,shop_3,lemon-boost,can,330ml,0.73,9514
4919,31/07/16,Athens,37.96245,23.68708,665102,shop_3,lemon-boost,can,330ml,0.66,26447
5010,31/08/16,Athens,37.96245,23.68708,665102,shop_3,lemon-boost,can,330ml,0.46,27745
5098,30/09/16,Athens,37.96245,23.68708,665102,shop_3,lemon-boost,can,330ml,0.71,12789
5212,31/10/16,Athens,37.96245,23.68708,665102,shop_3,lemon-boost,can,330ml,0.59,15676
5284,30/11/16,Athens,37.96245,23.68708,665102,shop_3,lemon-boost,can,330ml,0.65,14068
5391,31/12/16,Athens,37.96245,23.68708,665102,shop_3,lemon-boost,can,330ml,0.67,12472
5996,31/07/17,Athens,37.96245,23.68708,665871,shop_3,lemon-boost,can,330ml,0.52,38338
6083,31/08/17,Athens,37.96245,23.68708,665871,shop_3,lemon-boost,can,330ml,0.66,18021
6183,30/09/17,Athens,37.96245,23.68708,665871,shop_3,lemon-boost,can,330ml,0.51,22074
6273,31/10/17,Athens,37.96245,23.68708,665871,shop_3,lemon-boost,can,330ml,0.67,13417
6359,30/11/17,Athens,37.96245,23.68708,665871,shop_3,lemon-boost,can,330ml,0.63,15539
6448,31/12/17,Athens,37.96245,23.68708,665871,shop_3,lemon-boost,can,330ml,0.57,16664
