ML/data/halfyear.csv
id,date,city,lat,long,pop,shop,brand,container,capacity,price,quantity
605,31/07/12,Larisa,39.63689,22.41761,137540,shop_5,kinder-cola,glass,500ml,1.22,18264
688,31/08/12,Larisa,39.63689,22.41761,137540,shop_5,kinder-cola,glass,500ml,1.35,12359
784,30/09/12,Larisa,39.63689,22.41761,137540,shop_5,kinder-cola,glass,500ml,1.4,9632
878,31/10/12,Larisa,39.63689,22.41761,137540,shop_5,kinder-cola,glass,500ml,0.69,18681
966,30/11/12,Larisa,39.63689,22.41761,137540,shop_5,kinder-cola,glass,500ml,1.22,11970
1051,31/12/12,Larisa,39.63689,22.41761,137540,shop_5,kinder-cola,,500ml,1.4,7497
1683,31/07/13,Larisa,39.63689,22.41761,139242,shop_5,kinder-cola,glass,500ml,1.34,16413
1769,31/08/13,Larisa,39.63689,22.41761,139242,shop_5,kinder-cola,glass,500ml,1.17,15725
1862,30/09/13,Larisa,39.63689,22.41761,139242,shop_5,kinder-cola,glass,500ml,0.99,15458
1953,31/10/13,Larisa,39.63689,22.41761,139242,shop_5,kinder-cola,glass,500ml,1.51,8211
2041,30/11/13,Larisa,39.63689,22.41761,139242,shop_5,kinder-cola,glass,500ml,1.25,11955
2133,31/12/13,Larisa,39.63689,22.41761,139242,shop_5,kinder-cola,glass,500ml,1.09,11101
2762,31/07/14,Larisa,39.63689,22.41761,140563,shop_5,kinder-cola,glass,500ml,1.39,16046
2850,31/08/14,Larisa,39.63689,22.41761,140563,shop_5,kinder-cola,glass,500ml,1.31,13924
2963,30/09/14,Larisa,39.63689,22.41761,140563,shop_5,kinder-cola,glass,500ml,0.9,16942
3035,31/10/14,Larisa,39.63689,22.41761,140563,shop_5,kinder-cola,glass,500ml,1.06,14307
3126,30/11/14,Larisa,39.63689,22.41761,140563,shop_5,kinder-cola,glass,500ml,1.43,9924
3206,31/12/14,Larisa,39.63689,22.41761,140563,shop_5,kinder-cola,glass,500ml,1.2,10204
3840,31/07/15,Larisa,39.63689,22.41761,141732,shop_5,kinder-cola,glass,500ml,1.12,21801
3933,31/08/15,Larisa,39.63689,22.41761,141732,shop_5,kinder-cola,glass,500ml,1.13,17132
4022,30/09/15,Larisa,39.63689,22.41761,141732,shop_5,kinder-cola,glass,500ml,1.56,8756
4138,31/10/15,Larisa,39.63689,22.41761,141732,shop_5,kinder-cola,glass,500ml,1.47,9551
4213,30/11/15,Larisa,39.63689,22.41761,141732,shop_5,kinder-cola,glass,500ml,1.44,10141
4294,31/12/15,Larisa,,,141732,shop_5,kinder-cola,glass,500ml,1.55,7026
4920,31/07/16,Larisa,39.63689,22.41761,142030,shop_5,kinder-cola,glass,500ml,1.17,21355
5011,31/08/16,Larisa,39.63689,22.41761,142030,shop_5,kinder-cola,glass,500ml,0.99,19513
5099,30/09/16,Larisa,39.63689,22.41761,142030,shop_5,kinder-cola,glass,500ml,1.21,13543
5189,31/10/16,Larisa,39.63689,22.41761,142030,shop_5,kinder-cola,glass,500ml,0.92,16596
5285,30/11/16,Larisa,39.63689,22.41761,142030,shop_5,kinder-cola,glass,500ml,1.39,11191
5389,31/12/16,Larisa,39.63689,22.41761,142030,shop_5,kinder-cola,glass,500ml,1.59,6941
5997,31/07/17,Larisa,39.63689,22.41761,144302,shop_5,kinder-cola,glass,500ml,1.45,16447
6084,31/08/17,Larisa,39.63689,22.41761,144302,shop_5,kinder-cola,glass,500ml,1.22,16399
6184,30/09/17,Larisa,39.63689,22.41761,144302,shop_5,kinder-cola,glass,500ml,1.36,12052
6290,31/10/17,Larisa,39.63689,22.41761,144302,shop_5,kinder-cola,glass,500ml,1.84,5848
6376,30/11/17,Larisa,39.63689,22.41761,144302,shop_5,kinder-cola,glass,500ml,1.4,11432
6449,31/12/17,Larisa,39.63689,22.41761,144302,shop_5,kinder-cola,glass,500ml,1.16,11377
606,31/07/12,Larisa,39.63689,22.41761,137540,shop_5,kinder-cola,plastic,1.5lt,3.68,11017
710,31/08/12,Larisa,39.63689,22.41761,137540,shop_5,kinder-cola,plastic,1.5lt,2.28,15913
785,30/09/12,Larisa,39.63689,22.41761,137540,shop_5,kinder-cola,plastic,1.5lt,3.86,6799
893,31/10/12,Larisa,39.63689,22.41761,137540,shop_5,kinder-cola,plastic,1.5lt,2.48,9395
986,30/11/12,Larisa,39.63689,22.41761,137540,shop_5,kinder-cola,plastic,1.5lt,2.47,10053
1052,31/12/12,Larisa,39.63689,22.41761,137540,shop_5,kinder-cola,plastic,1.5lt,3.13,9485
1684,31/07/13,Larisa,39.63689,22.41761,139242,shop_5,kinder-cola,plastic,1.5lt,2.57,18116
1770,31/08/13,Larisa,39.63689,22.41761,139242,shop_5,kinder-cola,plastic,1.5lt,1.63,19293
1863,30/09/13,Larisa,39.63689,22.41761,139242,shop_5,kinder-cola,plastic,1.5lt,1.99,14717
1954,31/10/13,Larisa,39.63689,22.41761,139242,shop_5,kinder-cola,plastic,1.5lt,2.92,8221
2042,30/11/13,Larisa,39.63689,22.41761,139242,shop_5,kinder-cola,plastic,1.5lt,2.49,10189
2134,31/12/13,Larisa,39.63689,22.41761,139242,shop_5,kinder-cola,plastic,1.5lt,2.11,13760
2763,31/07/14,Larisa,39.63689,22.41761,140563,shop_5,kinder-cola,plastic,1.5lt,1.76,23103
2851,31/08/14,Larisa,39.63689,22.41761,140563,shop_5,kinder-cola,plastic,1.5lt,3.38,11187
2943,30/09/14,Larisa,39.63689,22.41761,140563,shop_5,kinder-cola,plastic,1.5lt,3.73,7975
3036,31/10/14,Larisa,39.63689,22.41761,140563,shop_5,kinder-cola,plastic,1.5lt,3.27,7371
3127,30/11/14,Larisa,39.63689,22.41761,140563,shop_5,kinder-cola,plastic,1.5lt,3.89,5919
3207,31/12/14,Larisa,39.63689,22.41761,140563,shop_5,kinder-cola,plastic,1.5lt,3.75,7647
3867,31/07/15,Larisa,39.63689,22.41761,141732,shop_5,kinder-cola,plastic,1.5lt,3.62,12801
3934,31/08/15,Larisa,39.63689,22.41761,141732,shop_5,kinder-cola,plastic,1.5lt,3.5,10990
4047,30/09/15,Larisa,39.63689,22.41761,141732,shop_5,kinder-cola,plastic,1.5lt,2.65,12476
4110,31/10/15,Larisa,39.63689,22.41761,141732,shop_5,kinder-cola,plastic,1.5lt,4.4,4293
4219,30/11/15,Larisa,39.63689,22.41761,141732,shop_5,kinder-cola,plastic,1.5lt,2.72,9819
4316,31/12/15,Larisa,39.63689,22.41761,141732,shop_5,kinder-cola,plastic,1.5lt,3.53,8781
4921,31/07/16,Larisa,39.63689,22.41761,142030,shop_5,kinder-cola,plastic,1.5lt,2.81,17716
5012,31/08/16,Larisa,39.63689,22.41761,142030,shop_5,kinder-cola,plastic,1.5lt,4.42,7130
5100,30/09/16,Larisa,39.63689,22.41761,142030,shop_5,kinder-cola,plastic,1.5lt,2.11,14748
5190,31/10/16,Larisa,39.63689,22.41761,142030,shop_5,kinder-cola,plastic,1.5lt,3.65,6708
5286,30/11/16,Larisa,39.63689,22.41761,142030,shop_5,kinder-cola,plastic,1.5lt,3.87,6470
5369,31/12/16,Larisa,39.63689,22.41761,142030,shop_5,kinder-cola,plastic,1.5lt,3.44,9388
5998,31/07/17,Larisa,39.63689,22.41761,144302,shop_5,kinder-cola,plastic,1.5lt,4.03,11390
6085,31/08/17,Larisa,39.63689,22.41761,144302,shop_5,kinder-cola,plastic,1.5lt,2.17,17547
6185,30/09/17,Larisa,39.63689,22.41761,144302,shop_5,kinder-cola,plastic,1.5lt,2.69,12760
6298,31/10/17,Larisa,39.63689,22.41761,144302,shop_5,kinder-cola,plastic,1.5lt,1.56,12751
6360,30/11/17,Larisa,39.63689,22.41761,144302,shop_5,kinder-cola,plastic,1.5lt,2.62,10443
6450,31/12/17,Larisa,39.63689,22.41761,144302,shop_5,kinder-cola,plastic,1.5lt,1.76,15698
607,31/07/12,Larisa,39.63689,22.41761,137540,shop_5,kinder-cola,can,330ml,0.85,14781
689,31/08/12,Larisa,39.63689,22.41761,137540,shop_5,kinder-cola,can,330ml,0.77,18809
786,30/09/12,Larisa,39.63689,22.41761,137540,shop_5,kinder-cola,can,330ml,1.01,7791
879,31/10/12,Larisa,39.63689,22.41761,137540,shop_5,kinder-cola,can,330ml,0.74,13495
967,30/11/12,Larisa,39.63689,22.41761,137540,shop_5,kinder-cola,can,330ml,0.65,12070
1072,31/12/12,Larisa,39.63689,22.41761,137540,shop_5,kinder-cola,can,330ml,0.83,14501
1685,31/07/13,Larisa,39.63689,22.41761,139242,shop_5,kinder-cola,can,330ml,0.71,19923
1771,31/08/13,Larisa,39.63689,22.41761,139242,shop_5,kinder-cola,can,330ml,0.79,18813
1864,30/09/13,Larisa,39.63689,22.41761,139242,shop_5,kinder-cola,can,330ml,0.73,15667
1955,31/10/13,Larisa,39.63689,22.41761,139242,shop_5,kinder-cola,can,330ml,0.88,10807
2056,30/11/13,Larisa,39.63689,22.41761,139242,shop_5,kinder-cola,can,330ml,0.5,15141
2135,31/12/13,Larisa,39.63689,22.41761,139242,shop_5,kinder-cola,can,330ml,0.55,23541
2764,31/07/14,Larisa,39.63689,22.41761,140563,shop_5,kinder-cola,can,330ml,0.84,16234
2852,31/08/14,Larisa,39.63689,22.41761,140563,shop_5,kinder-cola,can,330ml,0.66,23657
2944,30/09/14,Larisa,39.63689,22.41761,140563,shop_5,kinder-cola,can,330ml,0.38,25032
3037,31/10/14,Larisa,39.63689,22.41761,140563,shop_5,kinder-cola,can,330ml,0.71,15050
3138,30/11/14,Larisa,39.63689,22.41761,140563,shop_5,kinder-cola,can,330ml,0.83,9545
3208,31/12/14,Larisa,39.63689,22.41761,140563,shop_5,kinder-cola,can,330ml,0.68,20086
3841,31/07/15,Larisa,39.63689,22.41761,141732,shop_5,kinder-cola,can,330ml,0.55,25708
3949,31/08/15,Larisa,39.63689,22.41761,141732,shop_5,kinder-cola,can,330ml,0.85,17980
4023,30/09/15,Larisa,39.63689,22.41761,141732,shop_5,kinder-cola,can,330ml,0.72,16759
4111,31/10/15,Larisa,39.63689,22.41761,141732,shop_5,kinder-cola,can,330ml,0.76,14293
4216,30/11/15,Larisa,39.63689,22.41761,141732,shop_5,kinder-cola,can,330ml,0.85,9430
4295,31/12/15,Larisa,39.63689,22.41761,141732,shop_5,kinder-cola,can,330ml,0.81,16655
4922,31/07/16,Larisa,39.63689,22.41761,142030,shop_5,kinder-cola,can,330ml,0.98,13213
5013,31/08/16,Larisa,39.63689,22.41761,142030,shop_5,kinder-cola,can,330ml,0.53,28736
5124,30/09/16,Larisa,39.63689,22.41761,142030,shop_5,kinder-cola,can,330ml,0.9,12744
5191,31/10/16,Larisa,39.63689,22.41761,142030,shop_5,kinder-cola,can,330ml,0.56,18961
5297,30/11/16,Larisa,39.63689,22.41761,142030,shop_5,kinder-cola,can,330ml,0.91,8629
5370,31/12/16,Larisa,39.63689,22.41761,142030,shop_5,kinder-cola,can,330ml,0.85,16182
5999,31/07/17,Larisa,39.63689,22.41761,144302,shop_5,kinder-cola,can,330ml,0.89,16418
6086,31/08/17,Larisa,39.63689,22.41761,144302,shop_5,kinder-cola,can,330ml,0.79,20839
6186,30/09/17,Larisa,39.63689,22.41761,144302,shop_5,kinder-cola,can,330ml,0.82,15083
6286,31/10/17,Larisa,39.63689,22.41761,144302,shop_5,kinder-cola,can,330ml,0.74,15493
6361,30/11/17,Larisa,39.63689,22.41761,144302,shop_5,kinder-cola,can,330ml,0.75,11652
6451,31/12/17,Larisa,39.63689,22.41761,144302,shop_5,kinder-cola,can,330ml,0.9,15106
608,31/07/12,Larisa,39.63689,22.41761,137540,shop_5,adult-cola,glass,500ml,1.36,19730
690,31/08/12,Larisa,39.63689,22.41761,137540,shop_5,adult-cola,glass,500ml,0.82,35880
801,30/09/12,Larisa,39.63689,22.41761,137540,shop_5,adult-cola,glass,500ml,1.22,13783
880,31/10/12,Larisa,39.63689,22.41761,137540,shop_5,adult-cola,glass,500ml,1.02,18374
968,30/11/12,Larisa,39.63689,22.41761,137540,shop_5,adult-cola,glass,500ml,1.3,13905
1053,31/12/12,Larisa,39.63689,22.41761,137540,shop_5,adult-cola,glass,500ml,0.84,28450
1686,31/07/13,Larisa,39.63689,22.41761,139242,shop_5,adult-cola,glass,500ml,1.38,20501
1772,31/08/13,Larisa,39.63689,22.41761,139242,shop_5,adult-cola,glass,500ml,1.28,20017
1865,30/09/13,Larisa,39.63689,22.41761,139242,shop_5,adult-cola,glass,500ml,1.08,17693
1956,31/10/13,Larisa,39.63689,,139242,shop_5,adult-cola,glass,500ml,1.15,15970
2043,30/11/13,Larisa,39.63689,22.41761,139242,shop_5,adult-cola,glass,500ml,1.28,15242
2136,31/12/13,Larisa,39.63689,22.41761,139242,shop_5,adult-cola,glass,500ml,1.15,20120
2765,31/07/14,Larisa,39.63689,22.41761,140563,shop_5,adult-cola,glass,500ml,1.39,21438
2853,31/08/14,Larisa,39.63689,22.41761,140563,shop_5,adult-cola,glass,500ml,1.2,23689
2945,30/09/14,Larisa,39.63689,22.41761,140563,shop_5,adult-cola,glass,500ml,1.26,14170
3038,31/10/14,Larisa,39.63689,22.41761,140563,shop_5,adult-cola,glass,500ml,0.9,22174
3128,30/11/14,Larisa,39.63689,22.41761,140563,shop_5,adult-cola,glass,500ml,1.1,20561
3233,31/12/14,Larisa,39.63689,22.41761,140563,shop_5,adult-cola,glass,500ml,1.02,24595
3860,31/07/15,Larisa,39.63689,22.41761,141732,shop_5,adult-cola,glass,500ml,0.99,39549
3947,31/08/15,Larisa,39.63689,22.41761,141732,shop_5,adult-cola,glass,500ml,1.11,27867
4024,30/09/15,Larisa,39.63689,22.41761,141732,shop_5,adult-cola,glass,500ml,1.36,12607
4112,31/10/15,Larisa,39.63689,22.41761,141732,shop_5,adult-cola,glass,500ml,1.08,18614
4199,30/11/15,Larisa,39.63689,22.41761,141732,shop_5,adult-cola,glass,500ml,1.17,19475
4296,31/12/15,Larisa,39.63689,22.41761,141732,shop_5,adult-cola,glass,500ml,0.61,36388
4923,31/07/16,Larisa,39.63689,22.41761,142030,shop_5,adult-cola,glass,500ml,0.22,72466
5014,31/08/16,Larisa,39.63689,22.41761,142030,shop_5,adult-cola,glass,500ml,1.56,13444
5101,30/09/16,Larisa,39.63689,22.41761,142030,shop_5,adult-cola,glass,500ml,1.09,19116
5192,31/10/16,Larisa,39.63689,22.41761,142030,shop_5,adult-cola,glass,500ml,1.08,19287
5287,30/11/16,Larisa,39.63689,22.41761,142030,shop_5,adult-cola,glass,500ml,1.27,17622
5371,31/12/16,Larisa,39.63689,22.41761,142030,shop_5,adult-cola,glass,500ml,1.54,11448
6000,31/07/17,Larisa,39.63689,22.41761,144302,shop_5,adult-cola,glass,500ml,1.34,26925
6087,31/08/17,Larisa,39.63689,22.41761,144302,shop_5,adult-cola,glass,500ml,0.77,40451
6200,30/09/17,Larisa,39.63689,22.41761,144302,shop_5,adult-cola,glass,500ml,0.38,34937
6274,31/10/17,Larisa,39.63689,22.41761,144302,shop_5,adult-cola,glass,500ml,1.57,9210
6389,30/11/17,Larisa,39.63689,22.41761,144302,shop_5,adult-cola,glass,500ml,0.73,31582
6452,31/12/17,Larisa,39.63689,22.41761,144302,shop_5,adult-cola,glass,500ml,1.54,12376
609,31/07/12,Larisa,39.63689,22.41761,137540,shop_5,adult-cola,plastic,1.5lt,2.47,22802
691,31/08/12,Larisa,39.63689,22.41761,137540,shop_5,adult-cola,plastic,1.5lt,2.66,16499
802,30/09/12,Larisa,39.63689,22.41761,137540,shop_5,adult-cola,plastic,1.5lt,2.98,9269
881,31/10/12,Larisa,39.63689,22.41761,137540,shop_5,adult-cola,plastic,1.5lt,2.44,10993
969,30/11/12,Larisa,39.63689,22.41761,137540,shop_5,adult-cola,plastic,1.5lt,1.96,18894
1054,31/12/12,Larisa,39.63689,22.41761,137540,shop_5,adult-cola,plastic,1.5lt,1.9,17890
1687,31/07/13,Larisa,39.63689,22.41761,139242,shop_5,adult-cola,plastic,1.5lt,2.29,25192
1794,31/08/13,Larisa,39.63689,22.41761,139242,shop_5,adult-cola,plastic,1.5lt,2.1,21629
1866,30/09/13,Larisa,39.63689,22.41761,139242,shop_5,adult-cola,plastic,1.5lt,3.59,6268
1957,31/10/13,Larisa,39.63689,22.41761,139242,shop_5,adult-cola,plastic,1.5lt,2.61,10418
2065,30/11/13,Larisa,39.63689,22.41761,139242,shop_5,adult-cola,plastic,1.5lt,1.67,21203
2137,31/12/13,Larisa,39.63689,22.41761,139242,shop_5,adult-cola,plastic,1.5lt,2.91,11671
2766,31/07/14,Larisa,39.63689,22.41761,140563,shop_5,adult-cola,plastic,1.5lt,2.24,26293
2854,31/08/14,Larisa,39.63689,22.41761,140563,shop_5,adult-cola,plastic,1.5lt,2.88,15672
2946,30/09/14,Larisa,39.63689,22.41761,140563,shop_5,adult-cola,plastic,1.5lt,0.51,23587
3039,31/10/14,Larisa,,,140563,shop_5,adult-cola,plastic,1.5lt,2.55,11012
3148,30/11/14,Larisa,39.63689,22.41761,140563,shop_5,adult-cola,plastic,1.5lt,3.14,11433
3230,31/12/14,Larisa,39.63689,22.41761,140563,shop_5,adult-cola,plastic,1.5lt,3.13,10649
3842,31/07/15,Larisa,39.63689,22.41761,141732,shop_5,adult-cola,plastic,1.5lt,3.06,18569
3935,31/08/15,Larisa,39.63689,22.41761,141732,shop_5,adult-cola,plastic,1.5lt,3.26,13158
4038,30/09/15,Larisa,39.63689,22.41761,141732,shop_5,adult-cola,plastic,1.5lt,1.95,15885
4133,31/10/15,Larisa,39.63689,22.41761,141732,shop_5,adult-cola,plastic,1.5lt,2.71,10508
4200,30/11/15,Larisa,39.63689,22.41761,141732,shop_5,adult-cola,plastic,1.5lt,3,12783
4297,31/12/15,Larisa,39.63689,22.41761,141732,shop_5,adult-cola,plastic,1.5lt,1.39,21864
4944,31/07/16,Larisa,39.63689,22.41761,142030,shop_5,adult-cola,plastic,1.5lt,3.1,18759
5015,31/08/16,Larisa,39.63689,22.41761,142030,shop_5,adult-cola,plastic,1.5lt,2.07,22968
5102,30/09/16,Larisa,39.63689,22.41761,142030,shop_5,adult-cola,plastic,1.5lt,2.29,14347
5193,31/10/16,Larisa,39.63689,22.41761,142030,shop_5,adult-cola,plastic,1.5lt,3.78,5753
5288,30/11/16,Larisa,39.63689,22.41761,142030,shop_5,adult-cola,plastic,1.5lt,2.86,14106
5372,31/12/16,Larisa,39.63689,22.41761,142030,shop_5,adult-cola,plastic,1.5lt,2.7,14098
6001,31/07/17,Larisa,39.63689,22.41761,144302,shop_5,adult-cola,plastic,1.5lt,2.36,26469
6088,31/08/17,Larisa,39.63689,22.41761,144302,shop_5,adult-cola,plastic,1.5lt,1.61,26784
6208,30/09/17,Larisa,39.63689,22.41761,144302,shop_5,adult-cola,plastic,1.5lt,2.25,14765
6275,31/10/17,Larisa,39.63689,22.41761,144302,shop_5,adult-cola,plastic,1.5lt,1.58,16207
6362,30/11/17,Larisa,39.63689,22.41761,144302,shop_5,adult-cola,plastic,1.5lt,3.36,11276
6471,31/12/17,Larisa,39.63689,22.41761,144302,shop_5,adult-cola,plastic,1.5lt,3.83,7675
