ML/data/halfyear.csv
id,date,city,lat,long,pop,shop,brand,container,capacity,price,quantity
610,31/07/12,Larisa,39.63689,22.41761,137540,shop_5,adult-cola,can,330ml,0.83,24576
692,31/08/12,Larisa,39.63689,22.41761,137540,shop_5,adult-cola,can,330ml,0.84,18201
787,30/09/12,Larisa,39.63689,22.41761,137540,shop_5,adult-cola,can,330ml,0.63,21386
882,31/10/12,Larisa,39.63689,22.41761,137540,shop_5,adult-cola,can,330ml,0.57,25510
970,30/11/12,Larisa,39.63689,22.41761,137540,shop_5,adult-cola,can,330ml,0.67,19537
1055,31/12/12,Larisa,39.63689,22.41761,137540,shop_5,adult-cola,can,330ml,0.64,25128
1688,31/07/13,Larisa,39.63689,22.41761,139242,shop_5,adult-cola,can,330ml,0.68,38902
1773,31/08/13,Larisa,39.63689,22.41761,139242,shop_5,adult-cola,can,330ml,0.45,45895
1881,30/09/13,Larisa,39.63689,22.41761,139242,shop_5,adult-cola,can,330ml,0.69,19332
1958,31/10/13,Larisa,39.63689,22.41761,139242,shop_5,adult-cola,can,330ml,0.59,24970
2061,30/11/13,Larisa,39.63689,22.41761,139242,shop_5,adult-cola,can,330ml,0.48,28477
2138,31/12/13,Larisa,39.63689,22.41761,139242,shop_5,adult-cola,can,330ml,0.71,22618
2767,31/07/14,Larisa,39.63689,22.41761,140563,shop_5,adult-cola,can,330ml,0.67,41265
2855,31/08/14,Larisa,39.63689,22.41761,140563,shop_5,adult-cola,can,330ml,0.66,32863
2969,30/09/14,Larisa,39.63689,22.41761,140563,shop_5,adult-cola,can,330ml,0.52,27337
3129,30/11/14,Larisa,39.63689,22.41761,140563,shop_5,adult-cola,can,330ml,0.77,16530
3214,31/12/14,Larisa,39.63689,22.41761,140563,shop_5,adult-cola,can,330ml,0.56,30871
3843,31/07/15,Larisa,39.63689,22.41761,141732,shop_5,adult-cola,can,330ml,0.72,38166
3936,31/08/15,Larisa,39.63689,22.41761,141732,shop_5,adult-cola,can,330ml,0.64,34934
4025,30/09/15,Larisa,39.63689,22.41761,141732,shop_5,adult-cola,can,330ml,0.69,20823
4113,31/10/15,Larisa,39.63689,22.41761,141732,shop_5,adult-cola,can,330ml,0.55,28067
4201,30/11/15,Larisa,39.63689,22.41761,141732,shop_5,adult-cola,can,330ml,0.6,24140
4298,31/12/15,Larisa,39.63689,22.41761,141732,shop_5,adult-cola,can,330ml,0.59,29997
4924,31/07/16,Larisa,39.63689,22.41761,142030,shop_5,adult-cola,can,330ml,0.66,44199
5016,31/08/16,Larisa,39.63689,22.41761,142030,shop_5,adult-cola,can,330ml,0.79,26356
5103,30/09/16,Larisa,39.63689,22.41761,142030,shop_5,adult-cola,can,330ml,0.59,25452
5194,31/10/16,Larisa,39.63689,22.41761,142030,shop_5,adult-cola,can,330ml,0.68,22817
5296,30/11/16,Larisa,39.63689,22.41761,142030,shop_5,adult-cola,can,330ml,0.77,17831
5373,31/12/16,Larisa,39.63689,22.41761,142030,shop_5,adult-cola,can,330ml,0.84,18299
6002,31/07/17,Larisa,39.63689,22.41761,144302,shop_5,adult-cola,can,330ml,0.45,62088
6112,31/08/17,Larisa,39.63689,22.41761,144302,shop_5,adult-cola,can,330ml,0.62,37527
6187,30/09/17,Larisa,39.63689,22.41761,144302,shop_5,adult-cola,can,330ml,0.76,19216
6276,31/10/17,Larisa,,22.41761,144302,shop_5,adult-cola,can,330ml,0.72,21995
6363,30/11/17,Larisa,39.63689,22.41761,144302,shop_5,adult-cola,can,330ml,0.83,16185
6453,31/12/17,Larisa,39.63689,22.41761,144302,shop_5,adult-cola,can,330ml,0.57,32326
611,31/07/12,Larisa,39.63689,22.41761,137540,shop_5,orange-power,glass,500ml,0.93,29901
693,31/08/12,Larisa,39.63689,22.41761,137540,shop_5,orange-power,glass,500ml,0.82,40594
788,30/09/12,Larisa,39.63689,22.41761,137540,shop_5,orange-power,glass,500ml,0.62,41586
883,31/10/12,Larisa,39.63689,22.41761,137540,shop_5,orange-power,glass,500ml,0.57,33081
979,30/11/12,Larisa,39.63689,22.41761,137540,shop_5,orange-power,glass,500ml,0.63,32423
1056,31/12/12,Larisa,39.63689,22.41761,137540,shop_5,orange-power,glass,500ml,0.89,28010
1689,31/07/13,Larisa,39.63689,22.41761,139242,shop_5,orange-power,glass,500ml,0.72,48105
1774,31/08/13,Larisa,39.63689,22.41761,139242,shop_5,orange-power,glass,500ml,0.86,38392
1867,30/09/13,Larisa,39.63689,22.41761,139242,shop_5,orange-power,glass,500ml,0.88,27140
1972,31/10/13,Larisa,39.63689,22.41761,139242,shop_5,orange-power,glass,500ml,0.87,20285
2044,30/11/13,Larisa,39.63689,22.41761,139242,shop_5,orange-power,glass,500ml,0.85,23031
2139,31/12/13,Larisa,39.63689,22.41761,139242,shop_5,orange-power,glass,500ml,0.88,29821
2768,31/07/14,Larisa,39.63689,22.41761,140563,shop_5,orange-power,glass,500ml,0.81,42723
2870,31/08/14,Larisa,39.63689,22.41761,140563,shop_5,orange-power,glass,500ml,0.58,62554
2947,30/09/14,Larisa,39.63689,22.41761,140563,shop_5,orange-power,glass,500ml,0.79,33351
3041,31/10/14,Larisa,39.63689,22.41761,140563,shop_5,orange-power,glass,500ml,0.92,18981
3130,30/11/14,Larisa,39.63689,22.41761,140563,shop_5,orange-power,glass,500ml,1.11,11614
3209,31/12/14,Larisa,39.63689,22.41761,140563,shop_5,orange-power,glass,500ml,0.75,39347
3844,31/07/15,Larisa,39.63689,22.41761,141732,shop_5,orange-power,glass,500ml,0.84,41375
3937,31/08/15,Larisa,39.63689,22.41761,141732,shop_5,orange-power,glass,500ml,0.9,38675
4026,30/09/15,Larisa,39.63689,22.41761,141732,shop_5,orange-power,glass,500ml,0.87,29523
4114,31/10/15,Larisa,,,141732,shop_5,orange-power,glass,500ml,1.04,14831
4229,30/11/15,Larisa,39.63689,22.41761,141732,shop_5,orange-power,glass,500ml,0.98,18521
4299,31/12/15,Larisa,39.63689,22.41761,141732,shop_5,orange-power,glass,500ml,0.79,37653
4925,31/07/16,Larisa,39.63689,22.41761,142030,shop_5,orange-power,glass,500ml,0.74,50287
5017,31/08/16,Larisa,39.63689,22.41761,142030,shop_5,orange-power,glass,500ml,0.93,37528
5112,30/09/16,Larisa,39.63689,22.41761,142030,shop_5,orange-power,glass,500ml,1.19,12695
5195,31/10/16,Larisa,39.63689,,142030,shop_5,orange-power,glass,500ml,0.96,18787
5289,30/11/16,Larisa,39.63689,22.41761,142030,shop_5,orange-power,glass,500ml,0.82,26686
5374,31/12/16,Larisa,39.63689,22.41761,142030,shop_5,orange-power,glass,500ml,0.9,31858
6027,31/07/17,Larisa,39.63689,22.41761,144302,shop_5,orange-power,glass,500ml,0.93,37639
6089,31/08/17,Larisa,39.63689,22.41761,144302,shop_5,orange-power,glass,500ml,0.92,40020
6188,30/09/17,Larisa,39.63689,22.41761,144302,shop_5,orange-power,glass,500ml,1.02,23260
6277,31/10/17,Larisa,39.63689,22.41761,144302,shop_5,orange-power,glass,500ml,0.56,35930
6364,30/11/17,Larisa,39.63689,22.41761,144302,shop_5,orange-power,glass,500ml,0.84,26709
6454,31/12/17,Larisa,39.63689,22.41761,144302,shop_5,orange-power,glass,500ml,0.96,29760
612,31/07/12,Larisa,39.63689,22.41761,137540,shop_5,orange-power,plastic,1.5lt,1.46,44282
702,31/08/12,Larisa,39.63689,22.41761,137540,shop_5,orange-power,plastic,1.5lt,1.05,31840
789,30/09/12,Larisa,39.63689,22.41761,137540,shop_5,orange-power,plastic,1.5lt,2.06,15531
884,31/10/12,Larisa,39.63689,22.41761,137540,shop_5,orange-power,plastic,1.5lt,1.91,13738
988,30/11/12,Larisa,39.63689,22.41761,137540,shop_5,orange-power,plastic,1.5lt,1.15,22469
1057,31/12/12,Larisa,39.63689,22.41761,137540,shop_5,orange-power,plastic,1.5lt,1.49,19296
1690,31/07/13,Larisa,39.63689,22.41761,139242,shop_5,orange-power,plastic,1.5lt,1.78,36744
1775,31/08/13,Larisa,39.63689,22.41761,139242,shop_5,orange-power,plastic,1.5lt,2.1,16219
1889,30/09/13,Larisa,39.63689,22.41761,139242,shop_5,orange-power,plastic,1.5lt,1.64,22415
1959,31/10/13,Larisa,39.63689,22.41761,139242,shop_5,orange-power,plastic,1.5lt,0.79,26896
2045,30/11/13,Larisa,39.63689,22.41761,139242,shop_5,orange-power,plastic,1.5lt,1.63,17267
2140,31/12/13,Larisa,39.63689,22.41761,139242,shop_5,orange-power,plastic,1.5lt,0.96,25967
2769,31/07/14,Larisa,39.63689,22.41761,140563,shop_5,orange-power,plastic,1.5lt,1.55,43719
2856,31/08/14,Larisa,39.63689,22.41761,140563,shop_5,orange-power,plastic,1.5lt,2.13,16428
2948,30/09/14,Larisa,39.63689,22.41761,140563,shop_5,orange-power,plastic,1.5lt,0.63,37383
3042,31/10/14,Larisa,39.63689,22.41761,140563,shop_5,orange-power,plastic,1.5lt,1.56,18560
3131,30/11/14,Larisa,39.63689,22.41761,140563,shop_5,orange-power,plastic,1.5lt,1.87,15019
3227,31/12/14,Larisa,39.63689,22.41761,140563,shop_5,orange-power,plastic,1.5lt,2.12,12880
3845,31/07/15,Larisa,39.63689,22.41761,141732,shop_5,orange-power,plastic,1.5lt,1.05,57131
3938,31/08/15,Larisa,39.63689,22.41761,141732,shop_5,orange-power,plastic,1.5lt,1.64,24337
4027,30/09/15,Larisa,39.63689,22.41761,141732,shop_5,orange-power,plastic,1.5lt,1.6,23926
4132,31/10/15,Larisa,39.63689,22.41761,141732,shop_5,orange-power,plastic,1.5lt,1.91,15158
4202,30/11/15,Larisa,39.63689,22.41761,141732,shop_5,orange-power,plastic,1.5lt,0.47,30591
4300,31/12/15,Larisa,39.63689,22.41761,141732,shop_5,orange-power,plastic,1.5lt,1.67,18484
4926,31/07/16,Larisa,39.63689,22.41761,142030,shop_5,orange-power,plastic,1.5lt,2.77,15208
5018,31/08/16,Larisa,39.63689,22.41761,142030,shop_5,orange-power,plastic,1.5lt,1.92,20821
5104,30/09/16,Larisa,39.63689,22.41761,142030,shop_5,orange-power,plastic,1.5lt,1.94,19786
5218,31/10/16,Larisa,39.63689,22.41761,142030,shop_5,orange-power,plastic,1.5lt,2.09,13622
5290,30/11/16,Larisa,39.63689,22.41761,142030,shop_5,orange-power,plastic,1.5lt,2.28,11647
5375,31/12/16,Larisa,39.63689,22.41761,142030,shop_5,orange-power,plastic,1.5lt,2.08,14358
6003,31/07/17,Larisa,39.63689,22.41761,144302,shop_5,orange-power,plastic,1.5lt,1.67,43227
6090,31/08/17,Larisa,39.63689,22.41761,144302,shop_5,orange-power,plastic,1.5lt,1.72,24069
6189,30/09/17,Larisa,39.63689,22.41761,144302,shop_5,orange-power,plastic,1.5lt,1.97,19831
6278,31/10/17,Larisa,39.63689,22.41761,144302,shop_5,orange-power,plastic,1.5lt,1.27,22591
6365,30/11/17,Larisa,39.63689,22.41761,144302,shop_5,orange-power,plastic,1.5lt,1.95,15490
6455,31/12/17,Larisa,39.63689,22.41761,144302,shop_5,orange-power,plastic,1.5lt,2.1,14523
613,31/07/12,Larisa,39.63689,22.41761,137540,shop_5,orange-power,can,330ml,0.37,72218
694,31/08/12,Larisa,39.63689,22.41761,137540,shop_5,orange-power,can,330ml,0.48,37204
796,30/09/12,Larisa,39.63689,22.41761,137540,shop_5,orange-power,can,330ml,0.59,20140
885,31/10/12,Larisa,39.63689,22.41761,137540,shop_5,orange-power,can,330ml,0.39,40466
971,30/11/12,Larisa,39.63689,22.41761,137540,shop_5,orange-power,can,330ml,0.58,15193
1058,31/12/12,Larisa,39.63689,22.41761,137540,shop_5,orange-power,can,330ml,0.6,23250
1691,31/07/13,Larisa,39.63689,22.41761,139242,shop_5,orange-power,can,330ml,0.45,59607
1776,31/08/13,Larisa,39.63689,22.41761,139242,shop_5,orange-power,can,330ml,0.27,65286
1868,30/09/13,Larisa,39.63689,22.41761,139242,shop_5,orange-power,can,330ml,0.31,51166
1960,31/10/13,Larisa,39.63689,22.41761,139242,shop_5,orange-power,can,330ml,0.53,27048
2053,30/11/13,Larisa,39.63689,22.41761,139242,shop_5,orange-power,can,330ml,0.39,30279
2146,31/12/13,Larisa,39.63689,22.41761,139242,shop_5,orange-power,can,330ml,0.41,50432
2775,31/07/14,Larisa,39.63689,22.41761,140563,shop_5,orange-power,can,330ml,0.45,61517
2857,31/08/14,Larisa,39.63689,22.41761,140563,shop_5,orange-power,can,330ml,0.52,35772
2949,30/09/14,Larisa,39.63689,22.41761,140563,shop_5,orange-power,can,330ml,0.4,42332
3043,31/10/14,Larisa,39.63689,22.41761,140563,shop_5,orange-power,can,330ml,0.56,24817
3132,30/11/14,Larisa,39.63689,22.41761,140563,shop_5,orange-power,can,330ml,0.55,19228
3210,31/12/14,Larisa,39.63689,22.41761,140563,shop_5,orange-power,can,330ml,0.54,34269
3846,31/07/15,Larisa,39.63689,22.41761,141732,shop_5,orange-power,can,330ml,0.42,68563
3939,31/08/15,Larisa,39.63689,22.41761,141732,shop_5,orange-power,can,330ml,0.44,45999
4028,30/09/15,Larisa,39.63689,22.41761,141732,shop_5,orange-power,can,330ml,0.56,27912
4123,31/10/15,Larisa,39.63689,22.41761,141732,shop_5,orange-power,can,330ml,0.54,28324
4203,30/11/15,Larisa,39.63689,22.41761,141732,shop_5,orange-power,can,330ml,0.33,36016
4301,31/12/15,Larisa,39.63689,22.41761,141732,shop_5,orange-power,can,330ml,0.43,50054
4941,31/07/16,Larisa,39.63689,22.41761,142030,shop_5,orange-power,can,330ml,0.52,54240
5019,31/08/16,Larisa,39.63689,22.41761,142030,shop_5,orange-power,can,330ml,0.47,44490
5105,30/09/16,Larisa,39.63689,22.41761,142030,shop_5,orange-power,can,330ml,0.45,39091
5216,31/10/16,Larisa,39.63689,22.41761,142030,shop_5,orange-power,can,330ml,0.52,31054
5291,30/11/16,Larisa,39.63689,22.41761,142030,shop_5,orange-power,can,330ml,0.4,31628
5376,31/12/16,Larisa,39.63689,22.41761,142030,shop_5,orange-power,can,330ml,0.37,57391
6015,31/07/17,Larisa,39.63689,22.41761,144302,shop_5,orange-power,can,330ml,0.57,47952
6091,31/08/17,Larisa,,,144302,shop_5,orange-power,can,330ml,0.49,42370
6190,30/09/17,Larisa,39.63689,22.41761,144302,shop_5,orange-power,can,330ml,0.45,40345
6287,31/10/17,Larisa,39.63689,22.41761,144302,shop_5,orange-power,can,330ml,0.34,48793
6366,30/11/17,Larisa,39.63689,22.41761,144302,shop_5,orange-power,can,330ml,0.7,11764
6476,31/12/17,Larisa,39.63689,22.41761,144302,shop_5,orange-power,can,330ml,0.47,46971
614,31/07/12,Larisa,39.63689,22.41761,137540,shop_5,gazoza,glass,500ml,0.41,71746
695,31/08/12,Larisa,39.63689,22.41761,137540,shop_5,gazoza,glass,500ml,0.51,46581
807,30/09/12,Larisa,39.63689,22.41761,137540,shop_5,gazoza,glass,500ml,0.54,42234
886,31/10/12,Larisa,39.63689,22.41761,137540,shop_5,gazoza,glass,500ml,0.43,49125
972,30/11/12,Larisa,39.63689,22.41761,137540,shop_5,gazoza,glass,500ml,0.39,52602
1059,31/12/12,Larisa,39.63689,22.41761,137540,shop_5,gazoza,glass,500ml,0.49,58837
1692,31/07/13,Larisa,39.63689,22.41761,139242,shop_5,gazoza,glass,500ml,0.61,44319
1787,31/08/13,Larisa,39.63689,22.41761,139242,shop_5,gazoza,glass,500ml,0.66,30713
1869,30/09/13,Larisa,39.63689,22.41761,139242,shop_5,gazoza,glass,500ml,0.7,25862
1961,31/10/13,Larisa,39.63689,22.41761,139242,shop_5,gazoza,glass,500ml,0.61,31670
2046,30/11/13,Larisa,39.63689,22.41761,139242,shop_5,gazoza,glass,500ml,0.59,33294
2141,31/12/13,Larisa,39.63689,22.41761,139242,shop_5,gazoza,glass,500ml,0.64,39989
2770,31/07/14,Larisa,39.63689,22.41761,140563,shop_5,gazoza,glass,500ml,0.6,48725
2868,31/08/14,Larisa,39.63689,22.41761,140563,shop_5,gazoza,glass,500ml,0.61,38502
2950,30/09/14,Larisa,39.63689,22.41761,140563,shop_5,gazoza,glass,500ml,0.64,33660
3044,31/10/14,Larisa,39.63689,22.41761,140563,shop_5,gazoza,glass,500ml,0.66,28550
3133,30/11/14,Larisa,39.63689,22.41761,140563,shop_5,gazoza,glass,500ml,0.63,31001
3234,31/12/14,Larisa,39.63689,22.41761,140563,shop_5,gazoza,glass,500ml,0.74,27012
3847,31/07/15,Larisa,39.63689,22.41761,141732,shop_5,gazoza,glass,500ml,0.66,41482
3958,31/08/15,Larisa,39.63689,22.41761,141732,shop_5,gazoza,glass,500ml,0.83,14736
4029,30/09/15,Larisa,39.63689,22.41761,141732,shop_5,gazoza,glass,500ml,0.49,52382
4115,31/10/15,Larisa,39.63689,22.41761,141732,shop_5,gazoza,glass,500ml,0.8,16019
4204,30/11/15,Larisa,39.63689,22.41761,141732,shop_5,gazoza,glass,500ml,0.63,32045
4302,31/12/15,Larisa,39.63689,22.41761,141732,shop_5,gazoza,glass,500ml,0.56,54149
4927,31/07/16,Larisa,39.63689,22.41761,142030,shop_5,gazoza,,500ml,0.64,46809
5033,31/08/16,Larisa,39.63689,22.41761,142030,shop_5,gazoza,glass,500ml,0.66,35507
5106,30/09/16,Larisa,39.63689,22.41761,142030,shop_5,gazoza,glass,500ml,0.61,40575
5196,31/10/16,Larisa,39.63689,22.41761,142030,shop_5,gazoza,glass,500ml,0.77,20756
5292,30/11/16,Larisa,39.63689,22.41761,142030,shop_5,gazoza,glass,500ml,0.76,21317
5377,31/12/16,Larisa,39.63689,22.41761,142030,shop_5,gazoza,glass,500ml,0.7,37362
6004,31/07/17,Larisa,39.63689,22.41761,144302,shop_5,gazoza,glass,500ml,0.72,37688
6092,31/08/17,Larisa,39.63689,22.41761,144302,shop_5,gazoza,glass,500ml,0.6,43485
6191,30/09/17,Larisa,39.63689,22.41761,144302,shop_5,gazoza,glass,500ml,0.74,27845
6279,31/10/17,Larisa,39.63689,22.41761,144302,shop_5,gazoza,glass,500ml,0.59,38553
6367,30/11/17,Larisa,39.63689,22.41761,144302,shop_5,gazoza,glass,500ml,0.79,19886
6456,31/12/17,Larisa,39.63689,22.41761,144302,shop_5,gazoza,glass,500ml,0.7,38691
