ML/data/halfyear.csv
id,date,city,lat,long,pop,shop,brand,container,capacity,price,quantity
615,31/07/12,Larisa,39.63689,22.41761,137540,shop_5,gazoza,plastic,1.5lt,1.06,34961
696,31/08/12,Larisa,39.63689,22.41761,137540,shop_5,gazoza,plastic,1.5lt,0.85,38264
790,30/09/12,Larisa,39.63689,22.41761,137540,shop_5,gazoza,plastic,1.5lt,0.74,35265
887,31/10/12,Larisa,39.63689,22.41761,137540,shop_5,gazoza,plastic,1.5lt,0.34,44656
973,30/11/12,Larisa,39.63689,22.41761,137540,shop_5,gazoza,plastic,1.5lt,1.01,20065
1071,31/12/12,Larisa,39.63689,22.41761,137540,shop_5,gazoza,plastic,1.5lt,1.32,16149
1693,31/07/13,Larisa,39.63689,22.41761,139242,shop_5,gazoza,plastic,1.5lt,0.95,40513
1777,31/08/13,Larisa,39.63689,22.41761,139242,shop_5,gazoza,plastic,1.5lt,0.87,37988
1870,30/09/13,Larisa,39.63689,22.41761,139242,shop_5,gazoza,plastic,1.5lt,1.2,22144
1962,31/10/13,Larisa,39.63689,22.41761,139242,shop_5,gazoza,plastic,1.5lt,0.76,33114
2047,30/11/13,Larisa,39.63689,22.41761,139242,shop_5,gazoza,plastic,1.5lt,1,20793
2142,31/12/13,Larisa,39.63689,22.41761,139242,shop_5,gazoza,plastic,1.5lt,1.18,20581
2771,31/07/14,Larisa,39.63689,22.41761,140563,shop_5,gazoza,plastic,1.5lt,1.25,29409
2858,31/08/14,Larisa,39.63689,22.41761,140563,shop_5,gazoza,plastic,1.5lt,1.19,27559
2951,30/09/14,Larisa,39.63689,22.41761,140563,shop_5,gazoza,plastic,1.5lt,0.73,36431
3045,31/10/14,Larisa,39.63689,22.41761,140563,shop_5,gazoza,plastic,1.5lt,1.34,17539
3134,30/11/14,Larisa,39.63689,22.41761,140563,shop_5,gazoza,plastic,1.5lt,1.15,18099
3215,31/12/14,Larisa,39.63689,22.41761,140563,shop_5,gazoza,plastic,1.5lt,1.15,22081
3854,31/07/15,Larisa,39.63689,22.41761,141732,shop_5,gazoza,plastic,1.5lt,0.64,54420
3940,31/08/15,Larisa,39.63689,22.41761,141732,shop_5,gazoza,plastic,1.5lt,1.39,21884
4030,30/09/15,Larisa,39.63689,22.41761,141732,shop_5,gazoza,plastic,1.5lt,1.05,27974
4116,31/10/15,Larisa,39.63689,22.41761,141732,shop_5,gazoza,plastic,1.5lt,1.31,19191
4205,30/11/15,Larisa,39.63689,22.41761,141732,shop_5,gazoza,plastic,1.5lt,1.07,20221
4303,31/12/15,Larisa,39.63689,22.41761,141732,shop_5,gazoza,plastic,1.5lt,0.87,29920
4946,31/07/16,Larisa,39.63689,22.41761,142030,shop_5,gazoza,plastic,1.5lt,1.26,31209
5020,31/08/16,Larisa,39.63689,22.41761,142030,shop_5,gazoza,plastic,1.5lt,1.04,34385
5107,30/09/16,Larisa,39.63689,22.41761,142030,shop_5,gazoza,plastic,1.5lt,1.23,23412
5197,31/10/16,Larisa,39.63689,22.41761,142030,shop_5,gazoza,plastic,1.5lt,1.16,24008
5293,30/11/16,Larisa,39.63689,22.41761,142030,shop_5,gazoza,plastic,1.5lt,1.21,17734
5378,31/12/16,Larisa,39.63689,22.41761,142030,shop_5,gazoza,plastic,1.5lt,1.39,17276
6005,31/07/17,Larisa,39.63689,22.41761,144302,shop_5,gazoza,plastic,1.5lt,0.92,44934
6093,31/08/17,Larisa,39.63689,22.41761,144302,shop_5,gazoza,plastic,1.5lt,0.79,43310
6192,30/09/17,Larisa,39.63689,22.41761,144302,shop_5,gazoza,plastic,1.5lt,1.39,19670
6280,31/10/17,Larisa,39.63689,22.41761,144302,shop_5,gazoza,plastic,1.5lt,1.43,17682
6368,30/11/17,Larisa,39.63689,22.41761,144302,shop_5,gazoza,plastic,1.5lt,0.52,32243
6473,31/12/17,Larisa,39.63689,22.41761,144302,shop_5,gazoza,plastic,1.5lt,0.26,46047
616,31/07/12,Larisa,39.63689,22.41761,137540,shop_5,gazoza,can,330ml,0.39,28771
697,31/08/12,Larisa,39.63689,22.41761,137540,shop_5,gazoza,can,330ml,0.2,72641
791,30/09/12,Larisa,39.63689,22.41761,137540,shop_5,gazoza,can,330ml,0.33,43642
888,31/10/12,Larisa,39.63689,22.41761,137540,shop_5,gazoza,can,330ml,0.33,30802
981,30/11/12,Larisa,39.63689,22.41761,137540,shop_5,gazoza,can,330ml,0.21,59991
1060,31/12/12,Larisa,39.63689,22.41761,137540,shop_5,gazoza,can,330ml,0.25,46834
1694,31/07/13,Larisa,39.63689,22.41761,139242,shop_5,gazoza,,330ml,0.36,37603
1778,31/08/13,Larisa,,22.41761,139242,shop_5,gazoza,can,330ml,0.27,57886
1871,30/09/13,Larisa,39.63689,22.41761,139242,shop_5,gazoza,can,330ml,0.32,48016
1963,31/10/13,Larisa,39.63689,22.41761,139242,shop_5,gazoza,can,330ml,0.32,33478
2048,30/11/13,Larisa,39.63689,22.41761,139242,shop_5,gazoza,can,330ml,0.3,43696
2150,31/12/13,Larisa,39.63689,22.41761,139242,shop_5,gazoza,can,330ml,0.31,37471
2772,31/07/14,Larisa,39.63689,22.41761,140563,shop_5,gazoza,can,330ml,0.31,48003
2859,31/08/14,Larisa,39.63689,22.41761,140563,shop_5,gazoza,can,330ml,0.37,38186
2952,30/09/14,Larisa,39.63689,22.41761,140563,shop_5,gazoza,can,330ml,0.31,51718
3046,31/10/14,Larisa,39.63689,22.41761,140563,shop_5,gazoza,can,330ml,0.36,27939
3143,30/11/14,Larisa,39.63689,22.41761,140563,shop_5,gazoza,can,330ml,0.34,37293
3211,31/12/14,Larisa,39.63689,22.41761,140563,shop_5,gazoza,can,330ml,0.35,32204
3848,31/07/15,Larisa,39.63689,22.41761,141732,shop_5,gazoza,can,330ml,0.3,52686
3941,31/08/15,Larisa,39.63689,22.41761,141732,shop_5,gazoza,can,330ml,0.45,20898
4031,30/09/15,Larisa,39.63689,22.41761,141732,shop_5,gazoza,can,330ml,0.38,38868
4117,31/10/15,Larisa,39.63689,22.41761,141732,shop_5,gazoza,can,330ml,0.31,37009
4206,30/11/15,Larisa,39.63689,22.41761,141732,shop_5,gazoza,can,330ml,0.38,31220
4304,31/12/15,Larisa,39.63689,22.41761,141732,shop_5,gazoza,can,330ml,0.42,22026
4928,31/07/16,Larisa,39.63689,22.41761,142030,shop_5,gazoza,can,330ml,0.27,59206
5021,31/08/16,Larisa,39.63689,22.41761,142030,shop_5,gazoza,can,330ml,0.34,47907
5118,30/09/16,Larisa,39.63689,22.41761,142030,shop_5,gazoza,can,330ml,0.37,42031
5198,31/10/16,Larisa,39.63689,22.41761,142030,shop_5,gazoza,can,330ml,0.37,27983
5295,30/11/16,Larisa,39.63689,22.41761,142030,shop_5,gazoza,can,330ml,0.32,43462
5379,31/12/16,Larisa,39.63689,22.41761,142030,shop_5,gazoza,can,330ml,0.39,28383
6006,31/07/17,Larisa,39.63689,22.41761,144302,shop_5,gazoza,can,330ml,0.36,42811
6094,31/08/17,Larisa,39.63689,22.41761,144302,shop_5,gazoza,can,330ml,0.33,51715
6193,30/09/17,Larisa,39.63689,22.41761,144302,shop_5,gazoza,can,330ml,0.35,47482
6281,31/10/17,Larisa,39.63689,22.41761,144302,shop_5,gazoza,can,330ml,0.35,32239
6369,30/11/17,Larisa,39.63689,22.41761,144302,shop_5,gazoza,can,330ml,0.41,29270
6457,31/12/17,Larisa,39.63689,22.41761,144302,shop_5,gazoza,can,330ml,0.36,33818
617,31/07/12,Larisa,39.63689,22.41761,137540,shop_5,lemon-boost,glass,500ml,0.9,24488
698,31/08/12,Larisa,39.63689,22.41761,137540,shop_5,lemon-boost,glass,500ml,0.99,19249
799,30/09/12,Larisa,39.63689,22.41761,137540,shop_5,lemon-boost,glass,500ml,0.88,20362
889,31/10/12,Larisa,39.63689,22.41761,137540,shop_5,lemon-boost,glass,500ml,0.78,19447
974,30/11/12,Larisa,39.63689,22.41761,137540,shop_5,lemon-boost,glass,500ml,0.95,12544
1061,31/12/12,Larisa,39.63689,22.41761,137540,shop_5,lemon-boost,glass,500ml,0.79,21501
1695,31/07/13,Larisa,39.63689,22.41761,139242,shop_5,lemon-boost,glass,500ml,1.14,15796
1779,31/08/13,Larisa,39.63689,22.41761,139242,shop_5,lemon-boost,glass,500ml,0.94,22228
1872,30/09/13,Larisa,39.63689,22.41761,139242,shop_5,lemon-boost,glass,500ml,0.76,24890
1964,31/10/13,Larisa,39.63689,22.41761,139242,shop_5,lemon-boost,glass,500ml,0.87,17384
2049,30/11/13,Larisa,39.63689,22.41761,139242,shop_5,lemon-boost,glass,500ml,1.22,6988
2143,31/12/13,Larisa,39.63689,22.41761,139242,shop_5,lemon-boost,glass,500ml,1.1,12836
2788,31/07/14,Larisa,39.63689,22.41761,140563,shop_5,lemon-boost,glass,500ml,0.82,29015
2860,31/08/14,Larisa,39.63689,22.41761,140563,shop_5,lemon-boost,glass,500ml,1.1,16950
2953,30/09/14,Larisa,39.63689,22.41761,140563,shop_5,lemon-boost,glass,500ml,1.12,14189
3047,31/10/14,Larisa,39.63689,22.41761,140563,shop_5,lemon-boost,glass,500ml,1.15,10744
3135,30/11/14,Larisa,39.63689,22.41761,140563,shop_5,lemon-boost,glass,500ml,0.82,16513
3238,31/12/14,Larisa,39.63689,22.41761,140563,shop_5,lemon-boost,glass,500ml,1.26,9084
3849,31/07/15,Larisa,39.63689,22.41761,141732,shop_5,lemon-boost,glass,500ml,1.15,17231
3953,31/08/15,Larisa,39.63689,22.41761,141732,shop_5,lemon-boost,glass,500ml,0.94,23492
4032,30/09/15,Larisa,39.63689,22.41761,141732,shop_5,lemon-boost,glass,500ml,0.98,19222
4118,31/10/15,Larisa,39.63689,22.41761,141732,shop_5,lemon-boost,glass,500ml,0.7,22722
4207,30/11/15,Larisa,39.63689,22.41761,141732,shop_5,lemon-boost,glass,500ml,0.77,17877
4305,31/12/15,Larisa,39.63689,22.41761,141732,shop_5,lemon-boost,glass,500ml,0.95,18546
4929,31/07/16,Larisa,39.63689,22.41761,142030,shop_5,lemon-boost,glass,500ml,0.99,23846
5022,31/08/16,Larisa,39.63689,22.41761,142030,shop_5,lemon-boost,glass,500ml,1.16,16752
5108,30/09/16,Larisa,39.63689,22.41761,142030,shop_5,lemon-boost,glass,500ml,0.99,19397
5210,31/10/16,Larisa,39.63689,22.41761,142030,shop_5,lemon-boost,glass,500ml,0.98,16116
5306,30/11/16,Larisa,39.63689,22.41761,142030,shop_5,lemon-boost,glass,500ml,1.07,11853
5380,31/12/16,Larisa,39.63689,22.41761,142030,shop_5,lemon-boost,glass,500ml,1.01,17379
6007,31/07/17,Larisa,39.63689,22.41761,144302,shop_5,lemon-boost,glass,500ml,0.75,33649
6095,31/08/17,Larisa,39.63689,22.41761,144302,shop_5,lemon-boost,glass,500ml,0.98,23725
6194,30/09/17,Larisa,39.63689,22.41761,144302,shop_5,lemon-boost,glass,500ml,0.85,24371
6282,31/10/17,Larisa,39.63689,22.41761,144302,shop_5,lemon-boost,glass,500ml,1.09,13933
6370,30/11/17,Larisa,39.63689,22.41761,144302,shop_5,lemon-boost,glass,500ml,1.08,12118
6458,31/12/17,Larisa,39.63689,22.41761,144302,shop_5,lemon-boost,glass,500ml,0.87,21932
618,31/07/12,Larisa,39.63689,22.41761,137540,shop_5,lemon-boost,plastic,1.5lt,1.95,18032
717,31/08/12,Larisa,39.63689,22.41761,137540,shop_5,lemon-boost,plastic,1.5lt,1.34,25413
792,30/09/12,Larisa,39.63689,22.41761,137540,shop_5,lemon-boost,plastic,1.5lt,2.8,6822
890,31/10/12,Larisa,39.63689,22.41761,137540,shop_5,lemon-boost,plastic,1.5lt,1.82,13150
975,30/11/12,Larisa,39.63689,22.41761,137540,shop_5,lemon-boost,plastic,1.5lt,1.61,14904
1062,31/12/12,Larisa,39.63689,22.41761,137540,shop_5,lemon-boost,plastic,1.5lt,1.98,14381
1696,31/07/13,Larisa,39.63689,22.41761,139242,shop_5,lemon-boost,plastic,1.5lt,2.09,17051
1780,31/08/13,Larisa,39.63689,22.41761,139242,shop_5,lemon-boost,plastic,1.5lt,2.2,16672
1873,30/09/13,Larisa,39.63689,22.41761,139242,shop_5,lemon-boost,plastic,1.5lt,2.24,11517
1965,31/10/13,Larisa,39.63689,22.41761,139242,shop_5,lemon-boost,plastic,1.5lt,1.71,14198
2050,30/11/13,Larisa,39.63689,22.41761,139242,shop_5,lemon-boost,plastic,1.5lt,2.06,12010
2144,31/12/13,Larisa,39.63689,22.41761,139242,shop_5,lemon-boost,plastic,1.5lt,1.84,15869
2773,31/07/14,Larisa,39.63689,22.41761,140563,shop_5,lemon-boost,plastic,1.5lt,2.53,13148
2861,31/08/14,Larisa,39.63689,22.41761,140563,shop_5,lemon-boost,plastic,1.5lt,1.39,25567
2954,30/09/14,Larisa,39.63689,22.41761,140563,shop_5,lemon-boost,plastic,1.5lt,1.42,17839
3052,31/10/14,Larisa,39.63689,22.41761,140563,shop_5,lemon-boost,plastic,1.5lt,1.59,15235
3136,30/11/14,Larisa,39.63689,22.41761,140563,shop_5,lemon-boost,plastic,1.5lt,1.95,13068
3212,31/12/14,Larisa,39.63689,22.41761,140563,shop_5,lemon-boost,plastic,1.5lt,2.98,7117
3862,31/07/15,Larisa,39.63689,22.41761,141732,shop_5,lemon-boost,plastic,1.5lt,1.71,21664
3942,31/08/15,Larisa,39.63689,22.41761,141732,shop_5,lemon-boost,plastic,1.5lt,1.45,25252
4033,30/09/15,Larisa,39.63689,22.41761,141732,shop_5,lemon-boost,plastic,1.5lt,2.66,9183
4119,31/10/15,Larisa,39.63689,22.41761,141732,shop_5,lemon-boost,plastic,1.5lt,1.15,18370
4208,30/11/15,Larisa,39.63689,22.41761,141732,shop_5,lemon-boost,plastic,1.5lt,1.64,15442
4306,31/12/15,Larisa,39.63689,22.41761,141732,shop_5,lemon-boost,plastic,1.5lt,1.22,21414
4930,31/07/16,Larisa,39.63689,22.41761,142030,shop_5,lemon-boost,plastic,1.5lt,2.85,11171
5023,31/08/16,Larisa,39.63689,22.41761,142030,shop_5,lemon-boost,plastic,1.5lt,2.35,16640
5109,30/09/16,Larisa,39.63689,22.41761,142030,shop_5,lemon-boost,plastic,1.5lt,0.95,21540
5199,31/10/16,Larisa,39.63689,22.41761,142030,shop_5,lemon-boost,plastic,1.5lt,2.8,7908
5309,30/11/16,Larisa,39.63689,22.41761,142030,shop_5,lemon-boost,plastic,1.5lt,2.04,13077
5393,31/12/16,Larisa,39.63689,22.41761,142030,shop_5,lemon-boost,plastic,1.5lt,1.39,20275
6008,31/07/17,Larisa,39.63689,22.41761,144302,shop_5,lemon-boost,plastic,1.5lt,0.85,30228
6096,31/08/17,Larisa,39.63689,22.41761,144302,shop_5,lemon-boost,plastic,1.5lt,2.56,15111
6195,30/09/17,Larisa,39.63689,22.41761,144302,shop_5,lemon-boost,plastic,1.5lt,2.32,12270
6283,31/10/17,Larisa,39.63689,22.41761,144302,shop_5,lemon-boost,plastic,1.5lt,1.99,13364
6371,30/11/17,Larisa,39.63689,22.41761,144302,shop_5,lemon-boost,plastic,1.5lt,2.18,12439
6459,31/12/17,Larisa,39.63689,22.41761,144302,shop_5,lemon-boost,plastic,1.5lt,2.82,9772
619,31/07/12,Larisa,39.63689,22.41761,137540,shop_5,lemon-boost,can,330ml,0.47,42119
699,31/08/12,Larisa,39.63689,22.41761,137540,shop_5,lemon-boost,can,330ml,0.49,28004
793,30/09/12,Larisa,39.63689,22.41761,137540,shop_5,lemon-boost,can,330ml,0.4,33340
891,31/10/12,Larisa,39.63689,22.41761,137540,shop_5,lemon-boost,can,330ml,0.49,23629
976,30/11/12,Larisa,39.63689,22.41761,137540,shop_5,lemon-boost,can,330ml,0.62,14430
1063,31/12/12,Larisa,39.63689,22.41761,137540,shop_5,lemon-boost,can,330ml,0.38,34287
1699,31/07/13,Larisa,39.63689,22.41761,139242,shop_5,lemon-boost,can,330ml,0.67,24045
1781,31/08/13,Larisa,39.63689,22.41761,139242,shop_5,lemon-boost,can,330ml,0.53,26068
1884,30/09/13,Larisa,39.63689,22.41761,139242,shop_5,lemon-boost,can,330ml,0.36,36876
1966,31/10/13,Larisa,39.63689,22.41761,139242,shop_5,lemon-boost,can,330ml,0.58,19368
2051,30/11/13,Larisa,39.63689,22.41761,139242,shop_5,lemon-boost,can,330ml,0.66,13304
2158,31/12/13,Larisa,39.63689,22.41761,139242,shop_5,lemon-boost,can,330ml,0.57,22577
2774,31/07/14,Larisa,39.63689,22.41761,140563,shop_5,lemon-boost,can,330ml,0.48,42622
2862,31/08/14,Larisa,39.63689,22.41761,140563,shop_5,lemon-boost,can,330ml,0.55,25365
2955,30/09/14,Larisa,39.63689,22.41761,140563,shop_5,lemon-boost,can,330ml,0.59,22510
3048,31/10/14,Larisa,39.63689,22.41761,140563,shop_5,lemon-boost,can,330ml,0.63,17349
3137,30/11/14,Larisa,39.63689,22.41761,140563,shop_5,lemon-boost,can,330ml,0.43,25075
3213,31/12/14,Larisa,39.63689,22.41761,140563,shop_5,lemon-boost,can,330ml,0.73,13698
3850,31/07/15,Larisa,39.63689,22.41761,141732,shop_5,lemon-boost,can,330ml,0.56,36528
3955,31/08/15,Larisa,39.63689,22.41761,141732,shop_5,lemon-boost,can,330ml,0.6,23234
4034,30/09/15,Larisa,39.63689,22.41761,141732,shop_5,lemon-boost,can,330ml,0.74,14139
4120,31/10/15,Larisa,39.63689,22.41761,141732,shop_5,lemon-boost,can,330ml,0.56,21894
4209,30/11/15,Larisa,39.63689,22.41761,141732,shop_5,lemon-boost,can,330ml,0.33,30236
4307,31/12/15,Larisa,39.63689,22.41761,141732,shop_5,lemon-boost,can,330ml,0.46,30952
4931,31/07/16,Larisa,39.63689,22.41761,142030,shop_5,lemon-boost,can,330ml,0.61,33164
5038,31/08/16,Larisa,39.63689,22.41761,142030,shop_5,lemon-boost,can,330ml,0.66,20528
5110,30/09/16,Larisa,39.63689,22.41761,142030,shop_5,lemon-boost,can,330ml,0.82,10577
5200,31/10/16,Larisa,39.63689,22.41761,142030,shop_5,lemon-boost,can,330ml,0.44,28701
5294,30/11/16,Larisa,39.63689,22.41761,142030,shop_5,lemon-boost,can,330ml,0.49,23143
5381,31/12/16,Larisa,39.63689,22.41761,142030,shop_5,lemon-boost,can,330ml,0.43,33493
6009,31/07/17,Larisa,39.63689,22.41761,144302,shop_5,lemon-boost,can,330ml,0.41,51169
6097,31/08/17,Larisa,39.63689,22.41761,144302,shop_5,lemon-boost,can,330ml,0.55,27942
6196,30/09/17,Larisa,39.63689,22.41761,144302,shop_5,lemon-boost,can,330ml,0.35,39232
6284,31/10/17,Larisa,39.63689,22.41761,144302,shop_5,lemon-boost,can,330ml,0.62,20200
6372,30/11/17,Larisa,39.63689,22.41761,144302,shop_5,lemon-boost,can,330ml,0.6,18862
6460,31/12/17,Larisa,39.63689,22.41761,144302,shop_5,lemon-boost,can,330ml,0.66,20543
