ML/data/halfyear.csv
id,date,city,lat,long,pop,shop,brand,container,capacity,price,quantity
620,31/07/12,Patra,38.24444,21.73444,164250,shop_6,kinder-cola,can,330ml,0.74,39130
652,31/08/12,Patra,38.24444,21.73444,164250,shop_6,kinder-cola,can,330ml,0.79,33723
747,30/09/12,Patra,38.24444,21.73444,164250,shop_6,kinder-cola,can,330ml,0.9,25115
838,31/10/12,Patra,38.24444,21.73444,164250,shop_6,kinder-cola,can,330ml,0.81,24774
928,30/11/12,Patra,38.24444,21.73444,164250,shop_6,kinder-cola,can,330ml,0.72,22321
1018,31/12/12,Patra,38.24444,21.73444,164250,shop_6,kinder-cola,can,330ml,0.61,30662
1709,31/07/13,Patra,38.24444,21.73444,166301,shop_6,kinder-cola,can,330ml,0.8,36733
1736,31/08/13,Patra,38.24444,21.73444,166301,shop_6,kinder-cola,can,330ml,0.7,40223
1826,30/09/13,Patra,38.24444,21.73444,166301,shop_6,kinder-cola,can,330ml,0.78,33413
1919,31/10/13,Patra,38.24444,21.73444,166301,shop_6,kinder-cola,can,330ml,0.72,29967
2005,30/11/13,Patra,38.24444,21.73444,166301,shop_6,kinder-cola,can,330ml,0.65,25484
2095,31/12/13,Patra,38.24444,21.73444,166301,shop_6,kinder-cola,can,330ml,0.61,31288
2781,31/07/14,Patra,38.24444,21.73444,167242,shop_6,kinder-cola,can,330ml,0.71,43443
2815,31/08/14,Patra,38.24444,21.73444,167242,shop_6,kinder-cola,can,330ml,0.75,38096
2907,30/09/14,Patra,38.24444,21.73444,167242,shop_6,kinder-cola,can,330ml,0.65,41896
2995,31/10/14,Patra,38.24444,21.73444,167242,shop_6,kinder-cola,can,330ml,0.84,25258
3086,30/11/14,Patra,38.24444,21.73444,167242,shop_6,kinder-cola,can,330ml,0.66,25687
3174,31/12/14,Patra,38.24444,21.73444,167242,shop_6,kinder-cola,can,330ml,0.68,28737
3807,31/07/15,Patra,38.24444,21.73444,167001,shop_6,kinder-cola,can,330ml,0.79,39113
3895,31/08/15,Patra,38.24444,21.73444,167001,shop_6,kinder-cola,can,330ml,0.87,31911
3988,30/09/15,Patra,38.24444,21.73444,167001,shop_6,kinder-cola,can,330ml,0.92,27162
4073,31/10/15,Patra,38.24444,21.73444,167001,shop_6,kinder-cola,can,330ml,0.8,28006
4167,30/11/15,Patra,38.24444,21.73444,167001,shop_6,kinder-cola,can,330ml,0.93,16447
4254,31/12/15,Patra,38.24444,21.73444,167001,shop_6,kinder-cola,can,330ml,0.83,23179
4885,31/07/16,Patra,38.24444,21.73444,168254,shop_6,kinder-cola,can,330ml,0.72,44585
4973,31/08/16,Patra,38.24444,21.73444,168254,shop_6,kinder-cola,can,330ml,0.66,45506
5111,30/09/16,Patra,38.24444,21.73444,168254,shop_6,kinder-cola,can,330ml,0.78,36340
5157,31/10/16,Patra,38.24444,21.73444,168254,shop_6,kinder-cola,can,330ml,0.79,29321
5249,30/11/16,Patra,38.24444,21.73444,168254,shop_6,kinder-cola,can,330ml,0.78,22332
5337,31/12/16,Patra,38.24444,21.73444,168254,shop_6,kinder-cola,can,330ml,0.73,28166
6018,31/07/17,Patra,38.24444,21.73444,168501,shop_6,kinder-cola,can,330ml,0.78,42216
6054,31/08/17,Patra,38.24444,21.73444,168501,shop_6,kinder-cola,can,330ml,0.63,48111
6148,30/09/17,Patra,38.24444,21.73444,168501,shop_6,kinder-cola,can,330ml,0.66,44023
6238,31/10/17,Patra,38.24444,21.73444,168501,shop_6,kinder-cola,can,330ml,0.76,31055
6325,30/11/17,Patra,38.24444,21.73444,168501,shop_6,kinder-cola,can,330ml,0.71,25286
6416,31/12/17,Patra,38.24444,21.73444,168501,shop_6,kinder-cola,can,330ml,1.04,16258
621,31/07/12,Athens,37.96245,23.68708,672130,shop_3,kinder-cola,glass,500ml,1.19,17037
675,31/08/12,Athens,37.96245,23.68708,672130,shop_3,kinder-cola,glass,500ml,1.19,15223
772,30/09/12,Athens,37.96245,23.68708,672130,shop_3,kinder-cola,glass,500ml,1.36,9964
865,31/10/12,Athens,37.96245,23.68708,672130,shop_3,kinder-cola,glass,500ml,1.49,6713
952,30/11/12,Athens,37.96245,23.68708,672130,shop_3,kinder-cola,glass,500ml,1.38,7396
1040,31/12/12,Athens,37.96245,23.68708,672130,shop_3,kinder-cola,glass,500ml,1.19,9070
1670,31/07/13,Athens,37.96245,23.68708,671022,shop_3,kinder-cola,glass,500ml,1.56,10828
1790,31/08/13,Athens,37.96245,23.68708,671022,shop_3,kinder-cola,glass,500ml,1.32,13525
1852,30/09/13,Athens,37.96245,23.68708,671022,shop_3,kinder-cola,glass,500ml,1.35,10491
1967,31/10/13,Athens,37.96245,23.68708,671022,shop_3,kinder-cola,glass,500ml,1.83,3460
2055,30/11/13,Athens,37.96245,23.68708,671022,shop_3,kinder-cola,glass,500ml,1.1,10448
2155,31/12/13,Athens,37.96245,23.68708,671022,shop_3,kinder-cola,glass,500ml,1.45,6730
2748,31/07/14,Athens,37.96245,23.68708,668203,shop_3,kinder-cola,glass,500ml,1.73,8426
2837,31/08/14,Athens,37.96245,23.68708,668203,shop_3,kinder-cola,glass,500ml,1.11,17318
2932,30/09/14,Athens,37.96245,23.68708,668203,shop_3,kinder-cola,glass,500ml,0.95,16061
3022,31/10/14,Athens,37.96245,23.68708,668203,shop_3,kinder-cola,glass,500ml,1.28,9660
3113,30/11/14,Athens,37.96245,23.68708,668203,shop_3,kinder-cola,glass,500ml,1.23,9486
3195,31/12/14,Athens,37.96245,23.68708,668203,shop_3,kinder-cola,glass,500ml,1.47,6889
3865,31/07/15,Athens,37.96245,23.68708,667237,shop_3,kinder-cola,glass,500ml,1.69,9724
3944,31/08/15,Athens,37.96245,23.68708,667237,shop_3,kinder-cola,glass,500ml,0.9,20987
4011,30/09/15,Athens,37.96245,23.68708,667237,shop_3,kinder-cola,glass,500ml,1.67,7210
4097,31/10/15,Athens,37.96245,23.68708,667237,shop_3,kinder-cola,glass,500ml,0.78,15101
4187,30/11/15,Athens,37.96245,23.68708,667237,shop_3,kinder-cola,glass,500ml,0.95,12417
4318,31/12/15,Athens,37.96245,23.68708,667237,shop_3,kinder-cola,glass,500ml,0.9,12446
4908,31/07/16,Athens,37.96245,23.68708,665102,shop_3,kinder-cola,glass,500ml,0.97,22632
5027,31/08/16,Athens,37.96245,23.68708,665102,shop_3,kinder-cola,glass,500ml,1.52,11792
5085,30/09/16,Athens,37.96245,23.68708,665102,shop_3,kinder-cola,glass,500ml,1.31,12071
5178,31/10/16,Athens,37.96245,23.68708,665102,shop_3,kinder-cola,glass,500ml,0.72,15952
5271,30/11/16,Athens,37.96245,23.68708,665102,shop_3,kinder-cola,glass,500ml,0.97,12416
5361,31/12/16,Athens,37.96245,23.68708,665102,shop_3,kinder-cola,glass,500ml,0.81,13495
5985,31/07/17,Athens,37.96245,23.68708,665871,shop_3,kinder-cola,glass,500ml,1.03,22051
6107,31/08/17,Athens,37.96245,23.68708,665871,shop_3,kinder-cola,glass,500ml,1.42,13816
6172,30/09/17,Athens,37.96245,23.68708,665871,shop_3,kinder-cola,glass,500ml,1.17,14093
6260,31/10/17,Athens,37.96245,23.68708,665871,shop_3,kinder-cola,glass,500ml,1.55,7860
6347,30/11/17,Athens,37.96245,23.68708,665871,shop_3,kinder-cola,glass,500ml,1.47,7961
6437,31/12/17,Athens,37.96245,23.68708,665871,shop_3,kinder-cola,glass,500ml,1.71,5599
622,31/07/12,Athens,37.97945,23.71622,672130,shop_1,adult-cola,glass,500ml,1.19,22719
631,31/08/12,Athens,37.97945,23.71622,672130,shop_1,adult-cola,glass,500ml,1.34,17626
723,30/09/12,Athens,37.97945,23.71622,672130,shop_1,adult-cola,glass,500ml,0.92,27890
813,31/10/12,Athens,37.97945,23.71622,672130,shop_1,adult-cola,glass,500ml,1.35,13165
903,30/11/12,Athens,37.97945,23.71622,672130,shop_1,adult-cola,glass,500ml,1.25,15155
992,31/12/12,Athens,37.97945,23.71622,672130,shop_1,adult-cola,glass,500ml,1.03,22107
1621,31/07/13,Athens,37.97945,23.71622,671022,shop_1,adult-cola,glass,500ml,1.12,26031
1711,31/08/13,Athens,37.97945,23.71622,671022,shop_1,adult-cola,glass,500ml,1.11,27353
1803,30/09/13,Athens,37.97945,23.71622,671022,shop_1,adult-cola,glass,500ml,1.25,18468
1892,31/10/13,Athens,37.97945,23.71622,671022,shop_1,adult-cola,glass,500ml,1.32,14768
1982,30/11/13,Athens,37.97945,23.71622,671022,shop_1,adult-cola,glass,500ml,1.2,17394
2149,31/12/13,Athens,37.97945,23.71622,671022,shop_1,adult-cola,glass,500ml,0.85,27864
2703,31/07/14,Athens,37.97945,23.71622,668203,shop_1,adult-cola,glass,500ml,1.28,21410
2866,31/08/14,Athens,37.97945,23.71622,668203,shop_1,adult-cola,glass,500ml,1.05,30370
2882,30/09/14,Athens,37.97945,23.71622,668203,shop_1,adult-cola,glass,500ml,1.07,24582
2972,31/10/14,Athens,37.97945,23.71622,668203,shop_1,adult-cola,glass,500ml,1.13,21027
3062,30/11/14,Athens,37.97945,23.71622,668203,shop_1,adult-cola,glass,500ml,1.08,21034
3222,31/12/14,Athens,37.97945,23.71622,668203,shop_1,adult-cola,glass,500ml,1.22,18201
3783,31/07/15,Athens,37.97945,23.71622,667237,shop_1,adult-cola,glass,500ml,0.82,38276
3873,31/08/15,Athens,37.97945,23.71622,667237,shop_1,adult-cola,glass,500ml,0.56,48911
4045,30/09/15,Athens,37.97945,23.71622,667237,shop_1,adult-cola,glass,500ml,1.29,18900
4053,31/10/15,Athens,37.97945,23.71622,667237,shop_1,adult-cola,glass,500ml,0.87,28792
4142,30/11/15,Athens,37.97945,23.71622,667237,shop_1,adult-cola,glass,500ml,1.3,15979
4317,31/12/15,Athens,37.97945,23.71622,667237,shop_1,adult-cola,glass,500ml,1.14,20969
4863,31/07/16,Athens,37.97945,23.71622,665102,shop_1,adult-cola,glass,500ml,0.98,33449
4951,31/08/16,Athens,,,665102,shop_1,adult-cola,glass,500ml,1.43,18676
5123,30/09/16,Athens,37.97945,23.71622,665102,shop_1,adult-cola,glass,500ml,0.98,28646
5133,31/10/16,Athens,37.97945,23.71622,665102,shop_1,adult-cola,glass,500ml,1.18,20842
5223,30/11/16,Athens,37.97945,23.71622,665102,shop_1,adult-cola,glass,500ml,0.86,27985
5313,31/12/16,Athens,37.97945,23.71622,665102,shop_1,adult-cola,glass,500ml,1.4,14816
5943,31/07/17,Athens,37.97945,23.71622,665871,shop_1,adult-cola,glass,500ml,1.04,31933
6031,31/08/17,Athens,37.97945,23.71622,665871,shop_1,adult-cola,glass,500ml,1.37,21913
6121,30/09/17,Athens,37.97945,23.71622,665871,shop_1,adult-cola,glass,500ml,1.18,23405
6213,31/10/17,Athens,37.97945,23.71622,665871,shop_1,adult-cola,glass,500ml,0.95,27577
6302,30/11/17,Athens,37.97945,23.71622,665871,shop_1,adult-cola,glass,500ml,1.5,12491
6393,31/12/17,Athens,37.97945,23.71622,665871,shop_1,adult-cola,glass,500ml,1.15,22083
623,31/07/12,Irakleion,35.32787,25.14341,134219,shop_2,lemon-boost,can,330ml,0.59,36183
649,31/08/12,Irakleion,35.32787,25.14341,134219,shop_2,lemon-boost,can,330ml,0.54,36465
745,30/09/12,Irakleion,35.32787,25.14341,134219,shop_2,lemon-boost,can,330ml,0.62,19367
836,31/10/12,Irakleion,35.32787,25.14341,134219,shop_2,lemon-boost,can,330ml,0.62,20537
977,30/11/12,Irakleion,35.32787,25.14341,134219,shop_2,lemon-boost,can,330ml,0.51,26126
1015,31/12/12,Irakleion,35.32787,25.14341,134219,shop_2,lemon-boost,can,330ml,0.59,27776
1697,31/07/13,Irakleion,35.32787,25.14341,135432,shop_2,lemon-boost,can,330ml,0.53,44346
1733,31/08/13,Irakleion,35.32787,25.14341,135432,shop_2,lemon-boost,can,330ml,0.65,26811
1823,30/09/13,Irakleion,35.32787,25.14341,135432,shop_2,lemon-boost,can,330ml,0.28,42573
1916,31/10/13,Irakleion,35.32787,25.14341,135432,shop_2,lemon-boost,can,330ml,0.5,29863
2002,30/11/13,Irakleion,35.32787,25.14341,135432,shop_2,lemon-boost,can,330ml,0.42,32649
2092,31/12/13,Irakleion,35.32787,25.14341,135432,shop_2,lemon-boost,can,330ml,0.63,25378
2724,31/07/14,Irakleion,35.32787,25.14341,136202,shop_2,lemon-boost,can,330ml,0.63,34533
2813,31/08/14,Irakleion,35.32787,25.14341,136202,shop_2,lemon-boost,can,330ml,0.57,35518
2904,30/09/14,Irakleion,35.32787,25.14341,136202,shop_2,lemon-boost,can,330ml,0.6,22596
2992,31/10/14,Irakleion,35.32787,25.14341,136202,shop_2,lemon-boost,can,330ml,0.52,29085
3083,30/11/14,Irakleion,35.32787,25.14341,136202,shop_2,lemon-boost,can,330ml,0.71,15083
3171,31/12/14,Irakleion,35.32787,25.14341,136202,shop_2,lemon-boost,can,330ml,0.46,40565
3804,31/07/15,Irakleion,35.32787,25.14341,138560,shop_2,lemon-boost,can,330ml,0.33,67979
3892,31/08/15,Irakleion,35.32787,25.14341,138560,shop_2,lemon-boost,can,330ml,0.55,38612
3985,30/09/15,Irakleion,35.32787,25.14341,138560,shop_2,lemon-boost,can,330ml,0.6,23303
4121,31/10/15,Irakleion,35.32787,25.14341,138560,shop_2,lemon-boost,can,330ml,0.64,22064
4164,30/11/15,Irakleion,35.32787,25.14341,138560,shop_2,lemon-boost,can,330ml,0.46,31123
4251,31/12/15,Irakleion,35.32787,25.14341,138560,shop_2,lemon-boost,can,330ml,0.4,46204
4948,31/07/16,Irakleion,35.32787,25.14341,137302,shop_2,lemon-boost,can,330ml,0.6,41353
4970,31/08/16,Irakleion,35.32787,25.14341,137302,shop_2,lemon-boost,can,330ml,0.58,37002
5060,30/09/16,Irakleion,35.32787,25.14341,137302,shop_2,lemon-boost,can,330ml,0.58,25509
5154,31/10/16,Irakleion,35.32787,25.14341,137302,shop_2,lemon-boost,can,330ml,0.48,33083
5247,30/11/16,Irakleion,35.32787,25.14341,137302,shop_2,lemon-boost,can,330ml,0.58,24504
5334,31/12/16,Irakleion,35.32787,25.14341,137302,shop_2,lemon-boost,can,330ml,0.52,37285
5964,31/07/17,Irakleion,35.32787,25.14341,138200,shop_2,lemon-boost,can,330ml,0.67,35034
6051,31/08/17,Irakleion,35.32787,25.14341,138200,shop_2,lemon-boost,can,330ml,0.58,38350
6205,30/09/17,Irakleion,35.32787,25.14341,138200,shop_2,lemon-boost,can,330ml,0.56,26896
6235,31/10/17,Irakleion,35.32787,25.14341,138200,shop_2,lemon-boost,can,330ml,0.55,29669
6379,30/11/17,Irakleion,35.32787,25.14341,138200,shop_2,lemon-boost,can,330ml,0.64,22075
6468,31/12/17,Irakleion,35.32787,25.14341,138200,shop_2,lemon-boost,can,330ml,0.65,28151
624,31/07/12,Irakleion,35.32787,25.14341,134219,shop_2,kinder-cola,glass,500ml,1.25,25261
638,31/08/12,Irakleion,35.32787,25.14341,134219,shop_2,kinder-cola,glass,500ml,1.3,17352
734,30/09/12,Irakleion,35.32787,25.14341,134219,shop_2,kinder-cola,glass,500ml,1.08,18163
823,31/10/12,Irakleion,35.32787,25.14341,134219,shop_2,kinder-cola,glass,500ml,1.1,16483
913,30/11/12,Irakleion,35.32787,25.14341,134219,shop_2,kinder-cola,glass,500ml,1.18,17534
1003,31/12/12,Irakleion,35.32787,25.14341,134219,shop_2,kinder-cola,glass,500ml,1.05,20746
1629,31/07/13,Irakleion,35.32787,25.14341,135432,shop_2,kinder-cola,glass,500ml,1.14,29287
1722,31/08/13,Irakleion,35.32787,25.14341,135432,shop_2,kinder-cola,glass,500ml,1.26,18761
1811,30/09/13,Irakleion,35.32787,25.14341,135432,shop_2,kinder-cola,glass,500ml,1.22,16191
1902,31/10/13,Irakleion,35.32787,25.14341,135432,shop_2,kinder-cola,glass,500ml,1.25,14583
2063,30/11/13,Irakleion,35.32787,25.14341,135432,shop_2,kinder-cola,glass,500ml,1.46,12851
2081,31/12/13,Irakleion,35.32787,25.14341,135432,shop_2,kinder-cola,glass,500ml,1.5,12571
2712,31/07/14,Irakleion,35.32787,25.14341,136202,shop_2,kinder-cola,glass,500ml,1.33,24579
2801,31/08/14,Irakleion,35.32787,25.14341,136202,shop_2,kinder-cola,glass,500ml,1.15,21652
2892,30/09/14,Irakleion,35.32787,25.14341,136202,shop_2,kinder-cola,glass,500ml,1.3,15171
2983,31/10/14,Irakleion,35.32787,25.14341,136202,shop_2,kinder-cola,glass,500ml,1.48,11369
3070,30/11/14,Irakleion,35.32787,25.14341,136202,shop_2,kinder-cola,glass,500ml,1.37,15034
3161,31/12/14,Irakleion,35.32787,25.14341,136202,shop_2,kinder-cola,glass,500ml,0.92,24031
3853,31/07/15,Irakleion,35.32787,25.14341,138560,shop_2,kinder-cola,glass,500ml,1.07,32664
3883,31/08/15,Irakleion,35.32787,25.14341,138560,shop_2,kinder-cola,glass,500ml,1.27,19581
3971,30/09/15,Irakleion,35.32787,25.14341,138560,shop_2,kinder-cola,glass,500ml,1.19,17525
4129,31/10/15,Irakleion,35.32787,25.14341,138560,shop_2,kinder-cola,glass,500ml,0.94,20111
4150,30/11/15,Irakleion,35.32787,25.14341,138560,shop_2,kinder-cola,glass,500ml,1.49,13479
4312,31/12/15,Irakleion,35.32787,25.14341,138560,shop_2,kinder-cola,glass,500ml,1.26,18240
4938,31/07/16,Irakleion,35.32787,25.14341,137302,shop_2,kinder-cola,glass,500ml,1.47,22445
4959,31/08/16,Irakleion,35.32787,25.14341,137302,shop_2,kinder-cola,glass,500ml,1.4,17657
5128,30/09/16,Irakleion,35.32787,25.14341,137302,shop_2,kinder-cola,glass,500ml,1.26,16850
5235,30/11/16,Irakleion,35.32787,25.14341,137302,shop_2,kinder-cola,glass,500ml,1.3,17249
5324,31/12/16,Irakleion,35.32787,25.14341,137302,shop_2,kinder-cola,glass,500ml,1.42,15804
5953,31/07/17,Irakleion,35.32787,25.14341,138200,shop_2,kinder-cola,glass,500ml,1.31,27609
6042,31/08/17,Irakleion,35.32787,25.14341,138200,shop_2,kinder-cola,glass,500ml,1.28,20504
6133,30/09/17,Irakleion,35.32787,25.14341,138200,shop_2,kinder-cola,glass,500ml,1.75,9441
6297,31/10/17,Irakleion,35.32787,25.14341,138200,shop_2,kinder-cola,glass,500ml,1.76,8507
6381,30/11/17,Irakleion,35.32787,25.14341,138200,shop_2,kinder-cola,glass,500ml,1.01,22734
6403,31/12/17,Irakleion,35.32787,25.14341,138200,shop_2,kinder-cola,glass,500ml,1.55,14022
