ML/data/halfyear.csv
id,date,city,lat,long,pop,shop,brand,container,capacity,price,quantity
625,31/07/12,Patra,38.24444,21.73444,164250,shop_6,gazoza,can,330ml,0.22,142857
659,31/08/12,Patra,38.24444,21.73444,164250,shop_6,gazoza,can,330ml,0.3,100600
754,30/09/12,Patra,38.24444,21.73444,164250,shop_6,gazoza,can,330ml,0.24,117297
847,31/10/12,Patra,38.24444,21.73444,164250,shop_6,gazoza,can,330ml,0.27,81654
937,30/11/12,Patra,38.24444,21.73444,164250,shop_6,gazoza,can,330ml,0.29,76563
1024,31/12/12,Patra,38.24444,21.73444,164250,shop_6,gazoza,can,330ml,0.25,91445
1651,31/07/13,Patra,38.24444,21.73444,166301,shop_6,gazoza,can,330ml,0.34,87663
1742,31/08/13,Patra,38.24444,21.73444,166301,shop_6,gazoza,can,330ml,0.3,104027
1833,30/09/13,Patra,38.24444,21.73444,166301,shop_6,gazoza,can,330ml,0.33,81903
1924,31/10/13,Patra,38.24444,21.73444,166301,shop_6,gazoza,can,330ml,0.31,72980
2066,30/11/13,Patra,38.24444,21.73444,166301,shop_6,gazoza,can,330ml,0.33,64882
2104,31/12/13,Patra,38.24444,21.73444,166301,shop_6,gazoza,can,330ml,0.36,57095
2734,31/07/14,Patra,38.24444,21.73444,167242,shop_6,gazoza,can,330ml,0.35,85122
2821,31/08/14,Patra,38.24444,21.73444,167242,shop_6,gazoza,can,330ml,0.27,119725
2914,30/09/14,Patra,38.24444,21.73444,167242,shop_6,gazoza,can,330ml,0.33,84881
3004,31/10/14,Patra,38.24444,21.73444,167242,shop_6,gazoza,can,330ml,0.29,78579
3095,30/11/14,Patra,38.24444,21.73444,167242,shop_6,gazoza,can,330ml,0.32,70913
3180,31/12/14,Patra,38.24444,21.73444,167242,shop_6,gazoza,can,330ml,0.33,69618
3814,31/07/15,Patra,38.24444,21.73444,167001,shop_6,gazoza,can,330ml,0.34,92806
3903,31/08/15,Patra,38.24444,21.73444,167001,shop_6,gazoza,can,330ml,0.39,69500
3997,30/09/15,Patra,38.24444,21.73444,167001,shop_6,gazoza,can,330ml,0.37,71289
4131,31/10/15,Patra,38.24444,21.73444,167001,shop_6,gazoza,can,330ml,0.35,63309
4174,30/11/15,Patra,38.24444,21.73444,167001,shop_6,gazoza,can,330ml,0.39,49780
4263,31/12/15,Patra,38.24444,21.73444,167001,shop_6,gazoza,can,330ml,0.34,68817
4891,31/07/16,Patra,38.24444,21.73444,168254,shop_6,gazoza,can,330ml,0.42,62864
4980,31/08/16,Patra,38.24444,21.73444,168254,shop_6,gazoza,can,330ml,0.41,67679
5069,30/09/16,Patra,38.24444,21.73444,168254,shop_6,gazoza,can,330ml,0.36,76293
5165,31/10/16,Patra,38.24444,21.73444,168254,shop_6,gazoza,can,330ml,0.43,42251
5305,30/11/16,Patra,38.24444,21.73444,168254,shop_6,gazoza,can,330ml,0.35,64768
5345,31/12/16,Patra,38.24444,21.73444,168254,shop_6,gazoza,can,330ml,0.33,72802
5972,31/07/17,Patra,38.24444,21.73444,168501,shop_6,gazoza,can,330ml,0.3,116770
6061,31/08/17,Patra,38.24444,21.73444,168501,shop_6,gazoza,can,330ml,0.31,113486
6157,30/09/17,Patra,38.24444,21.73444,168501,shop_6,gazoza,can,330ml,0.34,87738
6247,31/10/17,Patra,38.24444,21.73444,168501,shop_6,gazoza,can,330ml,0.39,56743
6375,30/11/17,Patra,38.24444,21.73444,168501,shop_6,gazoza,can,330ml,0.36,62431
6422,31/12/17,Patra,38.24444,21.73444,168501,shop_6,gazoza,can,330ml,0.34,74358
626,31/07/12,Athens,37.96245,23.68708,672130,shop_3,kinder-cola,can,330ml,0.58,27125
677,31/08/12,Athens,37.96245,23.68708,672130,shop_3,kinder-cola,can,330ml,0.66,20328
773,30/09/12,Athens,37.96245,23.68708,672130,shop_3,kinder-cola,can,330ml,0.77,14054
867,31/10/12,Athens,37.96245,23.68708,672130,shop_3,kinder-cola,can,330ml,0.92,7377
954,30/11/12,Athens,37.96245,23.68708,672130,shop_3,kinder-cola,can,330ml,0.9,7746
1064,31/12/12,Athens,37.96245,23.68708,672130,shop_3,kinder-cola,can,330ml,0.94,7603
1671,31/07/13,Athens,37.96245,23.68708,671022,shop_3,kinder-cola,can,330ml,0.82,18702
1758,31/08/13,Athens,37.96245,23.68708,671022,shop_3,kinder-cola,can,330ml,0.7,19500
1854,30/09/13,Athens,37.96245,23.68708,671022,shop_3,kinder-cola,can,330ml,0.97,9369
1941,31/10/13,Athens,37.96245,23.68708,671022,shop_3,kinder-cola,can,330ml,0.82,9639
2030,30/11/13,Athens,37.96245,23.68708,671022,shop_3,kinder-cola,can,330ml,1.02,5931
2122,31/12/13,Athens,37.96245,23.68708,671022,shop_3,kinder-cola,can,330ml,0.54,15937
2750,31/07/14,Athens,37.96245,23.68708,668203,shop_3,kinder-cola,can,330ml,0.76,21800
2839,31/08/14,Athens,37.96245,23.68708,668203,shop_3,kinder-cola,can,330ml,0.86,15233
2967,30/09/14,Athens,37.96245,23.68708,668203,shop_3,kinder-cola,can,330ml,0.66,17795
3024,31/10/14,Athens,37.96245,23.68708,668203,shop_3,kinder-cola,can,330ml,0.48,16115
3115,30/11/14,Athens,37.96245,23.68708,668203,shop_3,kinder-cola,can,330ml,0.93,7867
3197,31/12/14,Athens,37.96245,23.68708,668203,shop_3,kinder-cola,can,330ml,0.7,13025
3830,31/07/15,Athens,37.96245,23.68708,667237,shop_3,kinder-cola,can,330ml,0.89,17781
3921,31/08/15,Athens,37.96245,23.68708,667237,shop_3,kinder-cola,can,330ml,0.62,22990
4012,30/09/15,Athens,37.96245,23.68708,667237,shop_3,kinder-cola,can,330ml,0.79,14973
4127,31/10/15,Athens,37.96245,23.68708,667237,shop_3,kinder-cola,can,330ml,0.65,13344
4189,30/11/15,Athens,37.96245,23.68708,667237,shop_3,kinder-cola,can,330ml,0.64,13289
4282,31/12/15,Athens,37.96245,23.68708,667237,shop_3,kinder-cola,can,330ml,0.77,12053
4949,31/07/16,Athens,37.96245,23.68708,665102,shop_3,kinder-cola,can,330ml,0.79,21857
4999,31/08/16,Athens,37.96245,23.68708,665102,shop_3,kinder-cola,can,330ml,0.9,15108
5087,30/09/16,Athens,37.96245,23.68708,665102,shop_3,kinder-cola,can,330ml,0.77,15656
5180,31/10/16,Athens,37.96245,23.68708,665102,shop_3,kinder-cola,can,330ml,0.96,8218
5273,30/11/16,Athens,37.96245,23.68708,665102,shop_3,kinder-cola,can,330ml,0.72,12199
5363,31/12/16,Athens,37.96245,23.68708,665102,shop_3,kinder-cola,can,330ml,0.96,8801
5987,31/07/17,Athens,,23.68708,665871,shop_3,kinder-cola,can,330ml,0.74,23998
6113,31/08/17,Athens,37.96245,23.68708,665871,shop_3,kinder-cola,can,330ml,0.88,16189
6174,30/09/17,Athens,37.96245,23.68708,665871,shop_3,kinder-cola,can,330ml,0.61,19822
6262,31/10/17,Athens,37.96245,23.68708,665871,shop_3,kinder-cola,can,330ml,0.74,12176
6349,30/11/17,Athens,37.96245,23.68708,665871,shop_3,kinder-cola,can,330ml,0.35,18716
6439,31/12/17,Athens,37.96245,23.68708,665871,shop_3,kinder-cola,can,330ml,0.97,8832
627,31/07/12,Athens,37.97945,23.71622,672130,shop_1,orange-power,plastic,1.5lt,1.72,26962
634,31/08/12,Athens,37.97945,23.71622,672130,shop_1,orange-power,plastic,1.5lt,1.39,32985
726,30/09/12,Athens,37.97945,23.71622,672130,shop_1,orange-power,plastic,1.5lt,2.1,17593
816,31/10/12,Athens,37.97945,23.71622,672130,shop_1,orange-power,plastic,1.5lt,2.08,14903
907,30/11/12,Athens,37.97945,23.71622,672130,shop_1,orange-power,plastic,1.5lt,1.43,21181
995,31/12/12,Athens,37.97945,23.71622,672130,shop_1,orange-power,plastic,1.5lt,1.53,21664
1705,31/07/13,Athens,37.97945,23.71622,671022,shop_1,orange-power,plastic,1.5lt,2.1,20337
1715,31/08/13,Athens,37.97945,23.71622,671022,shop_1,orange-power,plastic,1.5lt,2.3,16387
1807,30/09/13,Athens,37.97945,23.71622,671022,shop_1,orange-power,plastic,1.5lt,1.58,27398
1896,31/10/13,Athens,37.97945,23.71622,671022,shop_1,orange-power,plastic,1.5lt,1.85,18825
1985,30/11/13,Athens,37.97945,23.71622,671022,shop_1,orange-power,plastic,1.5lt,1.94,15291
2075,31/12/13,Athens,37.97945,,671022,shop_1,orange-power,plastic,1.5lt,0.95,29952
2705,31/07/14,Athens,37.97945,23.71622,668203,shop_1,orange-power,plastic,1.5lt,1.81,26577
2793,31/08/14,Athens,37.97945,23.71622,668203,shop_1,orange-power,plastic,1.5lt,1.66,29176
2886,30/09/14,Athens,37.97945,23.71622,668203,shop_1,orange-power,plastic,1.5lt,1.94,21798
2975,31/10/14,Athens,37.97945,23.71622,668203,shop_1,orange-power,plastic,1.5lt,0.81,33889
3141,30/11/14,Athens,37.97945,23.71622,668203,shop_1,orange-power,plastic,1.5lt,1.65,19306
3155,31/12/14,Athens,37.97945,23.71622,668203,shop_1,orange-power,plastic,1.5lt,1.51,22813
3786,31/07/15,Athens,37.97945,23.71622,667237,shop_1,orange-power,plastic,1.5lt,0.32,54488
3875,31/08/15,Athens,37.97945,23.71622,667237,shop_1,orange-power,plastic,1.5lt,1.38,34732
3965,30/09/15,Athens,37.97945,23.71622,667237,shop_1,orange-power,plastic,1.5lt,1.17,35231
4057,31/10/15,Athens,37.97945,23.71622,667237,shop_1,orange-power,plastic,1.5lt,1.79,20771
4220,30/11/15,Athens,37.97945,23.71622,667237,shop_1,orange-power,plastic,1.5lt,1.84,17450
4235,31/12/15,Athens,37.97945,23.71622,667237,shop_1,orange-power,plastic,1.5lt,1.93,17867
4867,31/07/16,Athens,37.97945,23.71622,665102,shop_1,orange-power,plastic,1.5lt,1.42,35061
4955,31/08/16,Athens,37.97945,23.71622,665102,shop_1,orange-power,plastic,1.5lt,2.09,22754
5045,30/09/16,Athens,37.97945,23.71622,665102,shop_1,orange-power,plastic,1.5lt,2.26,18027
5136,31/10/16,Athens,37.97945,23.71622,665102,shop_1,orange-power,plastic,1.5lt,1.08,30711
5227,30/11/16,Athens,37.97945,23.71622,665102,shop_1,orange-power,plastic,1.5lt,1.52,21644
5317,31/12/16,Athens,37.97945,23.71622,665102,shop_1,orange-power,plastic,1.5lt,2.2,14954
5947,31/07/17,Athens,37.97945,23.71622,665871,shop_1,orange-power,plastic,1.5lt,2.42,17998
6034,31/08/17,Athens,37.97945,23.71622,665871,shop_1,orange-power,plastic,1.5lt,1.83,28081
6125,30/09/17,Athens,37.97945,23.71622,665871,shop_1,orange-power,plastic,1.5lt,1.71,27436
6216,31/10/17,Athens,37.97945,23.71622,665871,shop_1,orange-power,plastic,1.5lt,1.92,20024
6306,30/11/17,Athens,37.97945,23.71622,665871,shop_1,orange-power,plastic,1.5lt,2.17,14528
6397,31/12/17,Athens,37.97945,23.71622,665871,shop_1,orange-power,plastic,1.5lt,1.73,21273
628,31/07/12,Athens,37.96245,23.68708,672130,shop_3,orange-power,plastic,1.5lt,1.7,33843
681,31/08/12,Athens,37.96245,23.68708,672130,shop_3,orange-power,plastic,1.5lt,2.04,14585
778,30/09/12,Athens,37.96245,23.68708,672130,shop_3,orange-power,plastic,1.5lt,1.38,22176
872,31/10/12,Athens,37.96245,23.68708,672130,shop_3,orange-power,plastic,1.5lt,1.67,15145
959,30/11/12,Athens,37.96245,23.68708,672130,shop_3,orange-power,plastic,1.5lt,1.95,11883
1044,31/12/12,Athens,37.96245,23.68708,672130,shop_3,orange-power,plastic,1.5lt,1.68,21555
1675,31/07/13,Athens,37.96245,23.68708,671022,shop_3,orange-power,plastic,1.5lt,1.75,33606
1762,31/08/13,Athens,37.96245,23.68708,671022,shop_3,orange-power,plastic,1.5lt,1.54,21946
1858,30/09/13,Athens,37.96245,23.68708,671022,shop_3,orange-power,plastic,1.5lt,1.51,20973
1946,31/10/13,Athens,37.96245,23.68708,671022,shop_3,orange-power,plastic,1.5lt,0.57,26947
2035,30/11/13,Athens,37.96245,23.68708,671022,shop_3,orange-power,plastic,1.5lt,2.38,8028
2127,31/12/13,Athens,37.96245,23.68708,671022,shop_3,orange-power,plastic,1.5lt,1.81,20278
2754,31/07/14,Athens,37.96245,23.68708,668203,shop_3,orange-power,plastic,1.5lt,1,51922
2876,31/08/14,Athens,37.96245,23.68708,668203,shop_3,orange-power,plastic,1.5lt,1.63,21298
2962,30/09/14,Athens,37.96245,23.68708,668203,shop_3,orange-power,plastic,1.5lt,1.5,21439
3029,31/10/14,Athens,37.96245,23.68708,668203,shop_3,orange-power,plastic,1.5lt,1.46,18066
3120,30/11/14,Athens,37.96245,23.68708,668203,shop_3,orange-power,plastic,1.5lt,1.58,16484
3200,31/12/14,Athens,37.96245,23.68708,668203,shop_3,orange-power,plastic,1.5lt,2.06,17235
3833,31/07/15,Athens,37.96245,23.68708,667237,shop_3,orange-power,plastic,1.5lt,1.89,32117
3926,31/08/15,Athens,37.96245,23.68708,667237,shop_3,orange-power,plastic,1.5lt,1.22,26980
4016,30/09/15,Athens,37.96245,23.68708,667237,shop_3,orange-power,plastic,1.5lt,1.98,15994
4103,31/10/15,Athens,37.96245,23.68708,667237,shop_3,orange-power,plastic,1.5lt,1.99,13113
4192,30/11/15,Athens,37.96245,23.68708,667237,shop_3,orange-power,plastic,1.5lt,1.53,17293
4287,31/12/15,Athens,37.96245,23.68708,667237,shop_3,orange-power,plastic,1.5lt,1.04,32389
4913,31/07/16,Athens,37.96245,23.68708,665102,shop_3,orange-power,plastic,1.5lt,1.7,37197
5004,31/08/16,Athens,37.96245,23.68708,665102,shop_3,orange-power,plastic,1.5lt,1.97,17791
5091,30/09/16,Athens,37.96245,23.68708,665102,shop_3,orange-power,plastic,1.5lt,2.02,16067
5183,31/10/16,Athens,37.96245,23.68708,665102,shop_3,orange-power,plastic,1.5lt,1.97,13659
5278,30/11/16,Athens,,,665102,shop_3,orange-power,plastic,1.5lt,0.92,23358
5366,31/12/16,Athens,37.96245,23.68708,665102,shop_3,orange-power,plastic,1.5lt,2.02,18953
6023,31/07/17,Athens,37.96245,23.68708,665871,shop_3,orange-power,plastic,1.5lt,1.83,35283
6101,31/08/17,Athens,37.96245,23.68708,665871,shop_3,orange-power,plastic,1.5lt,1.89,19407
6203,30/09/17,Athens,37.96245,23.68708,665871,shop_3,orange-power,plastic,1.5lt,1.97,17099
6267,31/10/17,Athens,37.96245,23.68708,665871,shop_3,orange-power,plastic,1.5lt,1.66,17022
6353,30/11/17,Athens,37.96245,23.68708,665871,shop_3,orange-power,plastic,1.5lt,2.13,12256
6475,31/12/17,Athens,37.96245,23.68708,665871,shop_3,orange-power,plastic,1.5lt,1.02,33201
629,31/07/12,Athens,37.96245,23.68708,672130,shop_3,adult-cola,can,330ml,0.75,27085
711,31/08/12,Athens,37.96245,23.68708,672130,shop_3,adult-cola,can,330ml,0.72,22070
776,30/09/12,Athens,37.96245,23.68708,672130,shop_3,adult-cola,can,330ml,0.98,7251
870,31/10/12,Athens,37.96245,23.68708,672130,shop_3,adult-cola,can,330ml,0.7,17584
957,30/11/12,Athens,37.96245,23.68708,672130,shop_3,adult-cola,can,330ml,0.83,11914
1043,31/12/12,Athens,37.96245,23.68708,672130,shop_3,adult-cola,can,330ml,0.77,14590
1673,31/07/13,Athens,37.96245,23.68708,671022,shop_3,adult-cola,can,330ml,0.7,32210
1760,31/08/13,Athens,37.96245,23.68708,671022,shop_3,adult-cola,can,330ml,0.67,25834
1882,30/09/13,Athens,37.96245,23.68708,671022,shop_3,adult-cola,can,330ml,0.69,23942
1944,31/10/13,Athens,37.96245,23.68708,671022,shop_3,adult-cola,can,330ml,0.57,23612
2033,30/11/13,Athens,37.96245,23.68708,671022,shop_3,adult-cola,can,330ml,0.58,23162
2125,31/12/13,Athens,37.96245,23.68708,671022,shop_3,adult-cola,can,330ml,0.82,13055
2783,31/07/14,Athens,37.96245,23.68708,668203,shop_3,adult-cola,can,330ml,0.66,36256
2841,31/08/14,Athens,37.96245,23.68708,668203,shop_3,adult-cola,can,330ml,0.59,30902
2935,30/09/14,Athens,37.96245,23.68708,668203,shop_3,adult-cola,can,330ml,0.49,34982
3027,31/10/14,Athens,37.96245,23.68708,668203,shop_3,adult-cola,can,330ml,0.6,22826
3118,30/11/14,Athens,37.96245,23.68708,668203,shop_3,adult-cola,can,330ml,0.64,21045
3199,31/12/14,Athens,37.96245,23.68708,668203,shop_3,adult-cola,can,330ml,0.72,17895
3832,31/07/15,Athens,37.96245,23.68708,667237,shop_3,adult-cola,can,330ml,0.54,45899
3924,31/08/15,Athens,37.96245,23.68708,667237,shop_3,adult-cola,can,330ml,0.46,38767
4040,30/09/15,Athens,37.96245,23.68708,667237,shop_3,adult-cola,can,330ml,0.66,26855
4101,31/10/15,Athens,37.96245,23.68708,667237,shop_3,adult-cola,can,330ml,0.55,25302
4190,30/11/15,Athens,37.96245,23.68708,667237,shop_3,adult-cola,can,330ml,0.7,19298
4285,31/12/15,Athens,37.96245,23.68708,667237,shop_3,adult-cola,can,330ml,0.52,26803
4912,31/07/16,Athens,37.96245,23.68708,665102,shop_3,adult-cola,can,330ml,0.37,58567
5002,31/08/16,Athens,37.96245,23.68708,665102,shop_3,adult-cola,can,330ml,0.82,20581
5089,30/09/16,Athens,37.96245,23.68708,665102,shop_3,adult-cola,can,330ml,0.91,14780
5207,31/10/16,Athens,37.96245,23.68708,665102,shop_3,adult-cola,can,330ml,0.44,30204
5276,30/11/16,Athens,37.96245,23.68708,665102,shop_3,adult-cola,can,330ml,0.54,25916
5364,31/12/16,Athens,37.96245,23.68708,665102,shop_3,adult-cola,can,330ml,0.5,27756
5990,31/07/17,Athens,37.96245,23.68708,665871,shop_3,adult-cola,can,330ml,0.58,44522
6077,31/08/17,Athens,37.96245,23.68708,665871,shop_3,adult-cola,can,330ml,0.56,34742
6177,30/09/17,Athens,37.96245,23.68708,665871,shop_3,adult-cola,can,330ml,0.44,38859
6265,31/10/17,Athens,37.96245,23.68708,665871,shop_3,adult-cola,,330ml,0.93,11677
6352,30/11/17,Athens,37.96245,23.68708,665871,shop_3,adult-cola,can,330ml,0.6,24165
6464,31/12/17,Athens,37.96245,23.68708,665871,shop_3,adult-cola,can,330ml,0.69,20795
